Archive member included to satisfy reference by file (symbol)

/usr/lib/gcc/arm-none-eabi/13.2.1/../../../arm-none-eabi/lib/thumb/v7-m/nofp/libc.a(libc_a-strcmp.o)
                              build/src/cli.o (strcmp)
/usr/lib/gcc/arm-none-eabi/13.2.1/../../../arm-none-eabi/lib/thumb/v7-m/nofp/libc.a(libc_a-errno.o)
                              build/src/syscalls.o (__errno)
/usr/lib/gcc/arm-none-eabi/13.2.1/../../../arm-none-eabi/lib/thumb/v7-m/nofp/libc.a(libc_a-impure.o)
                              /usr/lib/gcc/arm-none-eabi/13.2.1/../../../arm-none-eabi/lib/thumb/v7-m/nofp/libc.a(libc_a-errno.o) (_impure_ptr)
/usr/lib/gcc/arm-none-eabi/13.2.1/../../../arm-none-eabi/lib/thumb/v7-m/nofp/libc.a(libc_a-findfp.o)
                              /usr/lib/gcc/arm-none-eabi/13.2.1/../../../arm-none-eabi/lib/thumb/v7-m/nofp/libc.a(libc_a-impure.o) (__sf)
/usr/lib/gcc/arm-none-eabi/13.2.1/../../../arm-none-eabi/lib/thumb/v7-m/nofp/libc.a(libc_a-sprintf.o)
                              build/src/cli.o (sprintf)
/usr/lib/gcc/arm-none-eabi/13.2.1/../../../arm-none-eabi/lib/thumb/v7-m/nofp/libc.a(libc_a-memset.o)
                              /usr/lib/gcc/arm-none-eabi/13.2.1/../../../arm-none-eabi/lib/thumb/v7-m/nofp/libc.a(libc_a-findfp.o) (memset)
/usr/lib/gcc/arm-none-eabi/13.2.1/../../../arm-none-eabi/lib/thumb/v7-m/nofp/libc.a(libc_a-fwalk.o)
                              /usr/lib/gcc/arm-none-eabi/13.2.1/../../../arm-none-eabi/lib/thumb/v7-m/nofp/libc.a(libc_a-findfp.o) (_fwalk_sglue)
/usr/lib/gcc/arm-none-eabi/13.2.1/../../../arm-none-eabi/lib/thumb/v7-m/nofp/libc.a(libc_a-svfprintf.o)
                              /usr/lib/gcc/arm-none-eabi/13.2.1/../../../arm-none-eabi/lib/thumb/v7-m/nofp/libc.a(libc_a-sprintf.o) (_svfprintf_r)
/usr/lib/gcc/arm-none-eabi/13.2.1/../../../arm-none-eabi/lib/thumb/v7-m/nofp/libc.a(libc_a-mallocr.o)
                              /usr/lib/gcc/arm-none-eabi/13.2.1/../../../arm-none-eabi/lib/thumb/v7-m/nofp/libc.a(libc_a-findfp.o) (_malloc_r)
/usr/lib/gcc/arm-none-eabi/13.2.1/../../../arm-none-eabi/lib/thumb/v7-m/nofp/libc.a(libc_a-dtoa.o)
                              /usr/lib/gcc/arm-none-eabi/13.2.1/../../../arm-none-eabi/lib/thumb/v7-m/nofp/libc.a(libc_a-svfprintf.o) (_dtoa_r)
/usr/lib/gcc/arm-none-eabi/13.2.1/../../../arm-none-eabi/lib/thumb/v7-m/nofp/libc.a(libc_a-freer.o)
                              /usr/lib/gcc/arm-none-eabi/13.2.1/../../../arm-none-eabi/lib/thumb/v7-m/nofp/libc.a(libc_a-mallocr.o) (_free_r)
/usr/lib/gcc/arm-none-eabi/13.2.1/../../../arm-none-eabi/lib/thumb/v7-m/nofp/libc.a(libc_a-fclose.o)
                              /usr/lib/gcc/arm-none-eabi/13.2.1/../../../arm-none-eabi/lib/thumb/v7-m/nofp/libc.a(libc_a-findfp.o) (_fclose_r)
/usr/lib/gcc/arm-none-eabi/13.2.1/../../../arm-none-eabi/lib/thumb/v7-m/nofp/libc.a(libc_a-memcpy.o)
                              /usr/lib/gcc/arm-none-eabi/13.2.1/../../../arm-none-eabi/lib/thumb/v7-m/nofp/libc.a(libc_a-dtoa.o) (memcpy)
/usr/lib/gcc/arm-none-eabi/13.2.1/../../../arm-none-eabi/lib/thumb/v7-m/nofp/libc.a(libc_a-sysconf.o)
                              /usr/lib/gcc/arm-none-eabi/13.2.1/../../../arm-none-eabi/lib/thumb/v7-m/nofp/libc.a(libc_a-mallocr.o) (sysconf)
/usr/lib/gcc/arm-none-eabi/13.2.1/../../../arm-none-eabi/lib/thumb/v7-m/nofp/libc.a(libc_a-stdio.o)
                              /usr/lib/gcc/arm-none-eabi/13.2.1/../../../arm-none-eabi/lib/thumb/v7-m/nofp/libc.a(libc_a-findfp.o) (__sread)
/usr/lib/gcc/arm-none-eabi/13.2.1/../../../arm-none-eabi/lib/thumb/v7-m/nofp/libc.a(libc_a-writer.o)
                              /usr/lib/gcc/arm-none-eabi/13.2.1/../../../arm-none-eabi/lib/thumb/v7-m/nofp/libc.a(libc_a-stdio.o) (_write_r)
/usr/lib/gcc/arm-none-eabi/13.2.1/../../../arm-none-eabi/lib/thumb/v7-m/nofp/libc.a(libc_a-mlock.o)
                              /usr/lib/gcc/arm-none-eabi/13.2.1/../../../arm-none-eabi/lib/thumb/v7-m/nofp/libc.a(libc_a-mallocr.o) (__malloc_lock)
/usr/lib/gcc/arm-none-eabi/13.2.1/../../../arm-none-eabi/lib/thumb/v7-m/nofp/libc.a(libc_a-ssprint_r.o)
                              /usr/lib/gcc/arm-none-eabi/13.2.1/../../../arm-none-eabi/lib/thumb/v7-m/nofp/libc.a(libc_a-svfprintf.o) (__ssprint_r)
/usr/lib/gcc/arm-none-eabi/13.2.1/../../../arm-none-eabi/lib/thumb/v7-m/nofp/libc.a(libc_a-strlen-stub.o)
                              /usr/lib/gcc/arm-none-eabi/13.2.1/../../../arm-none-eabi/lib/thumb/v7-m/nofp/libc.a(libc_a-svfprintf.o) (strlen)
/usr/lib/gcc/arm-none-eabi/13.2.1/../../../arm-none-eabi/lib/thumb/v7-m/nofp/libc.a(libc_a-sbrkr.o)
                              /usr/lib/gcc/arm-none-eabi/13.2.1/../../../arm-none-eabi/lib/thumb/v7-m/nofp/libc.a(libc_a-mallocr.o) (_sbrk_r)
/usr/lib/gcc/arm-none-eabi/13.2.1/../../../arm-none-eabi/lib/thumb/v7-m/nofp/libc.a(libc_a-closer.o)
                              /usr/lib/gcc/arm-none-eabi/13.2.1/../../../arm-none-eabi/lib/thumb/v7-m/nofp/libc.a(libc_a-stdio.o) (_close_r)
[...]
Memory Configuration

Name             Origin             Length             Attributes
FLASH            0x08000000         0x00040000         xr
RAM              0x20000000         0x0000c000         xrw
*default*        0x00000000         0xffffffff

Linker script and memory map

LOAD build/src/main.o
LOAD build/src/board.o
LOAD build/src/uart.o
LOAD build/src/i2c.o
LOAD build/src/codec.o
LOAD build/src/cli.o
LOAD build/src/syscalls.o
LOAD build/src/system_stm32f10x.o
LOAD build/lib/STM32F10x_StdPeriph_Lib_V3.6.0/Libraries/STM32F10x_StdPeriph_Driver/src/misc.o
LOAD build/lib/STM32F10x_StdPeriph_Lib_V3.6.0/Libraries/STM32F10x_StdPeriph_Driver/src/stm32f10x_gpio.o
LOAD build/lib/STM32F10x_StdPeriph_Lib_V3.6.0/Libraries/STM32F10x_StdPeriph_Driver/src/stm32f10x_rcc.o
LOAD build/lib/STM32F10x_StdPeriph_Lib_V3.6.0/Libraries/STM32F10x_StdPeriph_Driver/src/stm32f10x_spi.o
LOAD build/lib/STM32F10x_StdPeriph_Lib_V3.6.0/Libraries/STM32F10x_StdPeriph_Driver/src/stm32f10x_dma.o
LOAD build/lib/STM32F10x_StdPeriph_Lib_V3.6.0/Libraries/STM32F10x_StdPeriph_Driver/src/stm32f10x_usart.o
LOAD build/lib/STM32F10x_StdPeriph_Lib_V3.6.0/Libraries/STM32F10x_StdPeriph_Driver/src/stm32f10x_i2c.o
LOAD build/startup/startup_stm32f10x_hd.o
START GROUP
LOAD /usr/lib/gcc/arm-none-eabi/13.2.1/thumb/v7-m/nofp/libgcc.a
LOAD /usr/lib/gcc/arm-none-eabi/13.2.1/../../../arm-none-eabi/lib/thumb/v7-m/nofp/libc.a
END GROUP
                0x2000c000                        _estack = (ORIGIN (RAM) + LENGTH (RAM))

.isr_vector     0x08000000      0x1d4
 *(.isr_vector)
 .isr_vector    0x08000000      0x1d4 build/startup/startup_stm32f10x_hd.o
                0x08000000                g_pfnVectors

.text           0x080001d8     0x79fc
 *(.text*)
 .text.uart_hex32
                0x080001d8       0x24 build/src/main.o
 .text.startup.main
                0x080001fc      0x124 build/src/main.o
                0x080001fc                main
 .text.board_init
                0x08000320       0x38 build/src/board.o
                0x08000320                board_init
 .text.led_on   0x08000358       0x1c build/src/board.o
                0x08000358                led_on
 .text.led_off  0x08000374       0x1c build/src/board.o
                0x08000374                led_off
 .text.uart2_init
                0x08000390       0x70 build/src/uart.o
                0x08000390                uart2_init
 .text.uart2_available
                0x08000400       0x10 build/src/uart.o
                0x08000400                uart2_available
 .text.uart2_getc
                0x08000410        0xc build/src/uart.o
                0x08000410                uart2_getc
 .text.uart2_putc
                0x0800041c       0x10 build/src/uart.o
                0x0800041c                uart2_putc
 .text.uart2_print
                0x0800042c       0x12 build/src/uart.o
                0x0800042c                uart2_print
 *fill*         0x0800043e        0x2 
 .text.esp_uart_putc
                0x08000440       0x10 build/src/uart.o
                0x08000440                esp_uart_putc
 .text.esp_uart_print
                0x08000450       0x12 build/src/uart.o
                0x08000450                esp_uart_print
 *fill*         0x08000462        0x2 
 .text.i2c1_wait_flag
                0x08000464       0x20 build/src/i2c.o
 .text.i2c1_probe
                0x08000484       0xb8 build/src/i2c.o
                0x08000484                i2c1_probe
 .text.i2c1_write
                0x0800053c       0x90 build/src/i2c.o
                0x0800053c                i2c1_write
 .text.i2c1_read
                0x080005cc       0xd4 build/src/i2c.o
                0x080005cc                i2c1_read
 .text.print_hex8
                0x080006a0       0x20 build/src/codec.o
 .text.codec_apply_av6301_profile
                0x080006c0       0x34 build/src/codec.o
                0x080006c0                codec_apply_av6301_profile
 .text.codec_dump_profile
                0x080006f4       0xb0 build/src/codec.o
                0x080006f4                codec_dump_profile
 .text.cli_init
                0x080007a4        0xc build/src/cli.o
                0x080007a4                cli_init
 .text.cli_task
                0x080007b0      0x2d0 build/src/cli.o
                0x080007b0                cli_task
 .text._sbrk    0x08000a80       0x38 build/src/syscalls.o
                0x08000a80                _sbrk
 .text._write   0x08000ab8       0x34 build/src/syscalls.o
                0x08000ab8                _write
 .text._close   0x08000aec        0x6 build/src/syscalls.o
                0x08000aec                _close
 .text._fstat   0x08000af2        0x4 build/src/syscalls.o
                0x08000af2                _fstat
 .text._isatty  0x08000af6        0xc build/src/syscalls.o
                0x08000af6                _isatty
 .text._lseek   0x08000b02        0x4 build/src/syscalls.o
                0x08000b02                _lseek
 .text._read    0x08000b06       0x10 build/src/syscalls.o
                0x08000b06                _read
 .text._exit    0x08000b16        0x2 build/src/syscalls.o
                0x08000b16                _exit
 .text._kill    0x08000b18       0x10 build/src/syscalls.o
                0x08000b18                _kill
 .text._getpid  0x08000b28        0x4 build/src/syscalls.o
                0x08000b28                _getpid
 .text.SystemInit
                0x08000b2c       0xf0 build/src/system_stm32f10x.o
                0x08000b2c                SystemInit
 .text.GPIO_Init
                0x08000c1c       0x94 build/lib/STM32F10x_StdPeriph_Lib_V3.6.0/Libraries/STM32F10x_StdPeriph_Driver/src/stm32f10x_gpio.o
                0x08000c1c                GPIO_Init
 .text.GPIO_SetBits
                0x08000cb0        0x4 build/lib/STM32F10x_StdPeriph_Lib_V3.6.0/Libraries/STM32F10x_StdPeriph_Driver/src/stm32f10x_gpio.o
                0x08000cb0                GPIO_SetBits
 .text.GPIO_ResetBits
                0x08000cb4        0x4 build/lib/STM32F10x_StdPeriph_Lib_V3.6.0/Libraries/STM32F10x_StdPeriph_Driver/src/stm32f10x_gpio.o
                0x08000cb4                GPIO_ResetBits
 .text.RCC_GetClocksFreq
                0x08000cb8       0x80 build/lib/STM32F10x_StdPeriph_Lib_V3.6.0/Libraries/STM32F10x_StdPeriph_Driver/src/stm32f10x_rcc.o
                0x08000cb8                RCC_GetClocksFreq
 .text.RCC_APB2PeriphClockCmd
                0x08000d38       0x18 build/lib/STM32F10x_StdPeriph_Lib_V3.6.0/Libraries/STM32F10x_StdPeriph_Driver/src/stm32f10x_rcc.o
                0x08000d38                RCC_APB2PeriphClockCmd
 .text.RCC_APB1PeriphClockCmd
                0x08000d50       0x18 build/lib/STM32F10x_StdPeriph_Lib_V3.6.0/Libraries/STM32F10x_StdPeriph_Driver/src/stm32f10x_rcc.o
                0x08000d50                RCC_APB1PeriphClockCmd
 .text.USART_Init
                0x08000d68       0xa4 build/lib/STM32F10x_StdPeriph_Lib_V3.6.0/Libraries/STM32F10x_StdPeriph_Driver/src/stm32f10x_usart.o
                0x08000d68                USART_Init
 .text.USART_Cmd
                0x08000e0c       0x18 build/lib/STM32F10x_StdPeriph_Lib_V3.6.0/Libraries/STM32F10x_StdPeriph_Driver/src/stm32f10x_usart.o
                0x08000e0c                USART_Cmd
 .text.I2C_Cmd  0x08000e24       0x18 build/lib/STM32F10x_StdPeriph_Lib_V3.6.0/Libraries/STM32F10x_StdPeriph_Driver/src/stm32f10x_i2c.o
                0x08000e24                I2C_Cmd
 .text.I2C_GenerateSTART
                0x08000e3c       0x18 build/lib/STM32F10x_StdPeriph_Lib_V3.6.0/Libraries/STM32F10x_StdPeriph_Driver/src/stm32f10x_i2c.o
                0x08000e3c                I2C_GenerateSTART
 .text.I2C_GenerateSTOP
                0x08000e54       0x18 build/lib/STM32F10x_StdPeriph_Lib_V3.6.0/Libraries/STM32F10x_StdPeriph_Driver/src/stm32f10x_i2c.o
                0x08000e54                I2C_GenerateSTOP
 .text.I2C_AcknowledgeConfig
                0x08000e6c       0x18 build/lib/STM32F10x_StdPeriph_Lib_V3.6.0/Libraries/STM32F10x_StdPeriph_Driver/src/stm32f10x_i2c.o
                0x08000e6c                I2C_AcknowledgeConfig
 .text.I2C_SendData
                0x08000e84        0x4 build/lib/STM32F10x_StdPeriph_Lib_V3.6.0/Libraries/STM32F10x_StdPeriph_Driver/src/stm32f10x_i2c.o
                0x08000e84                I2C_SendData
 .text.I2C_ReceiveData
                0x08000e88        0x6 build/lib/STM32F10x_StdPeriph_Lib_V3.6.0/Libraries/STM32F10x_StdPeriph_Driver/src/stm32f10x_i2c.o
                0x08000e88                I2C_ReceiveData
 .text.I2C_Send7bitAddress
                0x08000e8e       0x10 build/lib/STM32F10x_StdPeriph_Lib_V3.6.0/Libraries/STM32F10x_StdPeriph_Driver/src/stm32f10x_i2c.o
                0x08000e8e                I2C_Send7bitAddress
 .text.I2C_SoftwareResetCmd
                0x08000e9e       0x18 build/lib/STM32F10x_StdPeriph_Lib_V3.6.0/Libraries/STM32F10x_StdPeriph_Driver/src/stm32f10x_i2c.o
                0x08000e9e                I2C_SoftwareResetCmd
 .text.I2C_ClearFlag
                0x08000eb6        0x8 build/lib/STM32F10x_StdPeriph_Lib_V3.6.0/Libraries/STM32F10x_StdPeriph_Driver/src/stm32f10x_i2c.o
                0x08000eb6                I2C_ClearFlag
 *fill*         0x08000ebe        0x2 
 .text.Reset_Handler
                0x08000ec0       0x44 build/startup/startup_stm32f10x_hd.o
                0x08000ec0                Reset_Handler
 .text.Default_Handler
                0x08000f04        0x2 build/startup/startup_stm32f10x_hd.o
                0x08000f04                EXTI2_IRQHandler
                0x08000f04                TIM8_TRG_COM_IRQHandler
                0x08000f04                TIM8_CC_IRQHandler
                0x08000f04                DebugMon_Handler
                0x08000f04                TIM1_CC_IRQHandler
                0x08000f04                HardFault_Handler
                0x08000f04                TIM6_IRQHandler
                0x08000f04                SysTick_Handler
                0x08000f04                PVD_IRQHandler
                0x08000f04                SDIO_IRQHandler
                0x08000f04                PendSV_Handler
                0x08000f04                NMI_Handler
                0x08000f04                EXTI3_IRQHandler
                0x08000f04                EXTI0_IRQHandler
                0x08000f04                I2C2_EV_IRQHandler
                0x08000f04                UsageFault_Handler
                0x08000f04                ADC1_2_IRQHandler
                0x08000f04                SPI1_IRQHandler
                0x08000f04                TAMPER_IRQHandler
                0x08000f04                TIM8_UP_IRQHandler
                0x08000f04                DMA2_Channel2_IRQHandler
                0x08000f04                DMA1_Channel4_IRQHandler
                0x08000f04                USART3_IRQHandler
                0x08000f04                RTC_IRQHandler
                0x08000f04                DMA1_Channel7_IRQHandler
                0x08000f04                CAN1_RX1_IRQHandler
                0x08000f04                UART5_IRQHandler
                0x08000f04                ADC3_IRQHandler
                0x08000f04                TIM4_IRQHandler
                0x08000f04                DMA2_Channel1_IRQHandler
                0x08000f04                I2C1_EV_IRQHandler
                0x08000f04                DMA1_Channel6_IRQHandler
                0x08000f04                UART4_IRQHandler
                0x08000f04                TIM3_IRQHandler
                0x08000f04                RCC_IRQHandler
                0x08000f04                TIM1_TRG_COM_IRQHandler
                0x08000f04                DMA1_Channel1_IRQHandler
                0x08000f04                Default_Handler
                0x08000f04                EXTI15_10_IRQHandler
                0x08000f04                TIM7_IRQHandler
                0x08000f04                TIM5_IRQHandler
                0x08000f04                EXTI9_5_IRQHandler
                0x08000f04                SPI2_IRQHandler
                0x08000f04                MemManage_Handler
                0x08000f04                SVC_Handler
                0x08000f04                DMA1_Channel5_IRQHandler
                0x08000f04                EXTI4_IRQHandler
                0x08000f04                USB_LP_CAN1_RX0_IRQHandler
                0x08000f04                USB_HP_CAN1_TX_IRQHandler
                0x08000f04                DMA1_Channel3_IRQHandler
                0x08000f04                FSMC_IRQHandler
                0x08000f04                TIM1_UP_IRQHandler
                0x08000f04                WWDG_IRQHandler
                0x08000f04                TIM2_IRQHandler
                0x08000f04                TIM1_BRK_IRQHandler
                0x08000f04                EXTI1_IRQHandler
                0x08000f04                RTCAlarm_IRQHandler
                0x08000f04                DMA2_Channel4_5_IRQHandler
                0x08000f04                USART2_IRQHandler
                0x08000f04                I2C2_ER_IRQHandler
                0x08000f04                DMA1_Channel2_IRQHandler
                0x08000f04                TIM8_BRK_IRQHandler
                0x08000f04                CAN1_SCE_IRQHandler
                0x08000f04                FLASH_IRQHandler
                0x08000f04                BusFault_Handler
                0x08000f04                USART1_IRQHandler
                0x08000f04                SPI3_IRQHandler
                0x08000f04                I2C1_ER_IRQHandler
                0x08000f04                USBWakeUp_IRQHandler
                0x08000f04                DMA2_Channel3_IRQHandler
 *fill*         0x08000f06        0x2 
 .text          0x08000f08      0x1bc /usr/lib/gcc/arm-none-eabi/13.2.1/../../../arm-none-eabi/lib/thumb/v7-m/nofp/libc.a(libc_a-strcmp.o)
                0x08000f08                strcmp
 .text          0x080010c4        0xc /usr/lib/gcc/arm-none-eabi/13.2.1/../../../arm-none-eabi/lib/thumb/v7-m/nofp/libc.a(libc_a-errno.o)
                0x080010c4                __errno
 .text          0x080010d0      0x224 /usr/lib/gcc/arm-none-eabi/13.2.1/../../../arm-none-eabi/lib/thumb/v7-m/nofp/libc.a(libc_a-findfp.o)
                0x08001200                __sfp
                0x080012a4                __sinit
                0x080012c4                __sfp_lock_acquire
                0x080012c8                __sfp_lock_release
                0x080012cc                __fp_lock_all
                0x080012e0                __fp_unlock_all
 .text          0x080012f4       0x80 /usr/lib/gcc/arm-none-eabi/13.2.1/../../../arm-none-eabi/lib/thumb/v7-m/nofp/libc.a(libc_a-sprintf.o)
                0x080012f4                _sprintf_r
                0x08001330                sprintf
 .text          0x08001374       0xa0 /usr/lib/gcc/arm-none-eabi/13.2.1/../../../arm-none-eabi/lib/thumb/v7-m/nofp/libc.a(libc_a-memset.o)
                0x08001374                memset
 .text          0x08001414       0x44 /usr/lib/gcc/arm-none-eabi/13.2.1/../../../arm-none-eabi/lib/thumb/v7-m/nofp/libc.a(libc_a-fwalk.o)
                0x08001414                _fwalk_sglue
 .text          0x08001458     0x1410 /usr/lib/gcc/arm-none-eabi/13.2.1/../../../arm-none-eabi/lib/thumb/v7-m/nofp/libc.a(libc_a-svfprintf.o)
                0x08001458                _svfprintf_r
 .text          0x08002868      0x55c /usr/lib/gcc/arm-none-eabi/13.2.1/../../../arm-none-eabi/lib/thumb/v7-m/nofp/libc.a(libc_a-mallocr.o)
                0x08002868                _malloc_r
 *fill*         0x08002dc4        0x4 
 .text          0x08002dc8      0xfd4 /usr/lib/gcc/arm-none-eabi/13.2.1/../../../arm-none-eabi/lib/thumb/v7-m/nofp/libc.a(libc_a-dtoa.o)
                0x08002f04                _dtoa_r
 .text          0x08003d9c      0x2b0 /usr/lib/gcc/arm-none-eabi/13.2.1/../../../arm-none-eabi/lib/thumb/v7-m/nofp/libc.a(libc_a-freer.o)
                0x08003d9c                _malloc_trim_r
                0x08003e54                _free_r
 .text          0x0800404c       0x90 /usr/lib/gcc/arm-none-eabi/13.2.1/../../../arm-none-eabi/lib/thumb/v7-m/nofp/libc.a(libc_a-fclose.o)
                0x0800404c                _fclose_r
                0x080040cc                fclose
 .text          0x080040dc       0xec /usr/lib/gcc/arm-none-eabi/13.2.1/../../../arm-none-eabi/lib/thumb/v7-m/nofp/libc.a(libc_a-memcpy.o)
                0x080040dc                memcpy
 .text          0x080041c8       0x1c /usr/lib/gcc/arm-none-eabi/13.2.1/../../../arm-none-eabi/lib/thumb/v7-m/nofp/libc.a(libc_a-sysconf.o)
                0x080041c8                sysconf
 .text          0x080041e4       0x94 /usr/lib/gcc/arm-none-eabi/13.2.1/../../../arm-none-eabi/lib/thumb/v7-m/nofp/libc.a(libc_a-stdio.o)
                0x080041e4                __sread
                0x08004208                __seofread
                0x0800420c                __swrite
                0x0800424c                __sseek
                0x08004270                __sclose
 .text          0x08004278       0x2c /usr/lib/gcc/arm-none-eabi/13.2.1/../../../arm-none-eabi/lib/thumb/v7-m/nofp/libc.a(libc_a-writer.o)
                0x08004278                _write_r
 .text          0x080042a4        0x8 /usr/lib/gcc/arm-none-eabi/13.2.1/../../../arm-none-eabi/lib/thumb/v7-m/nofp/libc.a(libc_a-mlock.o)
                0x080042a4                __malloc_lock
                0x080042a8                __malloc_unlock
 .text          0x080042ac       0x58 /usr/lib/gcc/arm-none-eabi/13.2.1/../../../arm-none-eabi/lib/thumb/v7-m/nofp/libc.a(libc_a-ssprint_r.o)
                0x080042ac                __ssprint_r
 .text          0x08004304       0x5c /usr/lib/gcc/arm-none-eabi/13.2.1/../../../arm-none-eabi/lib/thumb/v7-m/nofp/libc.a(libc_a-strlen-stub.o)
                0x08004304                strlen
 .text          0x08004360       0x24 /usr/lib/gcc/arm-none-eabi/13.2.1/../../../arm-none-eabi/lib/thumb/v7-m/nofp/libc.a(libc_a-sbrkr.o)
                0x08004360                _sbrk_r
 .text          0x08004384       0x24 /usr/lib/gcc/arm-none-eabi/13.2.1/../../../arm-none-eabi/lib/thumb/v7-m/nofp/libc.a(libc_a-closer.o)
                0x08004384                _close_r
 .text          0x080043a8       0x4c /usr/lib/gcc/arm-none-eabi/13.2.1/../../../arm-none-eabi/lib/thumb/v7-m/nofp/libc.a(libc_a-assert.o)
                0x080043a8                __assert_func
                0x080043e8                __assert
 .text          0x080043f4      0xa78 /usr/lib/gcc/arm-none-eabi/13.2.1/../../../arm-none-eabi/lib/thumb/v7-m/nofp/libc.a(libc_a-mprec.o)
                0x080043f4                _Balloc
                0x08004440                _Bfree
                0x08004454                __multadd
                0x080044f8                __s2b
                0x080045a8                __hi0bits
                0x080045ec                __lo0bits
                0x08004648                __i2b
                0x080046a4                __multiply
                0x08004808                __pow5mult
                0x080048bc                __lshift
                0x080049a8                __mcmp
                0x080049e8                __mdiff
                0x08004b60                __ulp
                0x08004bb0                __b2d
                0x08004c64                __d2b
                0x08004d20                __ratio
                0x08004d7c                _mprec_log10
                0x08004db4                __copybits
                0x08004e14                __any_on
 .text          0x08004e6c       0x98 /usr/lib/gcc/arm-none-eabi/13.2.1/../../../arm-none-eabi/lib/thumb/v7-m/nofp/libc.a(libc_a-memchr-stub.o)
                0x08004e6c                memchr
 .text          0x08004f04       0x14 /usr/lib/gcc/arm-none-eabi/13.2.1/../../../arm-none-eabi/lib/thumb/v7-m/nofp/libc.a(libc_a-localeconv.o)
                0x08004f04                __localeconv_l
                0x08004f08                _localeconv_r
                0x08004f10                localeconv
 .text          0x08004f18       0x40 /usr/lib/gcc/arm-none-eabi/13.2.1/../../../arm-none-eabi/lib/thumb/v7-m/nofp/libc.a(libc_a-mbtowc_r.o)
                0x08004f18                _mbtowc_r
                0x08004f2c                __ascii_mbtowc
 .text          0x08004f58      0x19c /usr/lib/gcc/arm-none-eabi/13.2.1/../../../arm-none-eabi/lib/thumb/v7-m/nofp/libc.a(libc_a-fflush.o)
                0x08004f58                __sflush_r
                0x08005080                _fflush_r
                0x080050ac                fflush
 .text          0x080050f4       0x10 /usr/lib/gcc/arm-none-eabi/13.2.1/../../../arm-none-eabi/lib/thumb/v7-m/nofp/libc.a(libc_a-abort.o)
                0x080050f4                abort
 .text          0x08005104       0x6c /usr/lib/gcc/arm-none-eabi/13.2.1/../../../arm-none-eabi/lib/thumb/v7-m/nofp/libc.a(libc_a-callocr.o)
                0x08005104                _calloc_r
 .text          0x08005170       0xc0 /usr/lib/gcc/arm-none-eabi/13.2.1/../../../arm-none-eabi/lib/thumb/v7-m/nofp/libc.a(libc_a-ssputs_r.o)
                0x08005170                __ssputs_r
 .text          0x08005230       0x2c /usr/lib/gcc/arm-none-eabi/13.2.1/../../../arm-none-eabi/lib/thumb/v7-m/nofp/libc.a(libc_a-readr.o)
                0x08005230                _read_r
 .text          0x0800525c       0x44 /usr/lib/gcc/arm-none-eabi/13.2.1/../../../arm-none-eabi/lib/thumb/v7-m/nofp/libc.a(libc_a-fiprintf.o)
                0x0800525c                _fiprintf_r
                0x08005278                fiprintf
 .text          0x080052a0       0x30 /usr/lib/gcc/arm-none-eabi/13.2.1/../../../arm-none-eabi/lib/thumb/v7-m/nofp/libc.a(libc_a-wctomb_r.o)
                0x080052a0                _wctomb_r
                0x080052b4                __ascii_wctomb
 .text          0x080052d0       0x2c /usr/lib/gcc/arm-none-eabi/13.2.1/../../../arm-none-eabi/lib/thumb/v7-m/nofp/libc.a(libc_a-lseekr.o)
                0x080052d0                _lseek_r
 .text          0x080052fc      0x34c /usr/lib/gcc/arm-none-eabi/13.2.1/../../../arm-none-eabi/lib/thumb/v7-m/nofp/libc.a(libc_a-reallocr.o)
                0x080052fc                _realloc_r
 .text          0x08005648      0x284 /usr/lib/gcc/arm-none-eabi/13.2.1/../../../arm-none-eabi/lib/thumb/v7-m/nofp/libc.a(libc_a-signal.o)
                0x08005648                _init_signal_r
                0x08005678                _signal_r
                0x080056c8                _raise_r
                0x0800571c                __sigtramp_r
                0x08005784                raise
                0x080057dc                signal
                0x0800582c                _init_signal
                0x08005864                __sigtramp
 .text          0x080058cc       0x2c /usr/lib/gcc/arm-none-eabi/13.2.1/../../../arm-none-eabi/lib/thumb/v7-m/nofp/libc.a(libc_a-signalr.o)
                0x080058cc                _kill_r
                0x080058f4                _getpid_r
 .text          0x080058f8       0xfc /usr/lib/gcc/arm-none-eabi/13.2.1/../../../arm-none-eabi/lib/thumb/v7-m/nofp/libc.a(libc_a-memmove.o)
                0x080058f8                memmove
 .text          0x080059f4      0xb50 /usr/lib/gcc/arm-none-eabi/13.2.1/../../../arm-none-eabi/lib/thumb/v7-m/nofp/libc.a(libc_a-vfiprintf.o)
                0x080059f4                _vfiprintf_r
                0x080064bc                vfiprintf
 .text          0x08006544       0xc4 /usr/lib/gcc/arm-none-eabi/13.2.1/../../../arm-none-eabi/lib/thumb/v7-m/nofp/libc.a(libc_a-wsetup.o)
                0x08006544                __swsetup_r
 .text          0x08006608       0x20 /usr/lib/gcc/arm-none-eabi/13.2.1/../../../arm-none-eabi/lib/thumb/v7-m/nofp/libc.a(libc_a-sprint_r.o)
                0x08006608                __sprint_r
 .text          0x08006628      0x13c /usr/lib/gcc/arm-none-eabi/13.2.1/../../../arm-none-eabi/lib/thumb/v7-m/nofp/libc.a(libc_a-makebuf.o)
                0x08006628                __smakebuf_r
                0x08006704                __swhatbuf_r
 .text          0x08006764       0x28 /usr/lib/gcc/arm-none-eabi/13.2.1/../../../arm-none-eabi/lib/thumb/v7-m/nofp/libc.a(libc_a-fstatr.o)
                0x08006764                _fstat_r
 .text          0x0800678c       0x24 /usr/lib/gcc/arm-none-eabi/13.2.1/../../../arm-none-eabi/lib/thumb/v7-m/nofp/libc.a(libc_a-isattyr.o)
                0x0800678c                _isatty_r
 .text          0x080067b0      0x2ec /usr/lib/gcc/arm-none-eabi/13.2.1/../../../arm-none-eabi/lib/thumb/v7-m/nofp/libc.a(libc_a-fvwrite.o)
                0x080067b0                __sfvwrite_r
 .text          0x08006a9c      0x378 /usr/lib/gcc/arm-none-eabi/13.2.1/thumb/v7-m/nofp/libgcc.a(_arm_addsubdf3.o)
                0x08006a9c                __aeabi_drsub
                0x08006aa4                __aeabi_dsub
                0x08006aa4                __subdf3
                0x08006aa8                __adddf3
                0x08006aa8                __aeabi_dadd
                0x08006d20                __aeabi_ui2d
                0x08006d20                __floatunsidf
                0x08006d40                __floatsidf
                0x08006d40                __aeabi_i2d
                0x08006d64                __extendsfdf2
                0x08006d64                __aeabi_f2d
                0x08006da8                __aeabi_ul2d
                0x08006da8                __floatundidf
                0x08006db8                __floatdidf
                0x08006db8                __aeabi_l2d
 .text          0x08006e14      0x424 /usr/lib/gcc/arm-none-eabi/13.2.1/thumb/v7-m/nofp/libgcc.a(_arm_muldivdf3.o)
                0x08006e14                __aeabi_dmul
                0x08006e14                __muldf3
                0x08007068                __aeabi_ddiv
                0x08007068                __divdf3
 .text          0x08007238      0x110 /usr/lib/gcc/arm-none-eabi/13.2.1/thumb/v7-m/nofp/libgcc.a(_arm_cmpdf2.o)
                0x08007238                __gtdf2
                0x08007238                __gedf2
                0x08007240                __ltdf2
                0x08007240                __ledf2
                0x08007248                __cmpdf2
                0x08007248                __eqdf2
                0x08007248                __nedf2
                0x080072c4                __aeabi_cdrcmple
                0x080072d4                __aeabi_cdcmple
                0x080072d4                __aeabi_cdcmpeq
                0x080072e4                __aeabi_dcmpeq
                0x080072f8                __aeabi_dcmplt
                0x0800730c                __aeabi_dcmple
                0x08007320                __aeabi_dcmpge
                0x08007334                __aeabi_dcmpgt
 .text          0x08007348       0x2c /usr/lib/gcc/arm-none-eabi/13.2.1/thumb/v7-m/nofp/libgcc.a(_arm_unorddf2.o)
                0x08007348                __aeabi_dcmpun
                0x08007348                __unorddf2
 .text          0x08007374       0x50 /usr/lib/gcc/arm-none-eabi/13.2.1/thumb/v7-m/nofp/libgcc.a(_arm_fixdfsi.o)
                0x08007374                __fixdfsi
                0x08007374                __aeabi_d2iz
 *(.rodata*)
 .rodata.main.str1.1
                0x080073c4      0x430 build/src/main.o
                                0x163 (size before relaxing)
 .rodata.hex.0  0x080077f4       0x11 build/src/main.o
 .rodata.codec_dump_profile.str1.1
                0x08007805       0xae build/src/codec.o
 .rodata.hex.0  0x08007805       0x11 build/src/codec.o
 .rodata.regs.1
                0x08007816        0x9 build/src/codec.o
 .rodata.av6301_profile
                0x0800781f        0xa build/src/codec.o
 .rodata.cli_task.str1.1
                0x08007829      0x26e build/src/cli.o
 .rodata.hex.1  0x08007829       0x11 build/src/cli.o
 .rodata.ADCPrescTable
                0x0800783a        0x4 build/lib/STM32F10x_StdPeriph_Lib_V3.6.0/Libraries/STM32F10x_StdPeriph_Driver/src/stm32f10x_rcc.o
 .rodata.APBAHBPrescTable
                0x0800783e       0x10 build/lib/STM32F10x_StdPeriph_Lib_V3.6.0/Libraries/STM32F10x_StdPeriph_Driver/src/stm32f10x_rcc.o
 *fill*         0x0800784e        0x2 
 .rodata.str1.4
                0x08007850      0x112 /usr/lib/gcc/arm-none-eabi/13.2.1/../../../arm-none-eabi/lib/thumb/v7-m/nofp/libc.a(libc_a-svfprintf.o)
                                 0x42 (size before relaxing)
 *fill*         0x08007962        0x2 
 .rodata        0x08007964       0x20 /usr/lib/gcc/arm-none-eabi/13.2.1/../../../arm-none-eabi/lib/thumb/v7-m/nofp/libc.a(libc_a-svfprintf.o)
 .rodata.str1.4
                0x08007984       0x54 /usr/lib/gcc/arm-none-eabi/13.2.1/../../../arm-none-eabi/lib/thumb/v7-m/nofp/libc.a(libc_a-dtoa.o)
 .rodata.str1.4
                0x08007984       0x43 /usr/lib/gcc/arm-none-eabi/13.2.1/../../../arm-none-eabi/lib/thumb/v7-m/nofp/libc.a(libc_a-assert.o)
 .rodata.str1.4
                0x08007984       0x41 /usr/lib/gcc/arm-none-eabi/13.2.1/../../../arm-none-eabi/lib/thumb/v7-m/nofp/libc.a(libc_a-mprec.o)
 *fill*         0x08007984        0x4 
 .rodata        0x08007988      0x128 /usr/lib/gcc/arm-none-eabi/13.2.1/../../../arm-none-eabi/lib/thumb/v7-m/nofp/libc.a(libc_a-mprec.o)
                0x08007998                __mprec_tens
                0x08007a60                __mprec_tinytens
                0x08007a88                __mprec_bigtens
 .rodata.str1.4
                0x08007ab0       0x12 /usr/lib/gcc/arm-none-eabi/13.2.1/../../../arm-none-eabi/lib/thumb/v7-m/nofp/libc.a(libc_a-locale.o)
 .rodata        0x08007ab0      0x101 /usr/lib/gcc/arm-none-eabi/13.2.1/../../../arm-none-eabi/lib/thumb/v7-m/nofp/libc.a(libc_a-ctype_.o)
                0x08007ab0                _ctype_
 .rodata.str1.4
                0x08007bb1       0x2f /usr/lib/gcc/arm-none-eabi/13.2.1/../../../arm-none-eabi/lib/thumb/v7-m/nofp/libc.a(libc_a-vfiprintf.o)
 *fill*         0x08007bb1        0x3 
 .rodata        0x08007bb4       0x20 /usr/lib/gcc/arm-none-eabi/13.2.1/../../../arm-none-eabi/lib/thumb/v7-m/nofp/libc.a(libc_a-vfiprintf.o)
 *(.init)
 *(.fini)

.glue_7         0x08007bd4        0x0
 .glue_7        0x08007bd4        0x0 linker stubs

.glue_7t        0x08007bd4        0x0
 .glue_7t       0x08007bd4        0x0 linker stubs

.vfp11_veneer   0x08007bd4        0x0
 .vfp11_veneer  0x08007bd4        0x0 linker stubs

.v4_bx          0x08007bd4        0x0
 .v4_bx         0x08007bd4        0x0 linker stubs

.iplt           0x08007bd4        0x0
 .iplt          0x08007bd4        0x0 build/src/main.o

.ARM.exidx      0x08007bd4        0x8
 *(.ARM.exidx*)
 .ARM.exidx     0x08007bd4        0x8 /usr/lib/gcc/arm-none-eabi/13.2.1/../../../arm-none-eabi/lib/thumb/v7-m/nofp/libc.a(libc_a-strcmp.o)
 .ARM.exidx     0x08007bdc        0x0 /usr/lib/gcc/arm-none-eabi/13.2.1/../../../arm-none-eabi/lib/thumb/v7-m/nofp/libc.a(libc_a-memcpy.o)
                                  0x8 (size before relaxing)

.rel.dyn        0x08007bdc        0x0
 .rel.iplt      0x08007bdc        0x0 build/src/main.o

.data           0x20000000      0x6b4 load address 0x08007bdc
                0x08007bdc                        _sidata = LOADADDR (.data)
                0x20000000                        _sdata = .
 *(.data*)
 .data          0x20000000      0x128 /usr/lib/gcc/arm-none-eabi/13.2.1/../../../arm-none-eabi/lib/thumb/v7-m/nofp/libc.a(libc_a-impure.o)
                0x20000000                _impure_ptr
                0x20000008                _impure_data
 .data          0x20000128        0xc /usr/lib/gcc/arm-none-eabi/13.2.1/../../../arm-none-eabi/lib/thumb/v7-m/nofp/libc.a(libc_a-findfp.o)
                0x20000128                __sglue
 *fill*         0x20000134        0x4 
 .data          0x20000138      0x410 /usr/lib/gcc/arm-none-eabi/13.2.1/../../../arm-none-eabi/lib/thumb/v7-m/nofp/libc.a(libc_a-mallocr.o)
                0x20000138                __malloc_av_
                0x20000540                __malloc_sbrk_base
                0x20000544                __malloc_trim_threshold
 .data          0x20000548      0x16c /usr/lib/gcc/arm-none-eabi/13.2.1/../../../arm-none-eabi/lib/thumb/v7-m/nofp/libc.a(libc_a-locale.o)
                0x20000548                __global_locale
                0x200006b4                        _edata = .

.igot.plt       0x200006b4        0x0 load address 0x08008290
 .igot.plt      0x200006b4        0x0 build/src/main.o

.bss            0x200006b4      0x1c0 load address 0x08008290
                0x200006b4                        _sbss = .
 *(.bss*)
 .bss.led_state
                0x200006b4        0x1 build/src/board.o
 *fill*         0x200006b5        0x3 
 .bss.line_index
                0x200006b8        0x4 build/src/cli.o
 .bss.line      0x200006bc       0x40 build/src/cli.o
 .bss.heap_end  0x200006fc        0x4 build/src/syscalls.o
 .bss           0x20000700      0x13c /usr/lib/gcc/arm-none-eabi/13.2.1/../../../arm-none-eabi/lib/thumb/v7-m/nofp/libc.a(libc_a-findfp.o)
                0x20000700                __sf
                0x20000838                __stdio_exit_handler
 .bss           0x2000083c       0x34 /usr/lib/gcc/arm-none-eabi/13.2.1/../../../arm-none-eabi/lib/thumb/v7-m/nofp/libc.a(libc_a-mallocr.o)
                0x2000083c                __malloc_top_pad
                0x20000840                __malloc_current_mallinfo
                0x20000868                __malloc_max_sbrked_mem
                0x2000086c                __malloc_max_total_mem
 .bss           0x20000870        0x4 /usr/lib/gcc/arm-none-eabi/13.2.1/../../../arm-none-eabi/lib/thumb/v7-m/nofp/libc.a(libc_a-reent.o)
                0x20000870                errno
 *(COMMON)
                0x20000874                        _ebss = .
                0x20000874                        _end = .
OUTPUT(build/audio_controller.elf elf32-littlearm)
LOAD linker stubs

.debug_info     0x00000000    0x206ff
 .debug_info    0x00000000      0x4c4 build/src/main.o
 .debug_info    0x000004c4      0x337 build/src/board.o
 .debug_info    0x000007fb      0x5ec build/src/uart.o
 .debug_info    0x00000de7      0xaa9 build/src/i2c.o
 .debug_info    0x00001890      0x371 build/src/codec.o
 .debug_info    0x00001c01      0x960 build/src/cli.o
 .debug_info    0x00002561      0x477 build/src/syscalls.o
 .debug_info    0x000029d8      0x428 build/src/system_stm32f10x.o
 .debug_info    0x00002e00      0x7f4 build/lib/STM32F10x_StdPeriph_Lib_V3.6.0/Libraries/STM32F10x_StdPeriph_Driver/src/stm32f10x_gpio.o
 .debug_info    0x000035f4      0x89c build/lib/STM32F10x_StdPeriph_Lib_V3.6.0/Libraries/STM32F10x_StdPeriph_Driver/src/stm32f10x_rcc.o
 .debug_info    0x00003e90      0xb03 build/lib/STM32F10x_StdPeriph_Lib_V3.6.0/Libraries/STM32F10x_StdPeriph_Driver/src/stm32f10x_usart.o
 .debug_info    0x00004993      0xb80 build/lib/STM32F10x_StdPeriph_Lib_V3.6.0/Libraries/STM32F10x_StdPeriph_Driver/src/stm32f10x_i2c.o
 .debug_info    0x00005513       0x30 build/startup/startup_stm32f10x_hd.o
 .debug_info    0x00005543       0x33 /usr/lib/gcc/arm-none-eabi/13.2.1/../../../arm-none-eabi/lib/thumb/v7-m/nofp/libc.a(libc_a-strcmp.o)
 .debug_info    0x00005576      0x70f /usr/lib/gcc/arm-none-eabi/13.2.1/../../../arm-none-eabi/lib/thumb/v7-m/nofp/libc.a(libc_a-errno.o)
 .debug_info    0x00005c85      0x729 /usr/lib/gcc/arm-none-eabi/13.2.1/../../../arm-none-eabi/lib/thumb/v7-m/nofp/libc.a(libc_a-impure.o)
 .debug_info    0x000063ae      0xea8 /usr/lib/gcc/arm-none-eabi/13.2.1/../../../arm-none-eabi/lib/thumb/v7-m/nofp/libc.a(libc_a-findfp.o)
 .debug_info    0x00007256      0x899 /usr/lib/gcc/arm-none-eabi/13.2.1/../../../arm-none-eabi/lib/thumb/v7-m/nofp/libc.a(libc_a-sprintf.o)
 .debug_info    0x00007aef      0x135 /usr/lib/gcc/arm-none-eabi/13.2.1/../../../arm-none-eabi/lib/thumb/v7-m/nofp/libc.a(libc_a-memset.o)
 .debug_info    0x00007c24      0x7e4 /usr/lib/gcc/arm-none-eabi/13.2.1/../../../arm-none-eabi/lib/thumb/v7-m/nofp/libc.a(libc_a-fwalk.o)
 .debug_info    0x00008408     0x178b /usr/lib/gcc/arm-none-eabi/13.2.1/../../../arm-none-eabi/lib/thumb/v7-m/nofp/libc.a(libc_a-svfprintf.o)
 .debug_info    0x00009b93      0xcd9 /usr/lib/gcc/arm-none-eabi/13.2.1/../../../arm-none-eabi/lib/thumb/v7-m/nofp/libc.a(libc_a-mallocr.o)
 .debug_info    0x0000a86c     0x18d8 /usr/lib/gcc/arm-none-eabi/13.2.1/../../../arm-none-eabi/lib/thumb/v7-m/nofp/libc.a(libc_a-dtoa.o)
 .debug_info    0x0000c144      0xb55 /usr/lib/gcc/arm-none-eabi/13.2.1/../../../arm-none-eabi/lib/thumb/v7-m/nofp/libc.a(libc_a-freer.o)
 .debug_info    0x0000cc99      0x8e6 /usr/lib/gcc/arm-none-eabi/13.2.1/../../../arm-none-eabi/lib/thumb/v7-m/nofp/libc.a(libc_a-fclose.o)
 .debug_info    0x0000d57f       0x33 /usr/lib/gcc/arm-none-eabi/13.2.1/../../../arm-none-eabi/lib/thumb/v7-m/nofp/libc.a(libc_a-memcpy.o)
 .debug_info    0x0000d5b2       0xc1 /usr/lib/gcc/arm-none-eabi/13.2.1/../../../arm-none-eabi/lib/thumb/v7-m/nofp/libc.a(libc_a-sysconf.o)
 .debug_info    0x0000d673      0xa9e /usr/lib/gcc/arm-none-eabi/13.2.1/../../../arm-none-eabi/lib/thumb/v7-m/nofp/libc.a(libc_a-stdio.o)
 .debug_info    0x0000e111      0x7d9 /usr/lib/gcc/arm-none-eabi/13.2.1/../../../arm-none-eabi/lib/thumb/v7-m/nofp/libc.a(libc_a-writer.o)
 .debug_info    0x0000e8ea      0x73a /usr/lib/gcc/arm-none-eabi/13.2.1/../../../arm-none-eabi/lib/thumb/v7-m/nofp/libc.a(libc_a-mlock.o)
 .debug_info    0x0000f024      0x840 /usr/lib/gcc/arm-none-eabi/13.2.1/../../../arm-none-eabi/lib/thumb/v7-m/nofp/libc.a(libc_a-ssprint_r.o)
 .debug_info    0x0000f864       0xbd /usr/lib/gcc/arm-none-eabi/13.2.1/../../../arm-none-eabi/lib/thumb/v7-m/nofp/libc.a(libc_a-strlen-stub.o)
 .debug_info    0x0000f921      0x796 /usr/lib/gcc/arm-none-eabi/13.2.1/../../../arm-none-eabi/lib/thumb/v7-m/nofp/libc.a(libc_a-sbrkr.o)
 .debug_info    0x000100b7      0x770 /usr/lib/gcc/arm-none-eabi/13.2.1/../../../arm-none-eabi/lib/thumb/v7-m/nofp/libc.a(libc_a-closer.o)
 .debug_info    0x00010827      0x843 /usr/lib/gcc/arm-none-eabi/13.2.1/../../../arm-none-eabi/lib/thumb/v7-m/nofp/libc.a(libc_a-assert.o)
 .debug_info    0x0001106a     0x1e35 /usr/lib/gcc/arm-none-eabi/13.2.1/../../../arm-none-eabi/lib/thumb/v7-m/nofp/libc.a(libc_a-mprec.o)
 .debug_info    0x00012e9f      0x14a /usr/lib/gcc/arm-none-eabi/13.2.1/../../../arm-none-eabi/lib/thumb/v7-m/nofp/libc.a(libc_a-memchr-stub.o)
 .debug_info    0x00012fe9      0xa2c /usr/lib/gcc/arm-none-eabi/13.2.1/../../../arm-none-eabi/lib/thumb/v7-m/nofp/libc.a(libc_a-localeconv.o)
 .debug_info    0x00013a15      0xbd7 /usr/lib/gcc/arm-none-eabi/13.2.1/../../../arm-none-eabi/lib/thumb/v7-m/nofp/libc.a(libc_a-locale.o)
 .debug_info    0x000145ec      0xace /usr/lib/gcc/arm-none-eabi/13.2.1/../../../arm-none-eabi/lib/thumb/v7-m/nofp/libc.a(libc_a-mbtowc_r.o)
 .debug_info    0x000150ba      0xa4c /usr/lib/gcc/arm-none-eabi/13.2.1/../../../arm-none-eabi/lib/thumb/v7-m/nofp/libc.a(libc_a-fflush.o)
 .debug_info    0x00015b06       0xd8 /usr/lib/gcc/arm-none-eabi/13.2.1/../../../arm-none-eabi/lib/thumb/v7-m/nofp/libc.a(libc_a-abort.o)
 .debug_info    0x00015bde      0x8d9 /usr/lib/gcc/arm-none-eabi/13.2.1/../../../arm-none-eabi/lib/thumb/v7-m/nofp/libc.a(libc_a-callocr.o)
 .debug_info    0x000164b7      0x8c2 /usr/lib/gcc/arm-none-eabi/13.2.1/../../../arm-none-eabi/lib/thumb/v7-m/nofp/libc.a(libc_a-ssputs_r.o)
 .debug_info    0x00016d79      0x7d3 /usr/lib/gcc/arm-none-eabi/13.2.1/../../../arm-none-eabi/lib/thumb/v7-m/nofp/libc.a(libc_a-readr.o)
 .debug_info    0x0001754c      0x872 /usr/lib/gcc/arm-none-eabi/13.2.1/../../../arm-none-eabi/lib/thumb/v7-m/nofp/libc.a(libc_a-fiprintf.o)
 .debug_info    0x00017dbe      0xa8e /usr/lib/gcc/arm-none-eabi/13.2.1/../../../arm-none-eabi/lib/thumb/v7-m/nofp/libc.a(libc_a-wctomb_r.o)
 .debug_info    0x0001884c      0x7bc /usr/lib/gcc/arm-none-eabi/13.2.1/../../../arm-none-eabi/lib/thumb/v7-m/nofp/libc.a(libc_a-lseekr.o)
 .debug_info    0x00019008      0x831 /usr/lib/gcc/arm-none-eabi/13.2.1/../../../arm-none-eabi/lib/thumb/v7-m/nofp/libc.a(libc_a-reent.o)
 .debug_info    0x00019839      0xbc9 /usr/lib/gcc/arm-none-eabi/13.2.1/../../../arm-none-eabi/lib/thumb/v7-m/nofp/libc.a(libc_a-reallocr.o)
 .debug_info    0x0001a402       0xb9 /usr/lib/gcc/arm-none-eabi/13.2.1/../../../arm-none-eabi/lib/thumb/v7-m/nofp/libc.a(libc_a-ctype_.o)
 .debug_info    0x0001a4bb      0xc57 /usr/lib/gcc/arm-none-eabi/13.2.1/../../../arm-none-eabi/lib/thumb/v7-m/nofp/libc.a(libc_a-signal.o)
 .debug_info    0x0001b112      0x7fd /usr/lib/gcc/arm-none-eabi/13.2.1/../../../arm-none-eabi/lib/thumb/v7-m/nofp/libc.a(libc_a-signalr.o)
 .debug_info    0x0001b90f      0x148 /usr/lib/gcc/arm-none-eabi/13.2.1/../../../arm-none-eabi/lib/thumb/v7-m/nofp/libc.a(libc_a-memmove.o)
 .debug_info    0x0001ba57     0x1210 /usr/lib/gcc/arm-none-eabi/13.2.1/../../../arm-none-eabi/lib/thumb/v7-m/nofp/libc.a(libc_a-vfiprintf.o)
 .debug_info    0x0001cc67      0x7cf /usr/lib/gcc/arm-none-eabi/13.2.1/../../../arm-none-eabi/lib/thumb/v7-m/nofp/libc.a(libc_a-wsetup.o)
 .debug_info    0x0001d436      0x7ff /usr/lib/gcc/arm-none-eabi/13.2.1/../../../arm-none-eabi/lib/thumb/v7-m/nofp/libc.a(libc_a-sprint_r.o)
 .debug_info    0x0001dc35      0xc08 /usr/lib/gcc/arm-none-eabi/13.2.1/../../../arm-none-eabi/lib/thumb/v7-m/nofp/libc.a(libc_a-makebuf.o)
 .debug_info    0x0001e83d      0x995 /usr/lib/gcc/arm-none-eabi/13.2.1/../../../arm-none-eabi/lib/thumb/v7-m/nofp/libc.a(libc_a-fstatr.o)
 .debug_info    0x0001f1d2      0x770 /usr/lib/gcc/arm-none-eabi/13.2.1/../../../arm-none-eabi/lib/thumb/v7-m/nofp/libc.a(libc_a-isattyr.o)
 .debug_info    0x0001f942      0xb3c /usr/lib/gcc/arm-none-eabi/13.2.1/../../../arm-none-eabi/lib/thumb/v7-m/nofp/libc.a(libc_a-fvwrite.o)
 .debug_info    0x0002047e       0xd3 /usr/lib/gcc/arm-none-eabi/13.2.1/thumb/v7-m/nofp/libgcc.a(_arm_addsubdf3.o)
 .debug_info    0x00020551       0x57 /usr/lib/gcc/arm-none-eabi/13.2.1/thumb/v7-m/nofp/libgcc.a(_arm_muldivdf3.o)
 .debug_info    0x000205a8       0xdf /usr/lib/gcc/arm-none-eabi/13.2.1/thumb/v7-m/nofp/libgcc.a(_arm_cmpdf2.o)
 .debug_info    0x00020687       0x3c /usr/lib/gcc/arm-none-eabi/13.2.1/thumb/v7-m/nofp/libgcc.a(_arm_unorddf2.o)
 .debug_info    0x000206c3       0x3c /usr/lib/gcc/arm-none-eabi/13.2.1/thumb/v7-m/nofp/libgcc.a(_arm_fixdfsi.o)

.debug_abbrev   0x00000000     0x7f79
 .debug_abbrev  0x00000000      0x207 build/src/main.o
 .debug_abbrev  0x00000207      0x173 build/src/board.o
 .debug_abbrev  0x0000037a      0x1d0 build/src/uart.o
 .debug_abbrev  0x0000054a      0x277 build/src/i2c.o
 .debug_abbrev  0x000007c1      0x173 build/src/codec.o
 .debug_abbrev  0x00000934      0x2c5 build/src/cli.o
 .debug_abbrev  0x00000bf9      0x1be build/src/syscalls.o
 .debug_abbrev  0x00000db7      0x1e8 build/src/system_stm32f10x.o
 .debug_abbrev  0x00000f9f      0x26a build/lib/STM32F10x_StdPeriph_Lib_V3.6.0/Libraries/STM32F10x_StdPeriph_Driver/src/stm32f10x_gpio.o
 .debug_abbrev  0x00001209      0x20f build/lib/STM32F10x_StdPeriph_Lib_V3.6.0/Libraries/STM32F10x_StdPeriph_Driver/src/stm32f10x_rcc.o
 .debug_abbrev  0x00001418      0x225 build/lib/STM32F10x_StdPeriph_Lib_V3.6.0/Libraries/STM32F10x_StdPeriph_Driver/src/stm32f10x_usart.o
 .debug_abbrev  0x0000163d      0x291 build/lib/STM32F10x_StdPeriph_Lib_V3.6.0/Libraries/STM32F10x_StdPeriph_Driver/src/stm32f10x_i2c.o
 .debug_abbrev  0x000018ce       0x24 build/startup/startup_stm32f10x_hd.o
 .debug_abbrev  0x000018f2       0x28 /usr/lib/gcc/arm-none-eabi/13.2.1/../../../arm-none-eabi/lib/thumb/v7-m/nofp/libc.a(libc_a-strcmp.o)
 .debug_abbrev  0x0000191a      0x19a /usr/lib/gcc/arm-none-eabi/13.2.1/../../../arm-none-eabi/lib/thumb/v7-m/nofp/libc.a(libc_a-errno.o)
 .debug_abbrev  0x00001ab4      0x185 /usr/lib/gcc/arm-none-eabi/13.2.1/../../../arm-none-eabi/lib/thumb/v7-m/nofp/libc.a(libc_a-impure.o)
 .debug_abbrev  0x00001c39      0x446 /usr/lib/gcc/arm-none-eabi/13.2.1/../../../arm-none-eabi/lib/thumb/v7-m/nofp/libc.a(libc_a-findfp.o)
 .debug_abbrev  0x0000207f      0x258 /usr/lib/gcc/arm-none-eabi/13.2.1/../../../arm-none-eabi/lib/thumb/v7-m/nofp/libc.a(libc_a-sprintf.o)
 .debug_abbrev  0x000022d7       0xb7 /usr/lib/gcc/arm-none-eabi/13.2.1/../../../arm-none-eabi/lib/thumb/v7-m/nofp/libc.a(libc_a-memset.o)
 .debug_abbrev  0x0000238e      0x1d9 /usr/lib/gcc/arm-none-eabi/13.2.1/../../../arm-none-eabi/lib/thumb/v7-m/nofp/libc.a(libc_a-fwalk.o)
 .debug_abbrev  0x00002567      0x402 /usr/lib/gcc/arm-none-eabi/13.2.1/../../../arm-none-eabi/lib/thumb/v7-m/nofp/libc.a(libc_a-svfprintf.o)
 .debug_abbrev  0x00002969      0x2d7 /usr/lib/gcc/arm-none-eabi/13.2.1/../../../arm-none-eabi/lib/thumb/v7-m/nofp/libc.a(libc_a-mallocr.o)
 .debug_abbrev  0x00002c40      0x364 /usr/lib/gcc/arm-none-eabi/13.2.1/../../../arm-none-eabi/lib/thumb/v7-m/nofp/libc.a(libc_a-dtoa.o)
 .debug_abbrev  0x00002fa4      0x27f /usr/lib/gcc/arm-none-eabi/13.2.1/../../../arm-none-eabi/lib/thumb/v7-m/nofp/libc.a(libc_a-freer.o)
 .debug_abbrev  0x00003223      0x2ed /usr/lib/gcc/arm-none-eabi/13.2.1/../../../arm-none-eabi/lib/thumb/v7-m/nofp/libc.a(libc_a-fclose.o)
 .debug_abbrev  0x00003510       0x28 /usr/lib/gcc/arm-none-eabi/13.2.1/../../../arm-none-eabi/lib/thumb/v7-m/nofp/libc.a(libc_a-memcpy.o)
 .debug_abbrev  0x00003538       0x80 /usr/lib/gcc/arm-none-eabi/13.2.1/../../../arm-none-eabi/lib/thumb/v7-m/nofp/libc.a(libc_a-sysconf.o)
 .debug_abbrev  0x000035b8      0x260 /usr/lib/gcc/arm-none-eabi/13.2.1/../../../arm-none-eabi/lib/thumb/v7-m/nofp/libc.a(libc_a-stdio.o)
 .debug_abbrev  0x00003818      0x1f1 /usr/lib/gcc/arm-none-eabi/13.2.1/../../../arm-none-eabi/lib/thumb/v7-m/nofp/libc.a(libc_a-writer.o)
 .debug_abbrev  0x00003a09      0x1ce /usr/lib/gcc/arm-none-eabi/13.2.1/../../../arm-none-eabi/lib/thumb/v7-m/nofp/libc.a(libc_a-mlock.o)
 .debug_abbrev  0x00003bd7      0x1e0 /usr/lib/gcc/arm-none-eabi/13.2.1/../../../arm-none-eabi/lib/thumb/v7-m/nofp/libc.a(libc_a-ssprint_r.o)
 .debug_abbrev  0x00003db7       0x78 /usr/lib/gcc/arm-none-eabi/13.2.1/../../../arm-none-eabi/lib/thumb/v7-m/nofp/libc.a(libc_a-strlen-stub.o)
 .debug_abbrev  0x00003e2f      0x216 /usr/lib/gcc/arm-none-eabi/13.2.1/../../../arm-none-eabi/lib/thumb/v7-m/nofp/libc.a(libc_a-sbrkr.o)
 .debug_abbrev  0x00004045      0x1ec /usr/lib/gcc/arm-none-eabi/13.2.1/../../../arm-none-eabi/lib/thumb/v7-m/nofp/libc.a(libc_a-closer.o)
 .debug_abbrev  0x00004231      0x226 /usr/lib/gcc/arm-none-eabi/13.2.1/../../../arm-none-eabi/lib/thumb/v7-m/nofp/libc.a(libc_a-assert.o)
 .debug_abbrev  0x00004457      0x502 /usr/lib/gcc/arm-none-eabi/13.2.1/../../../arm-none-eabi/lib/thumb/v7-m/nofp/libc.a(libc_a-mprec.o)
 .debug_abbrev  0x00004959       0xc7 /usr/lib/gcc/arm-none-eabi/13.2.1/../../../arm-none-eabi/lib/thumb/v7-m/nofp/libc.a(libc_a-memchr-stub.o)
 .debug_abbrev  0x00004a20      0x26a /usr/lib/gcc/arm-none-eabi/13.2.1/../../../arm-none-eabi/lib/thumb/v7-m/nofp/libc.a(libc_a-localeconv.o)
 .debug_abbrev  0x00004c8a      0x2d9 /usr/lib/gcc/arm-none-eabi/13.2.1/../../../arm-none-eabi/lib/thumb/v7-m/nofp/libc.a(libc_a-locale.o)
 .debug_abbrev  0x00004f63      0x244 /usr/lib/gcc/arm-none-eabi/13.2.1/../../../arm-none-eabi/lib/thumb/v7-m/nofp/libc.a(libc_a-mbtowc_r.o)
 .debug_abbrev  0x000051a7      0x31f /usr/lib/gcc/arm-none-eabi/13.2.1/../../../arm-none-eabi/lib/thumb/v7-m/nofp/libc.a(libc_a-fflush.o)
 .debug_abbrev  0x000054c6       0x99 /usr/lib/gcc/arm-none-eabi/13.2.1/../../../arm-none-eabi/lib/thumb/v7-m/nofp/libc.a(libc_a-abort.o)
 .debug_abbrev  0x0000555f      0x25b /usr/lib/gcc/arm-none-eabi/13.2.1/../../../arm-none-eabi/lib/thumb/v7-m/nofp/libc.a(libc_a-callocr.o)
 .debug_abbrev  0x000057ba      0x25a /usr/lib/gcc/arm-none-eabi/13.2.1/../../../arm-none-eabi/lib/thumb/v7-m/nofp/libc.a(libc_a-ssputs_r.o)
 .debug_abbrev  0x00005a14      0x1ec /usr/lib/gcc/arm-none-eabi/13.2.1/../../../arm-none-eabi/lib/thumb/v7-m/nofp/libc.a(libc_a-readr.o)
 .debug_abbrev  0x00005c00      0x252 /usr/lib/gcc/arm-none-eabi/13.2.1/../../../arm-none-eabi/lib/thumb/v7-m/nofp/libc.a(libc_a-fiprintf.o)
 .debug_abbrev  0x00005e52      0x23d /usr/lib/gcc/arm-none-eabi/13.2.1/../../../arm-none-eabi/lib/thumb/v7-m/nofp/libc.a(libc_a-wctomb_r.o)
 .debug_abbrev  0x0000608f      0x200 /usr/lib/gcc/arm-none-eabi/13.2.1/../../../arm-none-eabi/lib/thumb/v7-m/nofp/libc.a(libc_a-lseekr.o)
 .debug_abbrev  0x0000628f      0x22a /usr/lib/gcc/arm-none-eabi/13.2.1/../../../arm-none-eabi/lib/thumb/v7-m/nofp/libc.a(libc_a-reent.o)
 .debug_abbrev  0x000064b9      0x2a3 /usr/lib/gcc/arm-none-eabi/13.2.1/../../../arm-none-eabi/lib/thumb/v7-m/nofp/libc.a(libc_a-reallocr.o)
 .debug_abbrev  0x0000675c       0x62 /usr/lib/gcc/arm-none-eabi/13.2.1/../../../arm-none-eabi/lib/thumb/v7-m/nofp/libc.a(libc_a-ctype_.o)
 .debug_abbrev  0x000067be      0x313 /usr/lib/gcc/arm-none-eabi/13.2.1/../../../arm-none-eabi/lib/thumb/v7-m/nofp/libc.a(libc_a-signal.o)
 .debug_abbrev  0x00006ad1      0x239 /usr/lib/gcc/arm-none-eabi/13.2.1/../../../arm-none-eabi/lib/thumb/v7-m/nofp/libc.a(libc_a-signalr.o)
 .debug_abbrev  0x00006d0a       0xc3 /usr/lib/gcc/arm-none-eabi/13.2.1/../../../arm-none-eabi/lib/thumb/v7-m/nofp/libc.a(libc_a-memmove.o)
 .debug_abbrev  0x00006dcd      0x3e6 /usr/lib/gcc/arm-none-eabi/13.2.1/../../../arm-none-eabi/lib/thumb/v7-m/nofp/libc.a(libc_a-vfiprintf.o)
 .debug_abbrev  0x000071b3      0x21e /usr/lib/gcc/arm-none-eabi/13.2.1/../../../arm-none-eabi/lib/thumb/v7-m/nofp/libc.a(libc_a-wsetup.o)
 .debug_abbrev  0x000073d1      0x1d4 /usr/lib/gcc/arm-none-eabi/13.2.1/../../../arm-none-eabi/lib/thumb/v7-m/nofp/libc.a(libc_a-sprint_r.o)
 .debug_abbrev  0x000075a5      0x2c1 /usr/lib/gcc/arm-none-eabi/13.2.1/../../../arm-none-eabi/lib/thumb/v7-m/nofp/libc.a(libc_a-makebuf.o)
 .debug_abbrev  0x00007866      0x1ff /usr/lib/gcc/arm-none-eabi/13.2.1/../../../arm-none-eabi/lib/thumb/v7-m/nofp/libc.a(libc_a-fstatr.o)
 .debug_abbrev  0x00007a65      0x1ec /usr/lib/gcc/arm-none-eabi/13.2.1/../../../arm-none-eabi/lib/thumb/v7-m/nofp/libc.a(libc_a-isattyr.o)
 .debug_abbrev  0x00007c51      0x260 /usr/lib/gcc/arm-none-eabi/13.2.1/../../../arm-none-eabi/lib/thumb/v7-m/nofp/libc.a(libc_a-fvwrite.o)
 .debug_abbrev  0x00007eb1       0x28 /usr/lib/gcc/arm-none-eabi/13.2.1/thumb/v7-m/nofp/libgcc.a(_arm_addsubdf3.o)
 .debug_abbrev  0x00007ed9       0x28 /usr/lib/gcc/arm-none-eabi/13.2.1/thumb/v7-m/nofp/libgcc.a(_arm_muldivdf3.o)
 .debug_abbrev  0x00007f01       0x28 /usr/lib/gcc/arm-none-eabi/13.2.1/thumb/v7-m/nofp/libgcc.a(_arm_cmpdf2.o)
 .debug_abbrev  0x00007f29       0x28 /usr/lib/gcc/arm-none-eabi/13.2.1/thumb/v7-m/nofp/libgcc.a(_arm_unorddf2.o)
 .debug_abbrev  0x00007f51       0x28 /usr/lib/gcc/arm-none-eabi/13.2.1/thumb/v7-m/nofp/libgcc.a(_arm_fixdfsi.o)

.debug_loclists
                0x00000000     0xd2cd
 .debug_loclists
                0x00000000      0x11f build/src/main.o
 .debug_loclists
                0x0000011f       0x58 build/src/uart.o
 .debug_loclists
                0x00000177      0x266 build/src/i2c.o
 .debug_loclists
                0x000003dd       0x58 build/src/codec.o
 .debug_loclists
                0x00000435       0x9d build/src/cli.o
 .debug_loclists
                0x000004d2      0x262 build/src/syscalls.o
 .debug_loclists
                0x00000734       0x9b build/src/system_stm32f10x.o
 .debug_loclists
                0x000007cf      0x482 build/lib/STM32F10x_StdPeriph_Lib_V3.6.0/Libraries/STM32F10x_StdPeriph_Driver/src/stm32f10x_gpio.o
 .debug_loclists
                0x00000c51      0x31f build/lib/STM32F10x_StdPeriph_Lib_V3.6.0/Libraries/STM32F10x_StdPeriph_Driver/src/stm32f10x_rcc.o
 .debug_loclists
                0x00000f70      0x68a build/lib/STM32F10x_StdPeriph_Lib_V3.6.0/Libraries/STM32F10x_StdPeriph_Driver/src/stm32f10x_usart.o
 .debug_loclists
                0x000015fa      0x57f build/lib/STM32F10x_StdPeriph_Lib_V3.6.0/Libraries/STM32F10x_StdPeriph_Driver/src/stm32f10x_i2c.o
 .debug_loclists
                0x00001b79      0x1d0 /usr/lib/gcc/arm-none-eabi/13.2.1/../../../arm-none-eabi/lib/thumb/v7-m/nofp/libc.a(libc_a-findfp.o)
 .debug_loclists
                0x00001d49       0x74 /usr/lib/gcc/arm-none-eabi/13.2.1/../../../arm-none-eabi/lib/thumb/v7-m/nofp/libc.a(libc_a-sprintf.o)
 .debug_loclists
                0x00001dbd      0x1d7 /usr/lib/gcc/arm-none-eabi/13.2.1/../../../arm-none-eabi/lib/thumb/v7-m/nofp/libc.a(libc_a-memset.o)
 .debug_loclists
                0x00001f94       0x79 /usr/lib/gcc/arm-none-eabi/13.2.1/../../../arm-none-eabi/lib/thumb/v7-m/nofp/libc.a(libc_a-fwalk.o)
 .debug_loclists
                0x0000200d     0x207e /usr/lib/gcc/arm-none-eabi/13.2.1/../../../arm-none-eabi/lib/thumb/v7-m/nofp/libc.a(libc_a-svfprintf.o)
 .debug_loclists
                0x0000408b      0x9fa /usr/lib/gcc/arm-none-eabi/13.2.1/../../../arm-none-eabi/lib/thumb/v7-m/nofp/libc.a(libc_a-mallocr.o)
 .debug_loclists
                0x00004a85     0x1fec /usr/lib/gcc/arm-none-eabi/13.2.1/../../../arm-none-eabi/lib/thumb/v7-m/nofp/libc.a(libc_a-dtoa.o)
 .debug_loclists
                0x00006a71      0x464 /usr/lib/gcc/arm-none-eabi/13.2.1/../../../arm-none-eabi/lib/thumb/v7-m/nofp/libc.a(libc_a-freer.o)
 .debug_loclists
                0x00006ed5       0xf7 /usr/lib/gcc/arm-none-eabi/13.2.1/../../../arm-none-eabi/lib/thumb/v7-m/nofp/libc.a(libc_a-fclose.o)
 .debug_loclists
                0x00006fcc       0x3b /usr/lib/gcc/arm-none-eabi/13.2.1/../../../arm-none-eabi/lib/thumb/v7-m/nofp/libc.a(libc_a-sysconf.o)
 .debug_loclists
                0x00007007      0x23b /usr/lib/gcc/arm-none-eabi/13.2.1/../../../arm-none-eabi/lib/thumb/v7-m/nofp/libc.a(libc_a-stdio.o)
 .debug_loclists
                0x00007242       0x97 /usr/lib/gcc/arm-none-eabi/13.2.1/../../../arm-none-eabi/lib/thumb/v7-m/nofp/libc.a(libc_a-writer.o)
 .debug_loclists
                0x000072d9       0xb3 /usr/lib/gcc/arm-none-eabi/13.2.1/../../../arm-none-eabi/lib/thumb/v7-m/nofp/libc.a(libc_a-ssprint_r.o)
 .debug_loclists
                0x0000738c       0x29 /usr/lib/gcc/arm-none-eabi/13.2.1/../../../arm-none-eabi/lib/thumb/v7-m/nofp/libc.a(libc_a-strlen-stub.o)
 .debug_loclists
                0x000073b5       0x4b /usr/lib/gcc/arm-none-eabi/13.2.1/../../../arm-none-eabi/lib/thumb/v7-m/nofp/libc.a(libc_a-sbrkr.o)
 .debug_loclists
                0x00007400       0x4b /usr/lib/gcc/arm-none-eabi/13.2.1/../../../arm-none-eabi/lib/thumb/v7-m/nofp/libc.a(libc_a-closer.o)
 .debug_loclists
                0x0000744b       0xfa /usr/lib/gcc/arm-none-eabi/13.2.1/../../../arm-none-eabi/lib/thumb/v7-m/nofp/libc.a(libc_a-assert.o)
 .debug_loclists
                0x00007545     0x22b6 /usr/lib/gcc/arm-none-eabi/13.2.1/../../../arm-none-eabi/lib/thumb/v7-m/nofp/libc.a(libc_a-mprec.o)
 .debug_loclists
                0x000097fb      0x172 /usr/lib/gcc/arm-none-eabi/13.2.1/../../../arm-none-eabi/lib/thumb/v7-m/nofp/libc.a(libc_a-memchr-stub.o)
 .debug_loclists
                0x0000996d       0x48 /usr/lib/gcc/arm-none-eabi/13.2.1/../../../arm-none-eabi/lib/thumb/v7-m/nofp/libc.a(libc_a-localeconv.o)
 .debug_loclists
                0x000099b5      0x151 /usr/lib/gcc/arm-none-eabi/13.2.1/../../../arm-none-eabi/lib/thumb/v7-m/nofp/libc.a(libc_a-locale.o)
 .debug_loclists
                0x00009b06      0x158 /usr/lib/gcc/arm-none-eabi/13.2.1/../../../arm-none-eabi/lib/thumb/v7-m/nofp/libc.a(libc_a-mbtowc_r.o)
 .debug_loclists
                0x00009c5e      0x2a4 /usr/lib/gcc/arm-none-eabi/13.2.1/../../../arm-none-eabi/lib/thumb/v7-m/nofp/libc.a(libc_a-fflush.o)
 .debug_loclists
                0x00009f02      0x1f6 /usr/lib/gcc/arm-none-eabi/13.2.1/../../../arm-none-eabi/lib/thumb/v7-m/nofp/libc.a(libc_a-callocr.o)
 .debug_loclists
                0x0000a0f8      0x16e /usr/lib/gcc/arm-none-eabi/13.2.1/../../../arm-none-eabi/lib/thumb/v7-m/nofp/libc.a(libc_a-ssputs_r.o)
 .debug_loclists
                0x0000a266       0x97 /usr/lib/gcc/arm-none-eabi/13.2.1/../../../arm-none-eabi/lib/thumb/v7-m/nofp/libc.a(libc_a-readr.o)
 .debug_loclists
                0x0000a2fd       0x6b /usr/lib/gcc/arm-none-eabi/13.2.1/../../../arm-none-eabi/lib/thumb/v7-m/nofp/libc.a(libc_a-fiprintf.o)
 .debug_loclists
                0x0000a368       0xed /usr/lib/gcc/arm-none-eabi/13.2.1/../../../arm-none-eabi/lib/thumb/v7-m/nofp/libc.a(libc_a-wctomb_r.o)
 .debug_loclists
                0x0000a455       0x97 /usr/lib/gcc/arm-none-eabi/13.2.1/../../../arm-none-eabi/lib/thumb/v7-m/nofp/libc.a(libc_a-lseekr.o)
 .debug_loclists
                0x0000a4ec       0x6e /usr/lib/gcc/arm-none-eabi/13.2.1/../../../arm-none-eabi/lib/thumb/v7-m/nofp/libc.a(libc_a-reent.o)
 .debug_loclists
                0x0000a55a      0xb97 /usr/lib/gcc/arm-none-eabi/13.2.1/../../../arm-none-eabi/lib/thumb/v7-m/nofp/libc.a(libc_a-reallocr.o)
 .debug_loclists
                0x0000b0f1      0x59c /usr/lib/gcc/arm-none-eabi/13.2.1/../../../arm-none-eabi/lib/thumb/v7-m/nofp/libc.a(libc_a-signal.o)
 .debug_loclists
                0x0000b68d       0x82 /usr/lib/gcc/arm-none-eabi/13.2.1/../../../arm-none-eabi/lib/thumb/v7-m/nofp/libc.a(libc_a-signalr.o)
 .debug_loclists
                0x0000b70f      0x21b /usr/lib/gcc/arm-none-eabi/13.2.1/../../../arm-none-eabi/lib/thumb/v7-m/nofp/libc.a(libc_a-memmove.o)
 .debug_loclists
                0x0000b92a     0x11c5 /usr/lib/gcc/arm-none-eabi/13.2.1/../../../arm-none-eabi/lib/thumb/v7-m/nofp/libc.a(libc_a-vfiprintf.o)
 .debug_loclists
                0x0000caef       0x61 /usr/lib/gcc/arm-none-eabi/13.2.1/../../../arm-none-eabi/lib/thumb/v7-m/nofp/libc.a(libc_a-wsetup.o)
 .debug_loclists
                0x0000cb50       0x72 /usr/lib/gcc/arm-none-eabi/13.2.1/../../../arm-none-eabi/lib/thumb/v7-m/nofp/libc.a(libc_a-sprint_r.o)
 .debug_loclists
                0x0000cbc2      0x25e /usr/lib/gcc/arm-none-eabi/13.2.1/../../../arm-none-eabi/lib/thumb/v7-m/nofp/libc.a(libc_a-makebuf.o)
 .debug_loclists
                0x0000ce20       0x6a /usr/lib/gcc/arm-none-eabi/13.2.1/../../../arm-none-eabi/lib/thumb/v7-m/nofp/libc.a(libc_a-fstatr.o)
 .debug_loclists
                0x0000ce8a       0x4b /usr/lib/gcc/arm-none-eabi/13.2.1/../../../arm-none-eabi/lib/thumb/v7-m/nofp/libc.a(libc_a-isattyr.o)
 .debug_loclists
                0x0000ced5      0x3f8 /usr/lib/gcc/arm-none-eabi/13.2.1/../../../arm-none-eabi/lib/thumb/v7-m/nofp/libc.a(libc_a-fvwrite.o)

.debug_aranges  0x00000000      0xc88
 .debug_aranges
                0x00000000       0x28 build/src/main.o
 .debug_aranges
                0x00000028       0x38 build/src/board.o
 .debug_aranges
                0x00000060       0x68 build/src/uart.o
 .debug_aranges
                0x000000c8       0x40 build/src/i2c.o
 .debug_aranges
                0x00000108       0x30 build/src/codec.o
 .debug_aranges
                0x00000138       0x28 build/src/cli.o
 .debug_aranges
                0x00000160       0x68 build/src/syscalls.o
 .debug_aranges
                0x000001c8       0x28 build/src/system_stm32f10x.o
 .debug_aranges
                0x000001f0       0xa8 build/lib/STM32F10x_StdPeriph_Lib_V3.6.0/Libraries/STM32F10x_StdPeriph_Driver/src/stm32f10x_gpio.o
 .debug_aranges
                0x00000298      0x118 build/lib/STM32F10x_StdPeriph_Lib_V3.6.0/Libraries/STM32F10x_StdPeriph_Driver/src/stm32f10x_rcc.o
 .debug_aranges
                0x000003b0      0x100 build/lib/STM32F10x_StdPeriph_Lib_V3.6.0/Libraries/STM32F10x_StdPeriph_Driver/src/stm32f10x_usart.o
 .debug_aranges
                0x000004b0      0x120 build/lib/STM32F10x_StdPeriph_Lib_V3.6.0/Libraries/STM32F10x_StdPeriph_Driver/src/stm32f10x_i2c.o
 .debug_aranges
                0x000005d0       0x28 build/startup/startup_stm32f10x_hd.o
 .debug_aranges
                0x000005f8       0x20 /usr/lib/gcc/arm-none-eabi/13.2.1/../../../arm-none-eabi/lib/thumb/v7-m/nofp/libc.a(libc_a-strcmp.o)
 .debug_aranges
                0x00000618       0x20 /usr/lib/gcc/arm-none-eabi/13.2.1/../../../arm-none-eabi/lib/thumb/v7-m/nofp/libc.a(libc_a-errno.o)
 .debug_aranges
                0x00000638       0x18 /usr/lib/gcc/arm-none-eabi/13.2.1/../../../arm-none-eabi/lib/thumb/v7-m/nofp/libc.a(libc_a-impure.o)
 .debug_aranges
                0x00000650       0x20 /usr/lib/gcc/arm-none-eabi/13.2.1/../../../arm-none-eabi/lib/thumb/v7-m/nofp/libc.a(libc_a-findfp.o)
 .debug_aranges
                0x00000670       0x20 /usr/lib/gcc/arm-none-eabi/13.2.1/../../../arm-none-eabi/lib/thumb/v7-m/nofp/libc.a(libc_a-sprintf.o)
 .debug_aranges
                0x00000690       0x20 /usr/lib/gcc/arm-none-eabi/13.2.1/../../../arm-none-eabi/lib/thumb/v7-m/nofp/libc.a(libc_a-memset.o)
 .debug_aranges
                0x000006b0       0x20 /usr/lib/gcc/arm-none-eabi/13.2.1/../../../arm-none-eabi/lib/thumb/v7-m/nofp/libc.a(libc_a-fwalk.o)
 .debug_aranges
                0x000006d0       0x20 /usr/lib/gcc/arm-none-eabi/13.2.1/../../../arm-none-eabi/lib/thumb/v7-m/nofp/libc.a(libc_a-svfprintf.o)
 .debug_aranges
                0x000006f0       0x20 /usr/lib/gcc/arm-none-eabi/13.2.1/../../../arm-none-eabi/lib/thumb/v7-m/nofp/libc.a(libc_a-mallocr.o)
 .debug_aranges
                0x00000710       0x20 /usr/lib/gcc/arm-none-eabi/13.2.1/../../../arm-none-eabi/lib/thumb/v7-m/nofp/libc.a(libc_a-dtoa.o)
 .debug_aranges
                0x00000730       0x20 /usr/lib/gcc/arm-none-eabi/13.2.1/../../../arm-none-eabi/lib/thumb/v7-m/nofp/libc.a(libc_a-freer.o)
 .debug_aranges
                0x00000750       0x20 /usr/lib/gcc/arm-none-eabi/13.2.1/../../../arm-none-eabi/lib/thumb/v7-m/nofp/libc.a(libc_a-fclose.o)
 .debug_aranges
                0x00000770       0x20 /usr/lib/gcc/arm-none-eabi/13.2.1/../../../arm-none-eabi/lib/thumb/v7-m/nofp/libc.a(libc_a-memcpy.o)
 .debug_aranges
                0x00000790       0x20 /usr/lib/gcc/arm-none-eabi/13.2.1/../../../arm-none-eabi/lib/thumb/v7-m/nofp/libc.a(libc_a-sysconf.o)
 .debug_aranges
                0x000007b0       0x20 /usr/lib/gcc/arm-none-eabi/13.2.1/../../../arm-none-eabi/lib/thumb/v7-m/nofp/libc.a(libc_a-stdio.o)
 .debug_aranges
                0x000007d0       0x20 /usr/lib/gcc/arm-none-eabi/13.2.1/../../../arm-none-eabi/lib/thumb/v7-m/nofp/libc.a(libc_a-writer.o)
 .debug_aranges
                0x000007f0       0x20 /usr/lib/gcc/arm-none-eabi/13.2.1/../../../arm-none-eabi/lib/thumb/v7-m/nofp/libc.a(libc_a-mlock.o)
 .debug_aranges
                0x00000810       0x20 /usr/lib/gcc/arm-none-eabi/13.2.1/../../../arm-none-eabi/lib/thumb/v7-m/nofp/libc.a(libc_a-ssprint_r.o)
 .debug_aranges
                0x00000830       0x20 /usr/lib/gcc/arm-none-eabi/13.2.1/../../../arm-none-eabi/lib/thumb/v7-m/nofp/libc.a(libc_a-strlen-stub.o)
 .debug_aranges
                0x00000850       0x20 /usr/lib/gcc/arm-none-eabi/13.2.1/../../../arm-none-eabi/lib/thumb/v7-m/nofp/libc.a(libc_a-sbrkr.o)
 .debug_aranges
                0x00000870       0x20 /usr/lib/gcc/arm-none-eabi/13.2.1/../../../arm-none-eabi/lib/thumb/v7-m/nofp/libc.a(libc_a-closer.o)
 .debug_aranges
                0x00000890       0x20 /usr/lib/gcc/arm-none-eabi/13.2.1/../../../arm-none-eabi/lib/thumb/v7-m/nofp/libc.a(libc_a-assert.o)
 .debug_aranges
                0x000008b0       0x20 /usr/lib/gcc/arm-none-eabi/13.2.1/../../../arm-none-eabi/lib/thumb/v7-m/nofp/libc.a(libc_a-mprec.o)
 .debug_aranges
                0x000008d0       0x20 /usr/lib/gcc/arm-none-eabi/13.2.1/../../../arm-none-eabi/lib/thumb/v7-m/nofp/libc.a(libc_a-memchr-stub.o)
 .debug_aranges
                0x000008f0       0x20 /usr/lib/gcc/arm-none-eabi/13.2.1/../../../arm-none-eabi/lib/thumb/v7-m/nofp/libc.a(libc_a-localeconv.o)
 .debug_aranges
                0x00000910       0x20 /usr/lib/gcc/arm-none-eabi/13.2.1/../../../arm-none-eabi/lib/thumb/v7-m/nofp/libc.a(libc_a-locale.o)
 .debug_aranges
                0x00000930       0x20 /usr/lib/gcc/arm-none-eabi/13.2.1/../../../arm-none-eabi/lib/thumb/v7-m/nofp/libc.a(libc_a-mbtowc_r.o)
 .debug_aranges
                0x00000950       0x20 /usr/lib/gcc/arm-none-eabi/13.2.1/../../../arm-none-eabi/lib/thumb/v7-m/nofp/libc.a(libc_a-fflush.o)
 .debug_aranges
                0x00000970       0x20 /usr/lib/gcc/arm-none-eabi/13.2.1/../../../arm-none-eabi/lib/thumb/v7-m/nofp/libc.a(libc_a-abort.o)
 .debug_aranges
                0x00000990       0x20 /usr/lib/gcc/arm-none-eabi/13.2.1/../../../arm-none-eabi/lib/thumb/v7-m/nofp/libc.a(libc_a-callocr.o)
 .debug_aranges
                0x000009b0       0x20 /usr/lib/gcc/arm-none-eabi/13.2.1/../../../arm-none-eabi/lib/thumb/v7-m/nofp/libc.a(libc_a-ssputs_r.o)
 .debug_aranges
                0x000009d0       0x20 /usr/lib/gcc/arm-none-eabi/13.2.1/../../../arm-none-eabi/lib/thumb/v7-m/nofp/libc.a(libc_a-readr.o)
 .debug_aranges
                0x000009f0       0x20 /usr/lib/gcc/arm-none-eabi/13.2.1/../../../arm-none-eabi/lib/thumb/v7-m/nofp/libc.a(libc_a-fiprintf.o)
 .debug_aranges
                0x00000a10       0x20 /usr/lib/gcc/arm-none-eabi/13.2.1/../../../arm-none-eabi/lib/thumb/v7-m/nofp/libc.a(libc_a-wctomb_r.o)
 .debug_aranges
                0x00000a30       0x20 /usr/lib/gcc/arm-none-eabi/13.2.1/../../../arm-none-eabi/lib/thumb/v7-m/nofp/libc.a(libc_a-lseekr.o)
 .debug_aranges
                0x00000a50       0x20 /usr/lib/gcc/arm-none-eabi/13.2.1/../../../arm-none-eabi/lib/thumb/v7-m/nofp/libc.a(libc_a-reent.o)
 .debug_aranges
                0x00000a70       0x20 /usr/lib/gcc/arm-none-eabi/13.2.1/../../../arm-none-eabi/lib/thumb/v7-m/nofp/libc.a(libc_a-reallocr.o)
 .debug_aranges
                0x00000a90       0x18 /usr/lib/gcc/arm-none-eabi/13.2.1/../../../arm-none-eabi/lib/thumb/v7-m/nofp/libc.a(libc_a-ctype_.o)
 .debug_aranges
                0x00000aa8       0x20 /usr/lib/gcc/arm-none-eabi/13.2.1/../../../arm-none-eabi/lib/thumb/v7-m/nofp/libc.a(libc_a-signal.o)
 .debug_aranges
                0x00000ac8       0x20 /usr/lib/gcc/arm-none-eabi/13.2.1/../../../arm-none-eabi/lib/thumb/v7-m/nofp/libc.a(libc_a-signalr.o)
 .debug_aranges
                0x00000ae8       0x20 /usr/lib/gcc/arm-none-eabi/13.2.1/../../../arm-none-eabi/lib/thumb/v7-m/nofp/libc.a(libc_a-memmove.o)
 .debug_aranges
                0x00000b08       0x20 /usr/lib/gcc/arm-none-eabi/13.2.1/../../../arm-none-eabi/lib/thumb/v7-m/nofp/libc.a(libc_a-vfiprintf.o)
 .debug_aranges
                0x00000b28       0x20 /usr/lib/gcc/arm-none-eabi/13.2.1/../../../arm-none-eabi/lib/thumb/v7-m/nofp/libc.a(libc_a-wsetup.o)
 .debug_aranges
                0x00000b48       0x20 /usr/lib/gcc/arm-none-eabi/13.2.1/../../../arm-none-eabi/lib/thumb/v7-m/nofp/libc.a(libc_a-sprint_r.o)
 .debug_aranges
                0x00000b68       0x20 /usr/lib/gcc/arm-none-eabi/13.2.1/../../../arm-none-eabi/lib/thumb/v7-m/nofp/libc.a(libc_a-makebuf.o)
 .debug_aranges
                0x00000b88       0x20 /usr/lib/gcc/arm-none-eabi/13.2.1/../../../arm-none-eabi/lib/thumb/v7-m/nofp/libc.a(libc_a-fstatr.o)
 .debug_aranges
                0x00000ba8       0x20 /usr/lib/gcc/arm-none-eabi/13.2.1/../../../arm-none-eabi/lib/thumb/v7-m/nofp/libc.a(libc_a-isattyr.o)
 .debug_aranges
                0x00000bc8       0x20 /usr/lib/gcc/arm-none-eabi/13.2.1/../../../arm-none-eabi/lib/thumb/v7-m/nofp/libc.a(libc_a-fvwrite.o)
 .debug_aranges
                0x00000be8       0x20 /usr/lib/gcc/arm-none-eabi/13.2.1/thumb/v7-m/nofp/libgcc.a(_arm_addsubdf3.o)
 .debug_aranges
                0x00000c08       0x20 /usr/lib/gcc/arm-none-eabi/13.2.1/thumb/v7-m/nofp/libgcc.a(_arm_muldivdf3.o)
 .debug_aranges
                0x00000c28       0x20 /usr/lib/gcc/arm-none-eabi/13.2.1/thumb/v7-m/nofp/libgcc.a(_arm_cmpdf2.o)
 .debug_aranges
                0x00000c48       0x20 /usr/lib/gcc/arm-none-eabi/13.2.1/thumb/v7-m/nofp/libgcc.a(_arm_unorddf2.o)
 .debug_aranges
                0x00000c68       0x20 /usr/lib/gcc/arm-none-eabi/13.2.1/thumb/v7-m/nofp/libgcc.a(_arm_fixdfsi.o)

.debug_rnglists
                0x00000000      0x974
 .debug_rnglists
                0x00000000       0x3e build/src/main.o
 .debug_rnglists
                0x0000003e       0x25 build/src/board.o
 .debug_rnglists
                0x00000063       0x49 build/src/uart.o
 .debug_rnglists
                0x000000ac       0x2e build/src/i2c.o
 .debug_rnglists
                0x000000da       0x20 build/src/codec.o
 .debug_rnglists
                0x000000fa       0x36 build/src/cli.o
 .debug_rnglists
                0x00000130       0x49 build/src/syscalls.o
 .debug_rnglists
                0x00000179       0x1a build/src/system_stm32f10x.o
 .debug_rnglists
                0x00000193       0x7b build/lib/STM32F10x_StdPeriph_Lib_V3.6.0/Libraries/STM32F10x_StdPeriph_Driver/src/stm32f10x_gpio.o
 .debug_rnglists
                0x0000020e       0xce build/lib/STM32F10x_StdPeriph_Lib_V3.6.0/Libraries/STM32F10x_StdPeriph_Driver/src/stm32f10x_rcc.o
 .debug_rnglists
                0x000002dc       0xbd build/lib/STM32F10x_StdPeriph_Lib_V3.6.0/Libraries/STM32F10x_StdPeriph_Driver/src/stm32f10x_usart.o
 .debug_rnglists
                0x00000399       0xd4 build/lib/STM32F10x_StdPeriph_Lib_V3.6.0/Libraries/STM32F10x_StdPeriph_Driver/src/stm32f10x_i2c.o
 .debug_rnglists
                0x0000046d       0x19 build/startup/startup_stm32f10x_hd.o
 .debug_rnglists
                0x00000486       0x7a /usr/lib/gcc/arm-none-eabi/13.2.1/../../../arm-none-eabi/lib/thumb/v7-m/nofp/libc.a(libc_a-findfp.o)
 .debug_rnglists
                0x00000500       0xdf /usr/lib/gcc/arm-none-eabi/13.2.1/../../../arm-none-eabi/lib/thumb/v7-m/nofp/libc.a(libc_a-svfprintf.o)
 .debug_rnglists
                0x000005df       0x2b /usr/lib/gcc/arm-none-eabi/13.2.1/../../../arm-none-eabi/lib/thumb/v7-m/nofp/libc.a(libc_a-mallocr.o)
 .debug_rnglists
                0x0000060a       0x2c /usr/lib/gcc/arm-none-eabi/13.2.1/../../../arm-none-eabi/lib/thumb/v7-m/nofp/libc.a(libc_a-dtoa.o)
 .debug_rnglists
                0x00000636       0x1b /usr/lib/gcc/arm-none-eabi/13.2.1/../../../arm-none-eabi/lib/thumb/v7-m/nofp/libc.a(libc_a-fclose.o)
 .debug_rnglists
                0x00000651       0x13 /usr/lib/gcc/arm-none-eabi/13.2.1/../../../arm-none-eabi/lib/thumb/v7-m/nofp/libc.a(libc_a-strlen-stub.o)
 .debug_rnglists
                0x00000664       0xad /usr/lib/gcc/arm-none-eabi/13.2.1/../../../arm-none-eabi/lib/thumb/v7-m/nofp/libc.a(libc_a-mprec.o)
 .debug_rnglists
                0x00000711       0x19 /usr/lib/gcc/arm-none-eabi/13.2.1/../../../arm-none-eabi/lib/thumb/v7-m/nofp/libc.a(libc_a-locale.o)
 .debug_rnglists
                0x0000072a       0x59 /usr/lib/gcc/arm-none-eabi/13.2.1/../../../arm-none-eabi/lib/thumb/v7-m/nofp/libc.a(libc_a-fflush.o)
 .debug_rnglists
                0x00000783       0x29 /usr/lib/gcc/arm-none-eabi/13.2.1/../../../arm-none-eabi/lib/thumb/v7-m/nofp/libc.a(libc_a-callocr.o)
 .debug_rnglists
                0x000007ac       0x1e /usr/lib/gcc/arm-none-eabi/13.2.1/../../../arm-none-eabi/lib/thumb/v7-m/nofp/libc.a(libc_a-ssputs_r.o)
 .debug_rnglists
                0x000007ca       0xa3 /usr/lib/gcc/arm-none-eabi/13.2.1/../../../arm-none-eabi/lib/thumb/v7-m/nofp/libc.a(libc_a-reallocr.o)
 .debug_rnglists
                0x0000086d       0x65 /usr/lib/gcc/arm-none-eabi/13.2.1/../../../arm-none-eabi/lib/thumb/v7-m/nofp/libc.a(libc_a-signal.o)
 .debug_rnglists
                0x000008d2       0x23 /usr/lib/gcc/arm-none-eabi/13.2.1/../../../arm-none-eabi/lib/thumb/v7-m/nofp/libc.a(libc_a-vfiprintf.o)
 .debug_rnglists
                0x000008f5       0x1e /usr/lib/gcc/arm-none-eabi/13.2.1/../../../arm-none-eabi/lib/thumb/v7-m/nofp/libc.a(libc_a-wsetup.o)
 .debug_rnglists
                0x00000913       0x31 /usr/lib/gcc/arm-none-eabi/13.2.1/../../../arm-none-eabi/lib/thumb/v7-m/nofp/libc.a(libc_a-makebuf.o)
 .debug_rnglists
                0x00000944       0x30 /usr/lib/gcc/arm-none-eabi/13.2.1/../../../arm-none-eabi/lib/thumb/v7-m/nofp/libc.a(libc_a-fvwrite.o)

.debug_macro    0x00000000     0xd531
 .debug_macro   0x00000000       0xd2 build/src/main.o
 .debug_macro   0x000000d2      0xacc build/src/main.o
 .debug_macro   0x00000b9e       0x5c build/src/main.o
 .debug_macro   0x00000bfa       0x22 build/src/main.o
 .debug_macro   0x00000c1c      0x34e build/src/main.o
 .debug_macro   0x00000f6a      0x69f build/src/main.o
 .debug_macro   0x00001609     0x7f62 build/src/main.o
 .debug_macro   0x0000956b      0x2a5 build/src/main.o
 .debug_macro   0x00009810      0x3e2 build/src/main.o
 .debug_macro   0x00009bf2      0x2c3 build/src/main.o
 .debug_macro   0x00009eb5      0x2b1 build/src/main.o
 .debug_macro   0x0000a166      0x3ad build/src/main.o
 .debug_macro   0x0000a513      0x226 build/src/main.o
 .debug_macro   0x0000a739       0x8a build/src/main.o
 .debug_macro   0x0000a7c3       0x35 build/src/main.o
 .debug_macro   0x0000a7f8       0x10 build/src/main.o
 .debug_macro   0x0000a808       0xab build/src/board.o
 .debug_macro   0x0000a8b3       0xab build/src/uart.o
 .debug_macro   0x0000a95e       0xb1 build/src/i2c.o
 .debug_macro   0x0000aa0f       0xdc build/src/codec.o
 .debug_macro   0x0000aaeb      0x1dc build/src/cli.o
 .debug_macro   0x0000acc7       0x22 build/src/cli.o
 .debug_macro   0x0000ace9       0x60 build/src/cli.o
 .debug_macro   0x0000ad49       0x24 build/src/cli.o
 .debug_macro   0x0000ad6d       0x94 build/src/cli.o
 .debug_macro   0x0000ae01       0x3c build/src/cli.o
 .debug_macro   0x0000ae3d       0x34 build/src/cli.o
 .debug_macro   0x0000ae71      0x190 build/src/cli.o
 .debug_macro   0x0000b001       0x57 build/src/cli.o
 .debug_macro   0x0000b058      0x370 build/src/cli.o
 .debug_macro   0x0000b3c8       0x16 build/src/cli.o
 .debug_macro   0x0000b3de       0x4a build/src/cli.o
 .debug_macro   0x0000b428       0x34 build/src/cli.o
 .debug_macro   0x0000b45c       0x10 build/src/cli.o
 .debug_macro   0x0000b46c       0x52 build/src/cli.o
 .debug_macro   0x0000b4be      0x1de build/src/cli.o
 .debug_macro   0x0000b69c       0x10 build/src/cli.o
 .debug_macro   0x0000b6ac       0x3c build/src/cli.o
 .debug_macro   0x0000b6e8       0x1c build/src/cli.o
 .debug_macro   0x0000b704       0x10 build/src/cli.o
 .debug_macro   0x0000b714       0x1c build/src/cli.o
 .debug_macro   0x0000b730       0x16 build/src/cli.o
 .debug_macro   0x0000b746      0x170 build/src/cli.o
 .debug_macro   0x0000b8b6      0x1ee build/src/syscalls.o
 .debug_macro   0x0000baa4       0x10 build/src/syscalls.o
 .debug_macro   0x0000bab4       0x6a build/src/syscalls.o
 .debug_macro   0x0000bb1e       0x1c build/src/syscalls.o
 .debug_macro   0x0000bb3a       0x52 build/src/syscalls.o
 .debug_macro   0x0000bb8c       0x22 build/src/syscalls.o
 .debug_macro   0x0000bbae       0x10 build/src/syscalls.o
 .debug_macro   0x0000bbbe       0x52 build/src/syscalls.o
 .debug_macro   0x0000bc10       0xcf build/src/syscalls.o
 .debug_macro   0x0000bcdf       0x1c build/src/syscalls.o
 .debug_macro   0x0000bcfb       0x3d build/src/syscalls.o
 .debug_macro   0x0000bd38       0x10 build/src/syscalls.o
 .debug_macro   0x0000bd48      0x23c build/src/syscalls.o
 .debug_macro   0x0000bf84      0x6bd build/src/syscalls.o
 .debug_macro   0x0000c641       0xad build/src/system_stm32f10x.o
 .debug_macro   0x0000c6ee       0xf9 build/lib/STM32F10x_StdPeriph_Lib_V3.6.0/Libraries/STM32F10x_StdPeriph_Driver/src/stm32f10x_gpio.o
 .debug_macro   0x0000c7e7      0x3dc build/lib/STM32F10x_StdPeriph_Lib_V3.6.0/Libraries/STM32F10x_StdPeriph_Driver/src/stm32f10x_gpio.o
 .debug_macro   0x0000cbc3      0x1c7 build/lib/STM32F10x_StdPeriph_Lib_V3.6.0/Libraries/STM32F10x_StdPeriph_Driver/src/stm32f10x_rcc.o
 .debug_macro   0x0000cd8a      0x15f build/lib/STM32F10x_StdPeriph_Lib_V3.6.0/Libraries/STM32F10x_StdPeriph_Driver/src/stm32f10x_usart.o
 .debug_macro   0x0000cee9      0x220 build/lib/STM32F10x_StdPeriph_Lib_V3.6.0/Libraries/STM32F10x_StdPeriph_Driver/src/stm32f10x_usart.o
 .debug_macro   0x0000d109      0x17d build/lib/STM32F10x_StdPeriph_Lib_V3.6.0/Libraries/STM32F10x_StdPeriph_Driver/src/stm32f10x_i2c.o
 .debug_macro   0x0000d286      0x2ab build/lib/STM32F10x_StdPeriph_Lib_V3.6.0/Libraries/STM32F10x_StdPeriph_Driver/src/stm32f10x_i2c.o

.debug_line     0x00000000    0x10273
 .debug_line    0x00000000      0x304 build/src/main.o
 .debug_line    0x00000304      0x225 build/src/board.o
 .debug_line    0x00000529      0x39c build/src/uart.o
 .debug_line    0x000008c5      0x494 build/src/i2c.o
 .debug_line    0x00000d59      0x2b0 build/src/codec.o
 .debug_line    0x00001009      0x568 build/src/cli.o
 .debug_line    0x00001571      0x514 build/src/syscalls.o
 .debug_line    0x00001a85      0x3c8 build/src/system_stm32f10x.o
 .debug_line    0x00001e4d      0x6c1 build/lib/STM32F10x_StdPeriph_Lib_V3.6.0/Libraries/STM32F10x_StdPeriph_Driver/src/stm32f10x_gpio.o
 .debug_line    0x0000250e      0x8c4 build/lib/STM32F10x_StdPeriph_Lib_V3.6.0/Libraries/STM32F10x_StdPeriph_Driver/src/stm32f10x_rcc.o
 .debug_line    0x00002dd2      0x913 build/lib/STM32F10x_StdPeriph_Lib_V3.6.0/Libraries/STM32F10x_StdPeriph_Driver/src/stm32f10x_usart.o
 .debug_line    0x000036e5      0x975 build/lib/STM32F10x_StdPeriph_Lib_V3.6.0/Libraries/STM32F10x_StdPeriph_Driver/src/stm32f10x_i2c.o
 .debug_line    0x0000405a       0x73 build/startup/startup_stm32f10x_hd.o
 .debug_line    0x000040cd       0xdd /usr/lib/gcc/arm-none-eabi/13.2.1/../../../arm-none-eabi/lib/thumb/v7-m/nofp/libc.a(libc_a-strcmp.o)
 .debug_line    0x000041aa      0x10c /usr/lib/gcc/arm-none-eabi/13.2.1/../../../arm-none-eabi/lib/thumb/v7-m/nofp/libc.a(libc_a-errno.o)
 .debug_line    0x000042b6       0xe7 /usr/lib/gcc/arm-none-eabi/13.2.1/../../../arm-none-eabi/lib/thumb/v7-m/nofp/libc.a(libc_a-impure.o)
 .debug_line    0x0000439d      0x51f /usr/lib/gcc/arm-none-eabi/13.2.1/../../../arm-none-eabi/lib/thumb/v7-m/nofp/libc.a(libc_a-findfp.o)
 .debug_line    0x000048bc      0x234 /usr/lib/gcc/arm-none-eabi/13.2.1/../../../arm-none-eabi/lib/thumb/v7-m/nofp/libc.a(libc_a-sprintf.o)
 .debug_line    0x00004af0      0x1b1 /usr/lib/gcc/arm-none-eabi/13.2.1/../../../arm-none-eabi/lib/thumb/v7-m/nofp/libc.a(libc_a-memset.o)
 .debug_line    0x00004ca1      0x1c9 /usr/lib/gcc/arm-none-eabi/13.2.1/../../../arm-none-eabi/lib/thumb/v7-m/nofp/libc.a(libc_a-fwalk.o)
 .debug_line    0x00004e6a     0x19d1 /usr/lib/gcc/arm-none-eabi/13.2.1/../../../arm-none-eabi/lib/thumb/v7-m/nofp/libc.a(libc_a-svfprintf.o)
 .debug_line    0x0000683b      0x8eb /usr/lib/gcc/arm-none-eabi/13.2.1/../../../arm-none-eabi/lib/thumb/v7-m/nofp/libc.a(libc_a-mallocr.o)
 .debug_line    0x00007126     0x1450 /usr/lib/gcc/arm-none-eabi/13.2.1/../../../arm-none-eabi/lib/thumb/v7-m/nofp/libc.a(libc_a-dtoa.o)
 .debug_line    0x00008576      0x545 /usr/lib/gcc/arm-none-eabi/13.2.1/../../../arm-none-eabi/lib/thumb/v7-m/nofp/libc.a(libc_a-freer.o)
 .debug_line    0x00008abb      0x24c /usr/lib/gcc/arm-none-eabi/13.2.1/../../../arm-none-eabi/lib/thumb/v7-m/nofp/libc.a(libc_a-fclose.o)
 .debug_line    0x00008d07       0xbd /usr/lib/gcc/arm-none-eabi/13.2.1/../../../arm-none-eabi/lib/thumb/v7-m/nofp/libc.a(libc_a-memcpy.o)
 .debug_line    0x00008dc4       0xf0 /usr/lib/gcc/arm-none-eabi/13.2.1/../../../arm-none-eabi/lib/thumb/v7-m/nofp/libc.a(libc_a-sysconf.o)
 .debug_line    0x00008eb4      0x22b /usr/lib/gcc/arm-none-eabi/13.2.1/../../../arm-none-eabi/lib/thumb/v7-m/nofp/libc.a(libc_a-stdio.o)
 .debug_line    0x000090df      0x19d /usr/lib/gcc/arm-none-eabi/13.2.1/../../../arm-none-eabi/lib/thumb/v7-m/nofp/libc.a(libc_a-writer.o)
 .debug_line    0x0000927c      0x153 /usr/lib/gcc/arm-none-eabi/13.2.1/../../../arm-none-eabi/lib/thumb/v7-m/nofp/libc.a(libc_a-mlock.o)
 .debug_line    0x000093cf      0x1ea /usr/lib/gcc/arm-none-eabi/13.2.1/../../../arm-none-eabi/lib/thumb/v7-m/nofp/libc.a(libc_a-ssprint_r.o)
 .debug_line    0x000095b9       0xf4 /usr/lib/gcc/arm-none-eabi/13.2.1/../../../arm-none-eabi/lib/thumb/v7-m/nofp/libc.a(libc_a-strlen-stub.o)
 .debug_line    0x000096ad      0x196 /usr/lib/gcc/arm-none-eabi/13.2.1/../../../arm-none-eabi/lib/thumb/v7-m/nofp/libc.a(libc_a-sbrkr.o)
 .debug_line    0x00009843      0x196 /usr/lib/gcc/arm-none-eabi/13.2.1/../../../arm-none-eabi/lib/thumb/v7-m/nofp/libc.a(libc_a-closer.o)
 .debug_line    0x000099d9      0x1b0 /usr/lib/gcc/arm-none-eabi/13.2.1/../../../arm-none-eabi/lib/thumb/v7-m/nofp/libc.a(libc_a-assert.o)
 .debug_line    0x00009b89     0x1409 /usr/lib/gcc/arm-none-eabi/13.2.1/../../../arm-none-eabi/lib/thumb/v7-m/nofp/libc.a(libc_a-mprec.o)
 .debug_line    0x0000af92      0x200 /usr/lib/gcc/arm-none-eabi/13.2.1/../../../arm-none-eabi/lib/thumb/v7-m/nofp/libc.a(libc_a-memchr-stub.o)
 .debug_line    0x0000b192      0x17e /usr/lib/gcc/arm-none-eabi/13.2.1/../../../arm-none-eabi/lib/thumb/v7-m/nofp/libc.a(libc_a-localeconv.o)
 .debug_line    0x0000b310      0x29f /usr/lib/gcc/arm-none-eabi/13.2.1/../../../arm-none-eabi/lib/thumb/v7-m/nofp/libc.a(libc_a-locale.o)
 .debug_line    0x0000b5af      0x214 /usr/lib/gcc/arm-none-eabi/13.2.1/../../../arm-none-eabi/lib/thumb/v7-m/nofp/libc.a(libc_a-mbtowc_r.o)
 .debug_line    0x0000b7c3      0x467 /usr/lib/gcc/arm-none-eabi/13.2.1/../../../arm-none-eabi/lib/thumb/v7-m/nofp/libc.a(libc_a-fflush.o)
 .debug_line    0x0000bc2a      0x115 /usr/lib/gcc/arm-none-eabi/13.2.1/../../../arm-none-eabi/lib/thumb/v7-m/nofp/libc.a(libc_a-abort.o)
 .debug_line    0x0000bd3f      0x211 /usr/lib/gcc/arm-none-eabi/13.2.1/../../../arm-none-eabi/lib/thumb/v7-m/nofp/libc.a(libc_a-callocr.o)
 .debug_line    0x0000bf50      0x275 /usr/lib/gcc/arm-none-eabi/13.2.1/../../../arm-none-eabi/lib/thumb/v7-m/nofp/libc.a(libc_a-ssputs_r.o)
 .debug_line    0x0000c1c5      0x19c /usr/lib/gcc/arm-none-eabi/13.2.1/../../../arm-none-eabi/lib/thumb/v7-m/nofp/libc.a(libc_a-readr.o)
 .debug_line    0x0000c361      0x1ab /usr/lib/gcc/arm-none-eabi/13.2.1/../../../arm-none-eabi/lib/thumb/v7-m/nofp/libc.a(libc_a-fiprintf.o)
 .debug_line    0x0000c50c      0x20b /usr/lib/gcc/arm-none-eabi/13.2.1/../../../arm-none-eabi/lib/thumb/v7-m/nofp/libc.a(libc_a-wctomb_r.o)
 .debug_line    0x0000c717      0x19d /usr/lib/gcc/arm-none-eabi/13.2.1/../../../arm-none-eabi/lib/thumb/v7-m/nofp/libc.a(libc_a-lseekr.o)
 .debug_line    0x0000c8b4      0x1f0 /usr/lib/gcc/arm-none-eabi/13.2.1/../../../arm-none-eabi/lib/thumb/v7-m/nofp/libc.a(libc_a-reent.o)
 .debug_line    0x0000caa4      0x6a9 /usr/lib/gcc/arm-none-eabi/13.2.1/../../../arm-none-eabi/lib/thumb/v7-m/nofp/libc.a(libc_a-reallocr.o)
 .debug_line    0x0000d14d       0x97 /usr/lib/gcc/arm-none-eabi/13.2.1/../../../arm-none-eabi/lib/thumb/v7-m/nofp/libc.a(libc_a-ctype_.o)
 .debug_line    0x0000d1e4      0x67e /usr/lib/gcc/arm-none-eabi/13.2.1/../../../arm-none-eabi/lib/thumb/v7-m/nofp/libc.a(libc_a-signal.o)
 .debug_line    0x0000d862      0x1be /usr/lib/gcc/arm-none-eabi/13.2.1/../../../arm-none-eabi/lib/thumb/v7-m/nofp/libc.a(libc_a-signalr.o)
 .debug_line    0x0000da20      0x20d /usr/lib/gcc/arm-none-eabi/13.2.1/../../../arm-none-eabi/lib/thumb/v7-m/nofp/libc.a(libc_a-memmove.o)
 .debug_line    0x0000dc2d     0x103b /usr/lib/gcc/arm-none-eabi/13.2.1/../../../arm-none-eabi/lib/thumb/v7-m/nofp/libc.a(libc_a-vfiprintf.o)
 .debug_line    0x0000ec68      0x2bd /usr/lib/gcc/arm-none-eabi/13.2.1/../../../arm-none-eabi/lib/thumb/v7-m/nofp/libc.a(libc_a-wsetup.o)
 .debug_line    0x0000ef25      0x189 /usr/lib/gcc/arm-none-eabi/13.2.1/../../../arm-none-eabi/lib/thumb/v7-m/nofp/libc.a(libc_a-sprint_r.o)
 .debug_line    0x0000f0ae      0x3d2 /usr/lib/gcc/arm-none-eabi/13.2.1/../../../arm-none-eabi/lib/thumb/v7-m/nofp/libc.a(libc_a-makebuf.o)
 .debug_line    0x0000f480      0x215 /usr/lib/gcc/arm-none-eabi/13.2.1/../../../arm-none-eabi/lib/thumb/v7-m/nofp/libc.a(libc_a-fstatr.o)
 .debug_line    0x0000f695      0x197 /usr/lib/gcc/arm-none-eabi/13.2.1/../../../arm-none-eabi/lib/thumb/v7-m/nofp/libc.a(libc_a-isattyr.o)
 .debug_line    0x0000f82c      0x5f5 /usr/lib/gcc/arm-none-eabi/13.2.1/../../../arm-none-eabi/lib/thumb/v7-m/nofp/libc.a(libc_a-fvwrite.o)
 .debug_line    0x0000fe21      0x16f /usr/lib/gcc/arm-none-eabi/13.2.1/thumb/v7-m/nofp/libgcc.a(_arm_addsubdf3.o)
 .debug_line    0x0000ff90      0x184 /usr/lib/gcc/arm-none-eabi/13.2.1/thumb/v7-m/nofp/libgcc.a(_arm_muldivdf3.o)
 .debug_line    0x00010114       0xa6 /usr/lib/gcc/arm-none-eabi/13.2.1/thumb/v7-m/nofp/libgcc.a(_arm_cmpdf2.o)
 .debug_line    0x000101ba       0x57 /usr/lib/gcc/arm-none-eabi/13.2.1/thumb/v7-m/nofp/libgcc.a(_arm_unorddf2.o)
 .debug_line    0x00010211       0x62 /usr/lib/gcc/arm-none-eabi/13.2.1/thumb/v7-m/nofp/libgcc.a(_arm_fixdfsi.o)

.debug_str      0x00000000    0x4557f
 .debug_str     0x00000000    0x4557f build/src/main.o
                              0x3cfc6 (size before relaxing)
 .debug_str     0x0004557f    0x3d081 build/src/board.o
 .debug_str     0x0004557f    0x3d1b2 build/src/uart.o
 .debug_str     0x0004557f    0x3d23b build/src/i2c.o
 .debug_str     0x0004557f    0x3cfde build/src/codec.o
 .debug_str     0x0004557f    0x407d6 build/src/cli.o
 .debug_str     0x0004557f    0x40f54 build/src/syscalls.o
 .debug_str     0x0004557f    0x3d047 build/src/system_stm32f10x.o
 .debug_str     0x0004557f    0x3d4f1 build/lib/STM32F10x_StdPeriph_Lib_V3.6.0/Libraries/STM32F10x_StdPeriph_Driver/src/stm32f10x_gpio.o
 .debug_str     0x0004557f    0x3dac0 build/lib/STM32F10x_StdPeriph_Lib_V3.6.0/Libraries/STM32F10x_StdPeriph_Driver/src/stm32f10x_rcc.o
 .debug_str     0x0004557f    0x3d82a build/lib/STM32F10x_StdPeriph_Lib_V3.6.0/Libraries/STM32F10x_StdPeriph_Driver/src/stm32f10x_usart.o
 .debug_str     0x0004557f    0x3d8a5 build/lib/STM32F10x_StdPeriph_Lib_V3.6.0/Libraries/STM32F10x_StdPeriph_Driver/src/stm32f10x_i2c.o
 .debug_str     0x0004557f       0x62 build/startup/startup_stm32f10x_hd.o
 .debug_str     0x0004557f       0xa3 /usr/lib/gcc/arm-none-eabi/13.2.1/../../../arm-none-eabi/lib/thumb/v7-m/nofp/libc.a(libc_a-strcmp.o)
 .debug_str     0x0004557f      0x499 /usr/lib/gcc/arm-none-eabi/13.2.1/../../../arm-none-eabi/lib/thumb/v7-m/nofp/libc.a(libc_a-errno.o)
 .debug_str     0x0004557f      0x4a4 /usr/lib/gcc/arm-none-eabi/13.2.1/../../../arm-none-eabi/lib/thumb/v7-m/nofp/libc.a(libc_a-impure.o)
 .debug_str     0x0004557f      0x6a7 /usr/lib/gcc/arm-none-eabi/13.2.1/../../../arm-none-eabi/lib/thumb/v7-m/nofp/libc.a(libc_a-findfp.o)
 .debug_str     0x0004557f      0x4de /usr/lib/gcc/arm-none-eabi/13.2.1/../../../arm-none-eabi/lib/thumb/v7-m/nofp/libc.a(libc_a-sprintf.o)
 .debug_str     0x0004557f      0x1a0 /usr/lib/gcc/arm-none-eabi/13.2.1/../../../arm-none-eabi/lib/thumb/v7-m/nofp/libc.a(libc_a-memset.o)
 .debug_str     0x0004557f      0x4af /usr/lib/gcc/arm-none-eabi/13.2.1/../../../arm-none-eabi/lib/thumb/v7-m/nofp/libc.a(libc_a-fwalk.o)
 .debug_str     0x0004557f      0x8c4 /usr/lib/gcc/arm-none-eabi/13.2.1/../../../arm-none-eabi/lib/thumb/v7-m/nofp/libc.a(libc_a-svfprintf.o)
 .debug_str     0x0004557f      0x6c7 /usr/lib/gcc/arm-none-eabi/13.2.1/../../../arm-none-eabi/lib/thumb/v7-m/nofp/libc.a(libc_a-mallocr.o)
 .debug_str     0x0004557f      0x877 /usr/lib/gcc/arm-none-eabi/13.2.1/../../../arm-none-eabi/lib/thumb/v7-m/nofp/libc.a(libc_a-dtoa.o)
 .debug_str     0x0004557f      0x60f /usr/lib/gcc/arm-none-eabi/13.2.1/../../../arm-none-eabi/lib/thumb/v7-m/nofp/libc.a(libc_a-freer.o)
 .debug_str     0x0004557f      0x4fe /usr/lib/gcc/arm-none-eabi/13.2.1/../../../arm-none-eabi/lib/thumb/v7-m/nofp/libc.a(libc_a-fclose.o)
 .debug_str     0x0004557f       0xa3 /usr/lib/gcc/arm-none-eabi/13.2.1/../../../arm-none-eabi/lib/thumb/v7-m/nofp/libc.a(libc_a-memcpy.o)
 .debug_str     0x0004557f      0x195 /usr/lib/gcc/arm-none-eabi/13.2.1/../../../arm-none-eabi/lib/thumb/v7-m/nofp/libc.a(libc_a-sysconf.o)
 .debug_str     0x0004557f      0x50c /usr/lib/gcc/arm-none-eabi/13.2.1/../../../arm-none-eabi/lib/thumb/v7-m/nofp/libc.a(libc_a-stdio.o)
 .debug_str     0x0004557f      0x4a5 /usr/lib/gcc/arm-none-eabi/13.2.1/../../../arm-none-eabi/lib/thumb/v7-m/nofp/libc.a(libc_a-writer.o)
 .debug_str     0x0004557f      0x4bd /usr/lib/gcc/arm-none-eabi/13.2.1/../../../arm-none-eabi/lib/thumb/v7-m/nofp/libc.a(libc_a-mlock.o)
 .debug_str     0x0004557f      0x4e8 /usr/lib/gcc/arm-none-eabi/13.2.1/../../../arm-none-eabi/lib/thumb/v7-m/nofp/libc.a(libc_a-ssprint_r.o)
 .debug_str     0x0004557f      0x196 /usr/lib/gcc/arm-none-eabi/13.2.1/../../../arm-none-eabi/lib/thumb/v7-m/nofp/libc.a(libc_a-strlen-stub.o)
 .debug_str     0x0004557f      0x4a8 /usr/lib/gcc/arm-none-eabi/13.2.1/../../../arm-none-eabi/lib/thumb/v7-m/nofp/libc.a(libc_a-sbrkr.o)
 .debug_str     0x0004557f      0x495 /usr/lib/gcc/arm-none-eabi/13.2.1/../../../arm-none-eabi/lib/thumb/v7-m/nofp/libc.a(libc_a-closer.o)
 .debug_str     0x0004557f      0x4d8 /usr/lib/gcc/arm-none-eabi/13.2.1/../../../arm-none-eabi/lib/thumb/v7-m/nofp/libc.a(libc_a-assert.o)
 .debug_str     0x0004557f      0x7b5 /usr/lib/gcc/arm-none-eabi/13.2.1/../../../arm-none-eabi/lib/thumb/v7-m/nofp/libc.a(libc_a-mprec.o)
 .debug_str     0x0004557f      0x1b0 /usr/lib/gcc/arm-none-eabi/13.2.1/../../../arm-none-eabi/lib/thumb/v7-m/nofp/libc.a(libc_a-memchr-stub.o)
 .debug_str     0x0004557f      0x6e5 /usr/lib/gcc/arm-none-eabi/13.2.1/../../../arm-none-eabi/lib/thumb/v7-m/nofp/libc.a(libc_a-localeconv.o)
 .debug_str     0x0004557f      0x71e /usr/lib/gcc/arm-none-eabi/13.2.1/../../../arm-none-eabi/lib/thumb/v7-m/nofp/libc.a(libc_a-locale.o)
 .debug_str     0x0004557f      0x6c5 /usr/lib/gcc/arm-none-eabi/13.2.1/../../../arm-none-eabi/lib/thumb/v7-m/nofp/libc.a(libc_a-mbtowc_r.o)
 .debug_str     0x0004557f      0x526 /usr/lib/gcc/arm-none-eabi/13.2.1/../../../arm-none-eabi/lib/thumb/v7-m/nofp/libc.a(libc_a-fflush.o)
 .debug_str     0x0004557f      0x18f /usr/lib/gcc/arm-none-eabi/13.2.1/../../../arm-none-eabi/lib/thumb/v7-m/nofp/libc.a(libc_a-abort.o)
 .debug_str     0x0004557f      0x4f1 /usr/lib/gcc/arm-none-eabi/13.2.1/../../../arm-none-eabi/lib/thumb/v7-m/nofp/libc.a(libc_a-callocr.o)
 .debug_str     0x0004557f      0x4da /usr/lib/gcc/arm-none-eabi/13.2.1/../../../arm-none-eabi/lib/thumb/v7-m/nofp/libc.a(libc_a-ssputs_r.o)
 .debug_str     0x0004557f      0x4a3 /usr/lib/gcc/arm-none-eabi/13.2.1/../../../arm-none-eabi/lib/thumb/v7-m/nofp/libc.a(libc_a-readr.o)
 .debug_str     0x0004557f      0x4e1 /usr/lib/gcc/arm-none-eabi/13.2.1/../../../arm-none-eabi/lib/thumb/v7-m/nofp/libc.a(libc_a-fiprintf.o)
 .debug_str     0x0004557f      0x6cc /usr/lib/gcc/arm-none-eabi/13.2.1/../../../arm-none-eabi/lib/thumb/v7-m/nofp/libc.a(libc_a-wctomb_r.o)
 .debug_str     0x0004557f      0x4a3 /usr/lib/gcc/arm-none-eabi/13.2.1/../../../arm-none-eabi/lib/thumb/v7-m/nofp/libc.a(libc_a-lseekr.o)
 .debug_str     0x0004557f      0x4be /usr/lib/gcc/arm-none-eabi/13.2.1/../../../arm-none-eabi/lib/thumb/v7-m/nofp/libc.a(libc_a-reent.o)
 .debug_str     0x0004557f      0x592 /usr/lib/gcc/arm-none-eabi/13.2.1/../../../arm-none-eabi/lib/thumb/v7-m/nofp/libc.a(libc_a-reallocr.o)
 .debug_str     0x0004557f      0x185 /usr/lib/gcc/arm-none-eabi/13.2.1/../../../arm-none-eabi/lib/thumb/v7-m/nofp/libc.a(libc_a-ctype_.o)
 .debug_str     0x0004557f      0x526 /usr/lib/gcc/arm-none-eabi/13.2.1/../../../arm-none-eabi/lib/thumb/v7-m/nofp/libc.a(libc_a-signal.o)
 .debug_str     0x0004557f      0x4bb /usr/lib/gcc/arm-none-eabi/13.2.1/../../../arm-none-eabi/lib/thumb/v7-m/nofp/libc.a(libc_a-signalr.o)
 .debug_str     0x0004557f      0x1bf /usr/lib/gcc/arm-none-eabi/13.2.1/../../../arm-none-eabi/lib/thumb/v7-m/nofp/libc.a(libc_a-memmove.o)
 .debug_str     0x0004557f      0x82c /usr/lib/gcc/arm-none-eabi/13.2.1/../../../arm-none-eabi/lib/thumb/v7-m/nofp/libc.a(libc_a-vfiprintf.o)
 .debug_str     0x0004557f      0x4d0 /usr/lib/gcc/arm-none-eabi/13.2.1/../../../arm-none-eabi/lib/thumb/v7-m/nofp/libc.a(libc_a-wsetup.o)
 .debug_str     0x0004557f      0x4e8 /usr/lib/gcc/arm-none-eabi/13.2.1/../../../arm-none-eabi/lib/thumb/v7-m/nofp/libc.a(libc_a-sprint_r.o)
 .debug_str     0x0004557f      0x632 /usr/lib/gcc/arm-none-eabi/13.2.1/../../../arm-none-eabi/lib/thumb/v7-m/nofp/libc.a(libc_a-makebuf.o)
 .debug_str     0x0004557f      0x5e7 /usr/lib/gcc/arm-none-eabi/13.2.1/../../../arm-none-eabi/lib/thumb/v7-m/nofp/libc.a(libc_a-fstatr.o)
 .debug_str     0x0004557f      0x49f /usr/lib/gcc/arm-none-eabi/13.2.1/../../../arm-none-eabi/lib/thumb/v7-m/nofp/libc.a(libc_a-isattyr.o)
 .debug_str     0x0004557f      0x543 /usr/lib/gcc/arm-none-eabi/13.2.1/../../../arm-none-eabi/lib/thumb/v7-m/nofp/libc.a(libc_a-fvwrite.o)
 .debug_str     0x0004557f      0x150 /usr/lib/gcc/arm-none-eabi/13.2.1/thumb/v7-m/nofp/libgcc.a(_arm_addsubdf3.o)
 .debug_str     0x0004557f       0xd0 /usr/lib/gcc/arm-none-eabi/13.2.1/thumb/v7-m/nofp/libgcc.a(_arm_muldivdf3.o)
 .debug_str     0x0004557f      0x159 /usr/lib/gcc/arm-none-eabi/13.2.1/thumb/v7-m/nofp/libgcc.a(_arm_cmpdf2.o)
 .debug_str     0x0004557f       0xbe /usr/lib/gcc/arm-none-eabi/13.2.1/thumb/v7-m/nofp/libgcc.a(_arm_unorddf2.o)
 .debug_str     0x0004557f       0xbb /usr/lib/gcc/arm-none-eabi/13.2.1/thumb/v7-m/nofp/libgcc.a(_arm_fixdfsi.o)

.comment        0x00000000       0x26
 .comment       0x00000000       0x26 build/src/main.o
                                 0x27 (size before relaxing)
 .comment       0x00000026       0x27 build/src/board.o
 .comment       0x00000026       0x27 build/src/uart.o
 .comment       0x00000026       0x27 build/src/i2c.o
 .comment       0x00000026       0x27 build/src/codec.o
 .comment       0x00000026       0x27 build/src/cli.o
 .comment       0x00000026       0x27 build/src/syscalls.o
 .comment       0x00000026       0x27 build/src/system_stm32f10x.o
 .comment       0x00000026       0x27 build/lib/STM32F10x_StdPeriph_Lib_V3.6.0/Libraries/STM32F10x_StdPeriph_Driver/src/stm32f10x_gpio.o
 .comment       0x00000026       0x27 build/lib/STM32F10x_StdPeriph_Lib_V3.6.0/Libraries/STM32F10x_StdPeriph_Driver/src/stm32f10x_rcc.o
 .comment       0x00000026       0x27 build/lib/STM32F10x_StdPeriph_Lib_V3.6.0/Libraries/STM32F10x_StdPeriph_Driver/src/stm32f10x_usart.o
 .comment       0x00000026       0x27 build/lib/STM32F10x_StdPeriph_Lib_V3.6.0/Libraries/STM32F10x_StdPeriph_Driver/src/stm32f10x_i2c.o
 .comment       0x00000026       0x27 /usr/lib/gcc/arm-none-eabi/13.2.1/../../../arm-none-eabi/lib/thumb/v7-m/nofp/libc.a(libc_a-errno.o)
 .comment       0x00000026       0x27 /usr/lib/gcc/arm-none-eabi/13.2.1/../../../arm-none-eabi/lib/thumb/v7-m/nofp/libc.a(libc_a-impure.o)
 .comment       0x00000026       0x27 /usr/lib/gcc/arm-none-eabi/13.2.1/../../../arm-none-eabi/lib/thumb/v7-m/nofp/libc.a(libc_a-findfp.o)
 .comment       0x00000026       0x27 /usr/lib/gcc/arm-none-eabi/13.2.1/../../../arm-none-eabi/lib/thumb/v7-m/nofp/libc.a(libc_a-sprintf.o)
 .comment       0x00000026       0x27 /usr/lib/gcc/arm-none-eabi/13.2.1/../../../arm-none-eabi/lib/thumb/v7-m/nofp/libc.a(libc_a-memset.o)