Archive member included to satisfy reference by file (symbol)

/usr/lib/gcc/arm-none-eabi/13.2.1/../../../arm-none-eabi/lib/thumb/v7-m/nofp/libc.a(libc_a-strcmp.o)
                              build/src/cli.o (strcmp)
/usr/lib/gcc/arm-none-eabi/13.2.1/../../../arm-none-eabi/lib/thumb/v7-m/nofp/libc.a(libc_a-errno.o)
                              build/src/syscalls.o (__errno)
/usr/lib/gcc/arm-none-eabi/13.2.1/../../../arm-none-eabi/lib/thumb/v7-m/nofp/libc.a(libc_a-impure.o)
                              /usr/lib/gcc/arm-none-eabi/13.2.1/../../../arm-none-eabi/lib/thumb/v7-m/nofp/libc.a(libc_a-errno.o) (_impure_ptr)
/usr/lib/gcc/arm-none-eabi/13.2.1/../../../arm-none-eabi/lib/thumb/v7-m/nofp/libc.a(libc_a-findfp.o)
                              /usr/lib/gcc/arm-none-eabi/13.2.1/../../../arm-none-eabi/lib/thumb/v7-m/nofp/libc.a(libc_a-impure.o) (__sf)
/usr/lib/gcc/arm-none-eabi/13.2.1/../../../arm-none-eabi/lib/thumb/v7-m/nofp/libc.a(libc_a-sprintf.o)
                              build/src/cli.o (sprintf)
/usr/lib/gcc/arm-none-eabi/13.2.1/../../../arm-none-eabi/lib/thumb/v7-m/nofp/libc.a(libc_a-memset.o)
                              /usr/lib/gcc/arm-none-eabi/13.2.1/../../../arm-none-eabi/lib/thumb/v7-m/nofp/libc.a(libc_a-findfp.o) (memset)
/usr/lib/gcc/arm-none-eabi/13.2.1/../../../arm-none-eabi/lib/thumb/v7-m/nofp/libc.a(libc_a-fwalk.o)
                              /usr/lib/gcc/arm-none-eabi/13.2.1/../../../arm-none-eabi/lib/thumb/v7-m/nofp/libc.a(libc_a-findfp.o) (_fwalk_sglue)
/usr/lib/gcc/arm-none-eabi/13.2.1/../../../arm-none-eabi/lib/thumb/v7-m/nofp/libc.a(libc_a-svfprintf.o)
                              /usr/lib/gcc/arm-none-eabi/13.2.1/../../../arm-none-eabi/lib/thumb/v7-m/nofp/libc.a(libc_a-sprintf.o) (_svfprintf_r)
/usr/lib/gcc/arm-none-eabi/13.2.1/../../../arm-none-eabi/lib/thumb/v7-m/nofp/libc.a(libc_a-mallocr.o)
                              /usr/lib/gcc/arm-none-eabi/13.2.1/../../../arm-none-eabi/lib/thumb/v7-m/nofp/libc.a(libc_a-findfp.o) (_malloc_r)
/usr/lib/gcc/arm-none-eabi/13.2.1/../../../arm-none-eabi/lib/thumb/v7-m/nofp/libc.a(libc_a-dtoa.o)
                              /usr/lib/gcc/arm-none-eabi/13.2.1/../../../arm-none-eabi/lib/thumb/v7-m/nofp/libc.a(libc_a-svfprintf.o) (_dtoa_r)
/usr/lib/gcc/arm-none-eabi/13.2.1/../../../arm-none-eabi/lib/thumb/v7-m/nofp/libc.a(libc_a-freer.o)
                              /usr/lib/gcc/arm-none-eabi/13.2.1/../../../arm-none-eabi/lib/thumb/v7-m/nofp/libc.a(libc_a-mallocr.o) (_free_r)
/usr/lib/gcc/arm-none-eabi/13.2.1/../../../arm-none-eabi/lib/thumb/v7-m/nofp/libc.a(libc_a-fclose.o)
                              /usr/lib/gcc/arm-none-eabi/13.2.1/../../../arm-none-eabi/lib/thumb/v7-m/nofp/libc.a(libc_a-findfp.o) (_fclose_r)
/usr/lib/gcc/arm-none-eabi/13.2.1/../../../arm-none-eabi/lib/thumb/v7-m/nofp/libc.a(libc_a-memcpy.o)
                              /usr/lib/gcc/arm-none-eabi/13.2.1/../../../arm-none-eabi/lib/thumb/v7-m/nofp/libc.a(libc_a-dtoa.o) (memcpy)
/usr/lib/gcc/arm-none-eabi/13.2.1/../../../arm-none-eabi/lib/thumb/v7-m/nofp/libc.a(libc_a-sysconf.o)
                              /usr/lib/gcc/arm-none-eabi/13.2.1/../../../arm-none-eabi/lib/thumb/v7-m/nofp/libc.a(libc_a-mallocr.o) (sysconf)
/usr/lib/gcc/arm-none-eabi/13.2.1/../../../arm-none-eabi/lib/thumb/v7-m/nofp/libc.a(libc_a-stdio.o)
                              /usr/lib/gcc/arm-none-eabi/13.2.1/../../../arm-none-eabi/lib/thumb/v7-m/nofp/libc.a(libc_a-findfp.o) (__sread)
/usr/lib/gcc/arm-none-eabi/13.2.1/../../../arm-none-eabi/lib/thumb/v7-m/nofp/libc.a(libc_a-writer.o)
                              /usr/lib/gcc/arm-none-eabi/13.2.1/../../../arm-none-eabi/lib/thumb/v7-m/nofp/libc.a(libc_a-stdio.o) (_write_r)
/usr/lib/gcc/arm-none-eabi/13.2.1/../../../arm-none-eabi/lib/thumb/v7-m/nofp/libc.a(libc_a-mlock.o)
                              /usr/lib/gcc/arm-none-eabi/13.2.1/../../../arm-none-eabi/lib/thumb/v7-m/nofp/libc.a(libc_a-mallocr.o) (__malloc_lock)
/usr/lib/gcc/arm-none-eabi/13.2.1/../../../arm-none-eabi/lib/thumb/v7-m/nofp/libc.a(libc_a-ssprint_r.o)
                              /usr/lib/gcc/arm-none-eabi/13.2.1/../../../arm-none-eabi/lib/thumb/v7-m/nofp/libc.a(libc_a-svfprintf.o) (__ssprint_r)
/usr/lib/gcc/arm-none-eabi/13.2.1/../../../arm-none-eabi/lib/thumb/v7-m/nofp/libc.a(libc_a-strlen-stub.o)
                              /usr/lib/gcc/arm-none-eabi/13.2.1/../../../arm-none-eabi/lib/thumb/v7-m/nofp/libc.a(libc_a-svfprintf.o) (strlen)
/usr/lib/gcc/arm-none-eabi/13.2.1/../../../arm-none-eabi/lib/thumb/v7-m/nofp/libc.a(libc_a-sbrkr.o)
                              /usr/lib/gcc/arm-none-eabi/13.2.1/../../../arm-none-eabi/lib/thumb/v7-m/nofp/libc.a(libc_a-mallocr.o) (_sbrk_r)
/usr/lib/gcc/arm-none-eabi/13.2.1/../../../arm-none-eabi/lib/thumb/v7-m/nofp/libc.a(libc_a-closer.o)
                              /usr/lib/gcc/arm-none-eabi/13.2.1/../../../arm-none-eabi/lib/thumb/v7-m/nofp/libc.a(libc_a-stdio.o) (_close_r)
[...]
Memory Configuration

Name             Origin             Length             Attributes
FLASH            0x08000000         0x00040000         xr
RAM              0x20000000         0x0000c000         xrw
*default*        0x00000000         0xffffffff

Linker script and memory map

LOAD build/src/main.o
LOAD build/src/board.o
LOAD build/src/uart.o
LOAD build/src/i2c.o
LOAD build/src/cli.o
LOAD build/src/syscalls.o
LOAD build/src/system_stm32f10x.o
LOAD build/lib/STM32F10x_StdPeriph_Lib_V3.6.0/Libraries/STM32F10x_StdPeriph_Driver/src/misc.o
LOAD build/lib/STM32F10x_StdPeriph_Lib_V3.6.0/Libraries/STM32F10x_StdPeriph_Driver/src/stm32f10x_gpio.o
LOAD build/lib/STM32F10x_StdPeriph_Lib_V3.6.0/Libraries/STM32F10x_StdPeriph_Driver/src/stm32f10x_rcc.o
LOAD build/lib/STM32F10x_StdPeriph_Lib_V3.6.0/Libraries/STM32F10x_StdPeriph_Driver/src/stm32f10x_spi.o
LOAD build/lib/STM32F10x_StdPeriph_Lib_V3.6.0/Libraries/STM32F10x_StdPeriph_Driver/src/stm32f10x_dma.o
LOAD build/lib/STM32F10x_StdPeriph_Lib_V3.6.0/Libraries/STM32F10x_StdPeriph_Driver/src/stm32f10x_usart.o
LOAD build/lib/STM32F10x_StdPeriph_Lib_V3.6.0/Libraries/STM32F10x_StdPeriph_Driver/src/stm32f10x_i2c.o
LOAD build/startup/startup_stm32f10x_hd.o
START GROUP
LOAD /usr/lib/gcc/arm-none-eabi/13.2.1/thumb/v7-m/nofp/libgcc.a
LOAD /usr/lib/gcc/arm-none-eabi/13.2.1/../../../arm-none-eabi/lib/thumb/v7-m/nofp/libc.a
END GROUP
                0x2000c000                        _estack = (ORIGIN (RAM) + LENGTH (RAM))

.isr_vector     0x08000000      0x1d4
 *(.isr_vector)
 .isr_vector    0x08000000      0x1d4 build/startup/startup_stm32f10x_hd.o
                0x08000000                g_pfnVectors

.text           0x080001d8     0x76fc
 *(.text*)
 .text.uart_hex32
                0x080001d8       0x24 build/src/main.o
 .text.startup.main
                0x080001fc      0x154 build/src/main.o
                0x080001fc                main
 .text.board_init
                0x08000350       0x38 build/src/board.o
                0x08000350                board_init
 .text.led_on   0x08000388       0x1c build/src/board.o
                0x08000388                led_on
 .text.led_off  0x080003a4       0x1c build/src/board.o
                0x080003a4                led_off
 .text.uart2_init
                0x080003c0       0x70 build/src/uart.o
                0x080003c0                uart2_init
 .text.uart2_available
                0x08000430       0x10 build/src/uart.o
                0x08000430                uart2_available
 .text.uart2_getc
                0x08000440        0xc build/src/uart.o
                0x08000440                uart2_getc
 .text.uart2_putc
                0x0800044c       0x10 build/src/uart.o
                0x0800044c                uart2_putc
 .text.uart2_print
                0x0800045c       0x12 build/src/uart.o
                0x0800045c                uart2_print
 *fill*         0x0800046e        0x2 
 .text.esp_uart_putc
                0x08000470       0x10 build/src/uart.o
                0x08000470                esp_uart_putc
 .text.esp_uart_print
                0x08000480       0x12 build/src/uart.o
                0x08000480                esp_uart_print
 *fill*         0x08000492        0x2 
 .text.i2c2_wait_flag
                0x08000494       0x20 build/src/i2c.o
 .text.i2c2_init
                0x080004b4       0x68 build/src/i2c.o
                0x080004b4                i2c2_init
 .text.i2c2_probe
                0x0800051c       0x6c build/src/i2c.o
                0x0800051c                i2c2_probe
 .text.cli_init
                0x08000588        0xc build/src/cli.o
                0x08000588                cli_init
 .text.cli_task
                0x08000594      0x260 build/src/cli.o
                0x08000594                cli_task
 .text._sbrk    0x080007f4       0x38 build/src/syscalls.o
                0x080007f4                _sbrk
 .text._write   0x0800082c       0x34 build/src/syscalls.o
                0x0800082c                _write
 .text._close   0x08000860        0x6 build/src/syscalls.o
                0x08000860                _close
 .text._fstat   0x08000866        0x4 build/src/syscalls.o
                0x08000866                _fstat
 .text._isatty  0x0800086a        0xc build/src/syscalls.o
                0x0800086a                _isatty
 .text._lseek   0x08000876        0x4 build/src/syscalls.o
                0x08000876                _lseek
 .text._read    0x0800087a       0x10 build/src/syscalls.o
                0x0800087a                _read
 .text._exit    0x0800088a        0x2 build/src/syscalls.o
                0x0800088a                _exit
 .text._kill    0x0800088c       0x10 build/src/syscalls.o
                0x0800088c                _kill
 .text._getpid  0x0800089c        0x4 build/src/syscalls.o
                0x0800089c                _getpid
 .text.SystemInit
                0x080008a0       0xf0 build/src/system_stm32f10x.o
                0x080008a0                SystemInit
 .text.GPIO_Init
                0x08000990       0x94 build/lib/STM32F10x_StdPeriph_Lib_V3.6.0/Libraries/STM32F10x_StdPeriph_Driver/src/stm32f10x_gpio.o
                0x08000990                GPIO_Init
 .text.GPIO_SetBits
                0x08000a24        0x4 build/lib/STM32F10x_StdPeriph_Lib_V3.6.0/Libraries/STM32F10x_StdPeriph_Driver/src/stm32f10x_gpio.o
                0x08000a24                GPIO_SetBits
 .text.GPIO_ResetBits
                0x08000a28        0x4 build/lib/STM32F10x_StdPeriph_Lib_V3.6.0/Libraries/STM32F10x_StdPeriph_Driver/src/stm32f10x_gpio.o
                0x08000a28                GPIO_ResetBits
 .text.RCC_GetClocksFreq
                0x08000a2c       0x80 build/lib/STM32F10x_StdPeriph_Lib_V3.6.0/Libraries/STM32F10x_StdPeriph_Driver/src/stm32f10x_rcc.o
                0x08000a2c                RCC_GetClocksFreq
 .text.RCC_APB2PeriphClockCmd
                0x08000aac       0x18 build/lib/STM32F10x_StdPeriph_Lib_V3.6.0/Libraries/STM32F10x_StdPeriph_Driver/src/stm32f10x_rcc.o
                0x08000aac                RCC_APB2PeriphClockCmd
 .text.RCC_APB1PeriphClockCmd
                0x08000ac4       0x18 build/lib/STM32F10x_StdPeriph_Lib_V3.6.0/Libraries/STM32F10x_StdPeriph_Driver/src/stm32f10x_rcc.o
                0x08000ac4                RCC_APB1PeriphClockCmd
 .text.RCC_APB1PeriphResetCmd
                0x08000adc       0x18 build/lib/STM32F10x_StdPeriph_Lib_V3.6.0/Libraries/STM32F10x_StdPeriph_Driver/src/stm32f10x_rcc.o
                0x08000adc                RCC_APB1PeriphResetCmd
 .text.USART_Init
                0x08000af4       0xa4 build/lib/STM32F10x_StdPeriph_Lib_V3.6.0/Libraries/STM32F10x_StdPeriph_Driver/src/stm32f10x_usart.o
                0x08000af4                USART_Init
 .text.USART_Cmd
                0x08000b98       0x18 build/lib/STM32F10x_StdPeriph_Lib_V3.6.0/Libraries/STM32F10x_StdPeriph_Driver/src/stm32f10x_usart.o
                0x08000b98                USART_Cmd
 .text.I2C_DeInit
                0x08000bb0       0x34 build/lib/STM32F10x_StdPeriph_Lib_V3.6.0/Libraries/STM32F10x_StdPeriph_Driver/src/stm32f10x_i2c.o
                0x08000bb0                I2C_DeInit
 .text.I2C_Init
                0x08000be4       0xd4 build/lib/STM32F10x_StdPeriph_Lib_V3.6.0/Libraries/STM32F10x_StdPeriph_Driver/src/stm32f10x_i2c.o
                0x08000be4                I2C_Init
 .text.I2C_Cmd  0x08000cb8       0x18 build/lib/STM32F10x_StdPeriph_Lib_V3.6.0/Libraries/STM32F10x_StdPeriph_Driver/src/stm32f10x_i2c.o
                0x08000cb8                I2C_Cmd
 .text.I2C_GenerateSTART
                0x08000cd0       0x18 build/lib/STM32F10x_StdPeriph_Lib_V3.6.0/Libraries/STM32F10x_StdPeriph_Driver/src/stm32f10x_i2c.o
                0x08000cd0                I2C_GenerateSTART
 .text.I2C_GenerateSTOP
                0x08000ce8       0x18 build/lib/STM32F10x_StdPeriph_Lib_V3.6.0/Libraries/STM32F10x_StdPeriph_Driver/src/stm32f10x_i2c.o
                0x08000ce8                I2C_GenerateSTOP
 .text.I2C_Send7bitAddress
                0x08000d00       0x10 build/lib/STM32F10x_StdPeriph_Lib_V3.6.0/Libraries/STM32F10x_StdPeriph_Driver/src/stm32f10x_i2c.o
                0x08000d00                I2C_Send7bitAddress
 .text.I2C_ClearFlag
                0x08000d10        0x8 build/lib/STM32F10x_StdPeriph_Lib_V3.6.0/Libraries/STM32F10x_StdPeriph_Driver/src/stm32f10x_i2c.o
                0x08000d10                I2C_ClearFlag
 .text.Reset_Handler
                0x08000d18       0x44 build/startup/startup_stm32f10x_hd.o
                0x08000d18                Reset_Handler
 .text.Default_Handler
                0x08000d5c        0x2 build/startup/startup_stm32f10x_hd.o
                0x08000d5c                EXTI2_IRQHandler
                0x08000d5c                TIM8_TRG_COM_IRQHandler
                0x08000d5c                TIM8_CC_IRQHandler
                0x08000d5c                DebugMon_Handler
                0x08000d5c                TIM1_CC_IRQHandler
                0x08000d5c                HardFault_Handler
                0x08000d5c                TIM6_IRQHandler
                0x08000d5c                SysTick_Handler
                0x08000d5c                PVD_IRQHandler
                0x08000d5c                SDIO_IRQHandler
                0x08000d5c                PendSV_Handler
                0x08000d5c                NMI_Handler
                0x08000d5c                EXTI3_IRQHandler
                0x08000d5c                EXTI0_IRQHandler
                0x08000d5c                I2C2_EV_IRQHandler
                0x08000d5c                UsageFault_Handler
                0x08000d5c                ADC1_2_IRQHandler
                0x08000d5c                SPI1_IRQHandler
                0x08000d5c                TAMPER_IRQHandler
                0x08000d5c                TIM8_UP_IRQHandler
                0x08000d5c                DMA2_Channel2_IRQHandler
                0x08000d5c                DMA1_Channel4_IRQHandler
                0x08000d5c                USART3_IRQHandler
                0x08000d5c                RTC_IRQHandler
                0x08000d5c                DMA1_Channel7_IRQHandler
                0x08000d5c                CAN1_RX1_IRQHandler
                0x08000d5c                UART5_IRQHandler
                0x08000d5c                ADC3_IRQHandler
                0x08000d5c                TIM4_IRQHandler
                0x08000d5c                DMA2_Channel1_IRQHandler
                0x08000d5c                I2C1_EV_IRQHandler
                0x08000d5c                DMA1_Channel6_IRQHandler
                0x08000d5c                UART4_IRQHandler
                0x08000d5c                TIM3_IRQHandler
                0x08000d5c                RCC_IRQHandler
                0x08000d5c                TIM1_TRG_COM_IRQHandler
                0x08000d5c                DMA1_Channel1_IRQHandler
                0x08000d5c                Default_Handler
                0x08000d5c                EXTI15_10_IRQHandler
                0x08000d5c                TIM7_IRQHandler
                0x08000d5c                TIM5_IRQHandler
                0x08000d5c                EXTI9_5_IRQHandler
                0x08000d5c                SPI2_IRQHandler
                0x08000d5c                MemManage_Handler
                0x08000d5c                SVC_Handler
                0x08000d5c                DMA1_Channel5_IRQHandler
                0x08000d5c                EXTI4_IRQHandler
                0x08000d5c                USB_LP_CAN1_RX0_IRQHandler
                0x08000d5c                USB_HP_CAN1_TX_IRQHandler
                0x08000d5c                DMA1_Channel3_IRQHandler
                0x08000d5c                FSMC_IRQHandler
                0x08000d5c                TIM1_UP_IRQHandler
                0x08000d5c                WWDG_IRQHandler
                0x08000d5c                TIM2_IRQHandler
                0x08000d5c                TIM1_BRK_IRQHandler
                0x08000d5c                EXTI1_IRQHandler
                0x08000d5c                RTCAlarm_IRQHandler
                0x08000d5c                DMA2_Channel4_5_IRQHandler
                0x08000d5c                USART2_IRQHandler
                0x08000d5c                I2C2_ER_IRQHandler
                0x08000d5c                DMA1_Channel2_IRQHandler
                0x08000d5c                TIM8_BRK_IRQHandler
                0x08000d5c                CAN1_SCE_IRQHandler
                0x08000d5c                FLASH_IRQHandler
                0x08000d5c                BusFault_Handler
                0x08000d5c                USART1_IRQHandler
                0x08000d5c                SPI3_IRQHandler
                0x08000d5c                I2C1_ER_IRQHandler
                0x08000d5c                USBWakeUp_IRQHandler
                0x08000d5c                DMA2_Channel3_IRQHandler
 *fill*         0x08000d5e        0x2 
 .text          0x08000d60      0x1bc /usr/lib/gcc/arm-none-eabi/13.2.1/../../../arm-none-eabi/lib/thumb/v7-m/nofp/libc.a(libc_a-strcmp.o)
                0x08000d60                strcmp
 .text          0x08000f1c        0xc /usr/lib/gcc/arm-none-eabi/13.2.1/../../../arm-none-eabi/lib/thumb/v7-m/nofp/libc.a(libc_a-errno.o)
                0x08000f1c                __errno
 .text          0x08000f28      0x224 /usr/lib/gcc/arm-none-eabi/13.2.1/../../../arm-none-eabi/lib/thumb/v7-m/nofp/libc.a(libc_a-findfp.o)
                0x08001058                __sfp
                0x080010fc                __sinit
                0x0800111c                __sfp_lock_acquire
                0x08001120                __sfp_lock_release
                0x08001124                __fp_lock_all
                0x08001138                __fp_unlock_all
 .text          0x0800114c       0x80 /usr/lib/gcc/arm-none-eabi/13.2.1/../../../arm-none-eabi/lib/thumb/v7-m/nofp/libc.a(libc_a-sprintf.o)
                0x0800114c                _sprintf_r
                0x08001188                sprintf
 .text          0x080011cc       0xa0 /usr/lib/gcc/arm-none-eabi/13.2.1/../../../arm-none-eabi/lib/thumb/v7-m/nofp/libc.a(libc_a-memset.o)
                0x080011cc                memset
 .text          0x0800126c       0x44 /usr/lib/gcc/arm-none-eabi/13.2.1/../../../arm-none-eabi/lib/thumb/v7-m/nofp/libc.a(libc_a-fwalk.o)
                0x0800126c                _fwalk_sglue
 .text          0x080012b0     0x1410 /usr/lib/gcc/arm-none-eabi/13.2.1/../../../arm-none-eabi/lib/thumb/v7-m/nofp/libc.a(libc_a-svfprintf.o)
                0x080012b0                _svfprintf_r
 .text          0x080026c0      0x55c /usr/lib/gcc/arm-none-eabi/13.2.1/../../../arm-none-eabi/lib/thumb/v7-m/nofp/libc.a(libc_a-mallocr.o)
                0x080026c0                _malloc_r
 *fill*         0x08002c1c        0x4 
 .text          0x08002c20      0xfd4 /usr/lib/gcc/arm-none-eabi/13.2.1/../../../arm-none-eabi/lib/thumb/v7-m/nofp/libc.a(libc_a-dtoa.o)
                0x08002d5c                _dtoa_r
 .text          0x08003bf4      0x2b0 /usr/lib/gcc/arm-none-eabi/13.2.1/../../../arm-none-eabi/lib/thumb/v7-m/nofp/libc.a(libc_a-freer.o)
                0x08003bf4                _malloc_trim_r
                0x08003cac                _free_r
 .text          0x08003ea4       0x90 /usr/lib/gcc/arm-none-eabi/13.2.1/../../../arm-none-eabi/lib/thumb/v7-m/nofp/libc.a(libc_a-fclose.o)
                0x08003ea4                _fclose_r
                0x08003f24                fclose
 .text          0x08003f34       0xec /usr/lib/gcc/arm-none-eabi/13.2.1/../../../arm-none-eabi/lib/thumb/v7-m/nofp/libc.a(libc_a-memcpy.o)
                0x08003f34                memcpy
 .text          0x08004020       0x1c /usr/lib/gcc/arm-none-eabi/13.2.1/../../../arm-none-eabi/lib/thumb/v7-m/nofp/libc.a(libc_a-sysconf.o)
                0x08004020                sysconf
 .text          0x0800403c       0x94 /usr/lib/gcc/arm-none-eabi/13.2.1/../../../arm-none-eabi/lib/thumb/v7-m/nofp/libc.a(libc_a-stdio.o)
                0x0800403c                __sread
                0x08004060                __seofread
                0x08004064                __swrite
                0x080040a4                __sseek
                0x080040c8                __sclose
 .text          0x080040d0       0x2c /usr/lib/gcc/arm-none-eabi/13.2.1/../../../arm-none-eabi/lib/thumb/v7-m/nofp/libc.a(libc_a-writer.o)
                0x080040d0                _write_r
 .text          0x080040fc        0x8 /usr/lib/gcc/arm-none-eabi/13.2.1/../../../arm-none-eabi/lib/thumb/v7-m/nofp/libc.a(libc_a-mlock.o)
                0x080040fc                __malloc_lock
                0x08004100                __malloc_unlock
 .text          0x08004104       0x58 /usr/lib/gcc/arm-none-eabi/13.2.1/../../../arm-none-eabi/lib/thumb/v7-m/nofp/libc.a(libc_a-ssprint_r.o)
                0x08004104                __ssprint_r
 .text          0x0800415c       0x5c /usr/lib/gcc/arm-none-eabi/13.2.1/../../../arm-none-eabi/lib/thumb/v7-m/nofp/libc.a(libc_a-strlen-stub.o)
                0x0800415c                strlen
 .text          0x080041b8       0x24 /usr/lib/gcc/arm-none-eabi/13.2.1/../../../arm-none-eabi/lib/thumb/v7-m/nofp/libc.a(libc_a-sbrkr.o)
                0x080041b8                _sbrk_r
 .text          0x080041dc       0x24 /usr/lib/gcc/arm-none-eabi/13.2.1/../../../arm-none-eabi/lib/thumb/v7-m/nofp/libc.a(libc_a-closer.o)
                0x080041dc                _close_r
 .text          0x08004200       0x4c /usr/lib/gcc/arm-none-eabi/13.2.1/../../../arm-none-eabi/lib/thumb/v7-m/nofp/libc.a(libc_a-assert.o)
                0x08004200                __assert_func
                0x08004240                __assert
 .text          0x0800424c      0xa78 /usr/lib/gcc/arm-none-eabi/13.2.1/../../../arm-none-eabi/lib/thumb/v7-m/nofp/libc.a(libc_a-mprec.o)
                0x0800424c                _Balloc
                0x08004298                _Bfree
                0x080042ac                __multadd
                0x08004350                __s2b
                0x08004400                __hi0bits
                0x08004444                __lo0bits
                0x080044a0                __i2b
                0x080044fc                __multiply
                0x08004660                __pow5mult
                0x08004714                __lshift
                0x08004800                __mcmp
                0x08004840                __mdiff
                0x080049b8                __ulp
                0x08004a08                __b2d
                0x08004abc                __d2b
                0x08004b78                __ratio
                0x08004bd4                _mprec_log10
                0x08004c0c                __copybits
                0x08004c6c                __any_on
 .text          0x08004cc4       0x98 /usr/lib/gcc/arm-none-eabi/13.2.1/../../../arm-none-eabi/lib/thumb/v7-m/nofp/libc.a(libc_a-memchr-stub.o)
                0x08004cc4                memchr
 .text          0x08004d5c       0x14 /usr/lib/gcc/arm-none-eabi/13.2.1/../../../arm-none-eabi/lib/thumb/v7-m/nofp/libc.a(libc_a-localeconv.o)
                0x08004d5c                __localeconv_l
                0x08004d60                _localeconv_r
                0x08004d68                localeconv
 .text          0x08004d70       0x40 /usr/lib/gcc/arm-none-eabi/13.2.1/../../../arm-none-eabi/lib/thumb/v7-m/nofp/libc.a(libc_a-mbtowc_r.o)
                0x08004d70                _mbtowc_r
                0x08004d84                __ascii_mbtowc
 .text          0x08004db0      0x19c /usr/lib/gcc/arm-none-eabi/13.2.1/../../../arm-none-eabi/lib/thumb/v7-m/nofp/libc.a(libc_a-fflush.o)
                0x08004db0                __sflush_r
                0x08004ed8                _fflush_r
                0x08004f04                fflush
 .text          0x08004f4c       0x10 /usr/lib/gcc/arm-none-eabi/13.2.1/../../../arm-none-eabi/lib/thumb/v7-m/nofp/libc.a(libc_a-abort.o)
                0x08004f4c                abort
 .text          0x08004f5c       0x6c /usr/lib/gcc/arm-none-eabi/13.2.1/../../../arm-none-eabi/lib/thumb/v7-m/nofp/libc.a(libc_a-callocr.o)
                0x08004f5c                _calloc_r
 .text          0x08004fc8       0xc0 /usr/lib/gcc/arm-none-eabi/13.2.1/../../../arm-none-eabi/lib/thumb/v7-m/nofp/libc.a(libc_a-ssputs_r.o)
                0x08004fc8                __ssputs_r
 .text          0x08005088       0x2c /usr/lib/gcc/arm-none-eabi/13.2.1/../../../arm-none-eabi/lib/thumb/v7-m/nofp/libc.a(libc_a-readr.o)
                0x08005088                _read_r
 .text          0x080050b4       0x44 /usr/lib/gcc/arm-none-eabi/13.2.1/../../../arm-none-eabi/lib/thumb/v7-m/nofp/libc.a(libc_a-fiprintf.o)
                0x080050b4                _fiprintf_r
                0x080050d0                fiprintf
 .text          0x080050f8       0x30 /usr/lib/gcc/arm-none-eabi/13.2.1/../../../arm-none-eabi/lib/thumb/v7-m/nofp/libc.a(libc_a-wctomb_r.o)
                0x080050f8                _wctomb_r
                0x0800510c                __ascii_wctomb
 .text          0x08005128       0x2c /usr/lib/gcc/arm-none-eabi/13.2.1/../../../arm-none-eabi/lib/thumb/v7-m/nofp/libc.a(libc_a-lseekr.o)
                0x08005128                _lseek_r
 .text          0x08005154      0x34c /usr/lib/gcc/arm-none-eabi/13.2.1/../../../arm-none-eabi/lib/thumb/v7-m/nofp/libc.a(libc_a-reallocr.o)
                0x08005154                _realloc_r
 .text          0x080054a0      0x284 /usr/lib/gcc/arm-none-eabi/13.2.1/../../../arm-none-eabi/lib/thumb/v7-m/nofp/libc.a(libc_a-signal.o)
                0x080054a0                _init_signal_r
                0x080054d0                _signal_r
                0x08005520                _raise_r
                0x08005574                __sigtramp_r
                0x080055dc                raise
                0x08005634                signal
                0x08005684                _init_signal
                0x080056bc                __sigtramp
 .text          0x08005724       0x2c /usr/lib/gcc/arm-none-eabi/13.2.1/../../../arm-none-eabi/lib/thumb/v7-m/nofp/libc.a(libc_a-signalr.o)
                0x08005724                _kill_r
                0x0800574c                _getpid_r
 .text          0x08005750       0xfc /usr/lib/gcc/arm-none-eabi/13.2.1/../../../arm-none-eabi/lib/thumb/v7-m/nofp/libc.a(libc_a-memmove.o)
                0x08005750                memmove
 .text          0x0800584c      0xb50 /usr/lib/gcc/arm-none-eabi/13.2.1/../../../arm-none-eabi/lib/thumb/v7-m/nofp/libc.a(libc_a-vfiprintf.o)
                0x0800584c                _vfiprintf_r
                0x08006314                vfiprintf
 .text          0x0800639c       0xc4 /usr/lib/gcc/arm-none-eabi/13.2.1/../../../arm-none-eabi/lib/thumb/v7-m/nofp/libc.a(libc_a-wsetup.o)
                0x0800639c                __swsetup_r
 .text          0x08006460       0x20 /usr/lib/gcc/arm-none-eabi/13.2.1/../../../arm-none-eabi/lib/thumb/v7-m/nofp/libc.a(libc_a-sprint_r.o)
                0x08006460                __sprint_r
 .text          0x08006480      0x13c /usr/lib/gcc/arm-none-eabi/13.2.1/../../../arm-none-eabi/lib/thumb/v7-m/nofp/libc.a(libc_a-makebuf.o)
                0x08006480                __smakebuf_r
                0x0800655c                __swhatbuf_r
 .text          0x080065bc       0x28 /usr/lib/gcc/arm-none-eabi/13.2.1/../../../arm-none-eabi/lib/thumb/v7-m/nofp/libc.a(libc_a-fstatr.o)
                0x080065bc                _fstat_r
 .text          0x080065e4       0x24 /usr/lib/gcc/arm-none-eabi/13.2.1/../../../arm-none-eabi/lib/thumb/v7-m/nofp/libc.a(libc_a-isattyr.o)
                0x080065e4                _isatty_r
 .text          0x08006608      0x2ec /usr/lib/gcc/arm-none-eabi/13.2.1/../../../arm-none-eabi/lib/thumb/v7-m/nofp/libc.a(libc_a-fvwrite.o)
                0x08006608                __sfvwrite_r
 .text          0x080068f4      0x378 /usr/lib/gcc/arm-none-eabi/13.2.1/thumb/v7-m/nofp/libgcc.a(_arm_addsubdf3.o)
                0x080068f4                __aeabi_drsub
                0x080068fc                __aeabi_dsub
                0x080068fc                __subdf3
                0x08006900                __adddf3
                0x08006900                __aeabi_dadd
                0x08006b78                __aeabi_ui2d
                0x08006b78                __floatunsidf
                0x08006b98                __floatsidf
                0x08006b98                __aeabi_i2d
                0x08006bbc                __extendsfdf2
                0x08006bbc                __aeabi_f2d
                0x08006c00                __aeabi_ul2d
                0x08006c00                __floatundidf
                0x08006c10                __floatdidf
                0x08006c10                __aeabi_l2d
 .text          0x08006c6c      0x424 /usr/lib/gcc/arm-none-eabi/13.2.1/thumb/v7-m/nofp/libgcc.a(_arm_muldivdf3.o)
                0x08006c6c                __aeabi_dmul
                0x08006c6c                __muldf3
                0x08006ec0                __aeabi_ddiv
                0x08006ec0                __divdf3
 .text          0x08007090      0x110 /usr/lib/gcc/arm-none-eabi/13.2.1/thumb/v7-m/nofp/libgcc.a(_arm_cmpdf2.o)
                0x08007090                __gtdf2
                0x08007090                __gedf2
                0x08007098                __ltdf2
                0x08007098                __ledf2
                0x080070a0                __cmpdf2
                0x080070a0                __eqdf2
                0x080070a0                __nedf2
                0x0800711c                __aeabi_cdrcmple
                0x0800712c                __aeabi_cdcmple
                0x0800712c                __aeabi_cdcmpeq
                0x0800713c                __aeabi_dcmpeq
                0x08007150                __aeabi_dcmplt
                0x08007164                __aeabi_dcmple
                0x08007178                __aeabi_dcmpge
                0x0800718c                __aeabi_dcmpgt
 .text          0x080071a0       0x2c /usr/lib/gcc/arm-none-eabi/13.2.1/thumb/v7-m/nofp/libgcc.a(_arm_unorddf2.o)
                0x080071a0                __aeabi_dcmpun
                0x080071a0                __unorddf2
 .text          0x080071cc       0x50 /usr/lib/gcc/arm-none-eabi/13.2.1/thumb/v7-m/nofp/libgcc.a(_arm_fixdfsi.o)
                0x080071cc                __fixdfsi
                0x080071cc                __aeabi_d2iz
 *(.rodata*)
 .rodata.main.str1.1
                0x0800721c      0x2fb build/src/main.o
                                0x202 (size before relaxing)
 .rodata.hex.0  0x08007517       0x11 build/src/main.o
 .rodata.cli_task.str1.1
                0x08007528      0x13f build/src/cli.o
 .rodata.hex.1  0x08007528       0x11 build/src/cli.o
 .rodata.ADCPrescTable
                0x08007539        0x4 build/lib/STM32F10x_StdPeriph_Lib_V3.6.0/Libraries/STM32F10x_StdPeriph_Driver/src/stm32f10x_rcc.o
 .rodata.APBAHBPrescTable
                0x0800753d       0x10 build/lib/STM32F10x_StdPeriph_Lib_V3.6.0/Libraries/STM32F10x_StdPeriph_Driver/src/stm32f10x_rcc.o
 *fill*         0x0800754d        0x3 
 .rodata.str1.4
                0x08007550      0x112 /usr/lib/gcc/arm-none-eabi/13.2.1/../../../arm-none-eabi/lib/thumb/v7-m/nofp/libc.a(libc_a-svfprintf.o)
                                 0x42 (size before relaxing)
 *fill*         0x08007662        0x2 
 .rodata        0x08007664       0x20 /usr/lib/gcc/arm-none-eabi/13.2.1/../../../arm-none-eabi/lib/thumb/v7-m/nofp/libc.a(libc_a-svfprintf.o)
 .rodata.str1.4
                0x08007684       0x54 /usr/lib/gcc/arm-none-eabi/13.2.1/../../../arm-none-eabi/lib/thumb/v7-m/nofp/libc.a(libc_a-dtoa.o)
 .rodata.str1.4
                0x08007684       0x43 /usr/lib/gcc/arm-none-eabi/13.2.1/../../../arm-none-eabi/lib/thumb/v7-m/nofp/libc.a(libc_a-assert.o)
 .rodata.str1.4
                0x08007684       0x41 /usr/lib/gcc/arm-none-eabi/13.2.1/../../../arm-none-eabi/lib/thumb/v7-m/nofp/libc.a(libc_a-mprec.o)
 *fill*         0x08007684        0x4 
 .rodata        0x08007688      0x128 /usr/lib/gcc/arm-none-eabi/13.2.1/../../../arm-none-eabi/lib/thumb/v7-m/nofp/libc.a(libc_a-mprec.o)
                0x08007698                __mprec_tens
                0x08007760                __mprec_tinytens
                0x08007788                __mprec_bigtens
 .rodata.str1.4
                0x080077b0       0x12 /usr/lib/gcc/arm-none-eabi/13.2.1/../../../arm-none-eabi/lib/thumb/v7-m/nofp/libc.a(libc_a-locale.o)
 .rodata        0x080077b0      0x101 /usr/lib/gcc/arm-none-eabi/13.2.1/../../../arm-none-eabi/lib/thumb/v7-m/nofp/libc.a(libc_a-ctype_.o)
                0x080077b0                _ctype_
 .rodata.str1.4
                0x080078b1       0x2f /usr/lib/gcc/arm-none-eabi/13.2.1/../../../arm-none-eabi/lib/thumb/v7-m/nofp/libc.a(libc_a-vfiprintf.o)
 *fill*         0x080078b1        0x3 
 .rodata        0x080078b4       0x20 /usr/lib/gcc/arm-none-eabi/13.2.1/../../../arm-none-eabi/lib/thumb/v7-m/nofp/libc.a(libc_a-vfiprintf.o)
 *(.init)
 *(.fini)

.glue_7         0x080078d4        0x0
 .glue_7        0x080078d4        0x0 linker stubs

.glue_7t        0x080078d4        0x0
 .glue_7t       0x080078d4        0x0 linker stubs

.vfp11_veneer   0x080078d4        0x0
 .vfp11_veneer  0x080078d4        0x0 linker stubs

.v4_bx          0x080078d4        0x0
 .v4_bx         0x080078d4        0x0 linker stubs

.iplt           0x080078d4        0x0
 .iplt          0x080078d4        0x0 build/src/main.o

.ARM.exidx      0x080078d4        0x8
 *(.ARM.exidx*)
 .ARM.exidx     0x080078d4        0x8 /usr/lib/gcc/arm-none-eabi/13.2.1/../../../arm-none-eabi/lib/thumb/v7-m/nofp/libc.a(libc_a-strcmp.o)
 .ARM.exidx     0x080078dc        0x0 /usr/lib/gcc/arm-none-eabi/13.2.1/../../../arm-none-eabi/lib/thumb/v7-m/nofp/libc.a(libc_a-memcpy.o)
                                  0x8 (size before relaxing)

.rel.dyn        0x080078dc        0x0
 .rel.iplt      0x080078dc        0x0 build/src/main.o

.data           0x20000000      0x6b4 load address 0x080078dc
                0x080078dc                        _sidata = LOADADDR (.data)
                0x20000000                        _sdata = .
 *(.data*)
 .data          0x20000000      0x128 /usr/lib/gcc/arm-none-eabi/13.2.1/../../../arm-none-eabi/lib/thumb/v7-m/nofp/libc.a(libc_a-impure.o)
                0x20000000                _impure_ptr
                0x20000008                _impure_data
 .data          0x20000128        0xc /usr/lib/gcc/arm-none-eabi/13.2.1/../../../arm-none-eabi/lib/thumb/v7-m/nofp/libc.a(libc_a-findfp.o)
                0x20000128                __sglue
 *fill*         0x20000134        0x4 
 .data          0x20000138      0x410 /usr/lib/gcc/arm-none-eabi/13.2.1/../../../arm-none-eabi/lib/thumb/v7-m/nofp/libc.a(libc_a-mallocr.o)
                0x20000138                __malloc_av_
                0x20000540                __malloc_sbrk_base
                0x20000544                __malloc_trim_threshold
 .data          0x20000548      0x16c /usr/lib/gcc/arm-none-eabi/13.2.1/../../../arm-none-eabi/lib/thumb/v7-m/nofp/libc.a(libc_a-locale.o)
                0x20000548                __global_locale
                0x200006b4                        _edata = .

.igot.plt       0x200006b4        0x0 load address 0x08007f90
 .igot.plt      0x200006b4        0x0 build/src/main.o

.bss            0x200006b4      0x1c0 load address 0x08007f90
                0x200006b4                        _sbss = .
 *(.bss*)
 .bss.led_state
                0x200006b4        0x1 build/src/board.o
 *fill*         0x200006b5        0x3 
 .bss.line_index
                0x200006b8        0x4 build/src/cli.o
 .bss.line      0x200006bc       0x40 build/src/cli.o
 .bss.heap_end  0x200006fc        0x4 build/src/syscalls.o
 .bss           0x20000700      0x13c /usr/lib/gcc/arm-none-eabi/13.2.1/../../../arm-none-eabi/lib/thumb/v7-m/nofp/libc.a(libc_a-findfp.o)
                0x20000700                __sf
                0x20000838                __stdio_exit_handler
 .bss           0x2000083c       0x34 /usr/lib/gcc/arm-none-eabi/13.2.1/../../../arm-none-eabi/lib/thumb/v7-m/nofp/libc.a(libc_a-mallocr.o)
                0x2000083c                __malloc_top_pad
                0x20000840                __malloc_current_mallinfo
                0x20000868                __malloc_max_sbrked_mem
                0x2000086c                __malloc_max_total_mem
 .bss           0x20000870        0x4 /usr/lib/gcc/arm-none-eabi/13.2.1/../../../arm-none-eabi/lib/thumb/v7-m/nofp/libc.a(libc_a-reent.o)
                0x20000870                errno
 *(COMMON)
                0x20000874                        _ebss = .
                0x20000874                        _end = .
OUTPUT(build/audio_controller.elf elf32-littlearm)
LOAD linker stubs

.debug_info     0x00000000    0x20298
 .debug_info    0x00000000      0x54d build/src/main.o
 .debug_info    0x0000054d      0x337 build/src/board.o
 .debug_info    0x00000884      0x5ec build/src/uart.o
 .debug_info    0x00000e70      0x9fb build/src/i2c.o
 .debug_info    0x0000186b      0x88f build/src/cli.o
 .debug_info    0x000020fa      0x477 build/src/syscalls.o
 .debug_info    0x00002571      0x428 build/src/system_stm32f10x.o
 .debug_info    0x00002999      0x7f4 build/lib/STM32F10x_StdPeriph_Lib_V3.6.0/Libraries/STM32F10x_StdPeriph_Driver/src/stm32f10x_gpio.o
 .debug_info    0x0000318d      0x89c build/lib/STM32F10x_StdPeriph_Lib_V3.6.0/Libraries/STM32F10x_StdPeriph_Driver/src/stm32f10x_rcc.o
 .debug_info    0x00003a29      0xb03 build/lib/STM32F10x_StdPeriph_Lib_V3.6.0/Libraries/STM32F10x_StdPeriph_Driver/src/stm32f10x_usart.o
 .debug_info    0x0000452c      0xb80 build/lib/STM32F10x_StdPeriph_Lib_V3.6.0/Libraries/STM32F10x_StdPeriph_Driver/src/stm32f10x_i2c.o
 .debug_info    0x000050ac       0x30 build/startup/startup_stm32f10x_hd.o
 .debug_info    0x000050dc       0x33 /usr/lib/gcc/arm-none-eabi/13.2.1/../../../arm-none-eabi/lib/thumb/v7-m/nofp/libc.a(libc_a-strcmp.o)
 .debug_info    0x0000510f      0x70f /usr/lib/gcc/arm-none-eabi/13.2.1/../../../arm-none-eabi/lib/thumb/v7-m/nofp/libc.a(libc_a-errno.o)
 .debug_info    0x0000581e      0x729 /usr/lib/gcc/arm-none-eabi/13.2.1/../../../arm-none-eabi/lib/thumb/v7-m/nofp/libc.a(libc_a-impure.o)
 .debug_info    0x00005f47      0xea8 /usr/lib/gcc/arm-none-eabi/13.2.1/../../../arm-none-eabi/lib/thumb/v7-m/nofp/libc.a(libc_a-findfp.o)
 .debug_info    0x00006def      0x899 /usr/lib/gcc/arm-none-eabi/13.2.1/../../../arm-none-eabi/lib/thumb/v7-m/nofp/libc.a(libc_a-sprintf.o)
 .debug_info    0x00007688      0x135 /usr/lib/gcc/arm-none-eabi/13.2.1/../../../arm-none-eabi/lib/thumb/v7-m/nofp/libc.a(libc_a-memset.o)
 .debug_info    0x000077bd      0x7e4 /usr/lib/gcc/arm-none-eabi/13.2.1/../../../arm-none-eabi/lib/thumb/v7-m/nofp/libc.a(libc_a-fwalk.o)
 .debug_info    0x00007fa1     0x178b /usr/lib/gcc/arm-none-eabi/13.2.1/../../../arm-none-eabi/lib/thumb/v7-m/nofp/libc.a(libc_a-svfprintf.o)
 .debug_info    0x0000972c      0xcd9 /usr/lib/gcc/arm-none-eabi/13.2.1/../../../arm-none-eabi/lib/thumb/v7-m/nofp/libc.a(libc_a-mallocr.o)
 .debug_info    0x0000a405     0x18d8 /usr/lib/gcc/arm-none-eabi/13.2.1/../../../arm-none-eabi/lib/thumb/v7-m/nofp/libc.a(libc_a-dtoa.o)
 .debug_info    0x0000bcdd      0xb55 /usr/lib/gcc/arm-none-eabi/13.2.1/../../../arm-none-eabi/lib/thumb/v7-m/nofp/libc.a(libc_a-freer.o)
 .debug_info    0x0000c832      0x8e6 /usr/lib/gcc/arm-none-eabi/13.2.1/../../../arm-none-eabi/lib/thumb/v7-m/nofp/libc.a(libc_a-fclose.o)
 .debug_info    0x0000d118       0x33 /usr/lib/gcc/arm-none-eabi/13.2.1/../../../arm-none-eabi/lib/thumb/v7-m/nofp/libc.a(libc_a-memcpy.o)
 .debug_info    0x0000d14b       0xc1 /usr/lib/gcc/arm-none-eabi/13.2.1/../../../arm-none-eabi/lib/thumb/v7-m/nofp/libc.a(libc_a-sysconf.o)
 .debug_info    0x0000d20c      0xa9e /usr/lib/gcc/arm-none-eabi/13.2.1/../../../arm-none-eabi/lib/thumb/v7-m/nofp/libc.a(libc_a-stdio.o)
 .debug_info    0x0000dcaa      0x7d9 /usr/lib/gcc/arm-none-eabi/13.2.1/../../../arm-none-eabi/lib/thumb/v7-m/nofp/libc.a(libc_a-writer.o)
 .debug_info    0x0000e483      0x73a /usr/lib/gcc/arm-none-eabi/13.2.1/../../../arm-none-eabi/lib/thumb/v7-m/nofp/libc.a(libc_a-mlock.o)
 .debug_info    0x0000ebbd      0x840 /usr/lib/gcc/arm-none-eabi/13.2.1/../../../arm-none-eabi/lib/thumb/v7-m/nofp/libc.a(libc_a-ssprint_r.o)
 .debug_info    0x0000f3fd       0xbd /usr/lib/gcc/arm-none-eabi/13.2.1/../../../arm-none-eabi/lib/thumb/v7-m/nofp/libc.a(libc_a-strlen-stub.o)
 .debug_info    0x0000f4ba      0x796 /usr/lib/gcc/arm-none-eabi/13.2.1/../../../arm-none-eabi/lib/thumb/v7-m/nofp/libc.a(libc_a-sbrkr.o)
 .debug_info    0x0000fc50      0x770 /usr/lib/gcc/arm-none-eabi/13.2.1/../../../arm-none-eabi/lib/thumb/v7-m/nofp/libc.a(libc_a-closer.o)
 .debug_info    0x000103c0      0x843 /usr/lib/gcc/arm-none-eabi/13.2.1/../../../arm-none-eabi/lib/thumb/v7-m/nofp/libc.a(libc_a-assert.o)
 .debug_info    0x00010c03     0x1e35 /usr/lib/gcc/arm-none-eabi/13.2.1/../../../arm-none-eabi/lib/thumb/v7-m/nofp/libc.a(libc_a-mprec.o)
 .debug_info    0x00012a38      0x14a /usr/lib/gcc/arm-none-eabi/13.2.1/../../../arm-none-eabi/lib/thumb/v7-m/nofp/libc.a(libc_a-memchr-stub.o)
 .debug_info    0x00012b82      0xa2c /usr/lib/gcc/arm-none-eabi/13.2.1/../../../arm-none-eabi/lib/thumb/v7-m/nofp/libc.a(libc_a-localeconv.o)
 .debug_info    0x000135ae      0xbd7 /usr/lib/gcc/arm-none-eabi/13.2.1/../../../arm-none-eabi/lib/thumb/v7-m/nofp/libc.a(libc_a-locale.o)
 .debug_info    0x00014185      0xace /usr/lib/gcc/arm-none-eabi/13.2.1/../../../arm-none-eabi/lib/thumb/v7-m/nofp/libc.a(libc_a-mbtowc_r.o)
 .debug_info    0x00014c53      0xa4c /usr/lib/gcc/arm-none-eabi/13.2.1/../../../arm-none-eabi/lib/thumb/v7-m/nofp/libc.a(libc_a-fflush.o)
 .debug_info    0x0001569f       0xd8 /usr/lib/gcc/arm-none-eabi/13.2.1/../../../arm-none-eabi/lib/thumb/v7-m/nofp/libc.a(libc_a-abort.o)
 .debug_info    0x00015777      0x8d9 /usr/lib/gcc/arm-none-eabi/13.2.1/../../../arm-none-eabi/lib/thumb/v7-m/nofp/libc.a(libc_a-callocr.o)
 .debug_info    0x00016050      0x8c2 /usr/lib/gcc/arm-none-eabi/13.2.1/../../../arm-none-eabi/lib/thumb/v7-m/nofp/libc.a(libc_a-ssputs_r.o)
 .debug_info    0x00016912      0x7d3 /usr/lib/gcc/arm-none-eabi/13.2.1/../../../arm-none-eabi/lib/thumb/v7-m/nofp/libc.a(libc_a-readr.o)
 .debug_info    0x000170e5      0x872 /usr/lib/gcc/arm-none-eabi/13.2.1/../../../arm-none-eabi/lib/thumb/v7-m/nofp/libc.a(libc_a-fiprintf.o)
 .debug_info    0x00017957      0xa8e /usr/lib/gcc/arm-none-eabi/13.2.1/../../../arm-none-eabi/lib/thumb/v7-m/nofp/libc.a(libc_a-wctomb_r.o)
 .debug_info    0x000183e5      0x7bc /usr/lib/gcc/arm-none-eabi/13.2.1/../../../arm-none-eabi/lib/thumb/v7-m/nofp/libc.a(libc_a-lseekr.o)
 .debug_info    0x00018ba1      0x831 /usr/lib/gcc/arm-none-eabi/13.2.1/../../../arm-none-eabi/lib/thumb/v7-m/nofp/libc.a(libc_a-reent.o)
 .debug_info    0x000193d2      0xbc9 /usr/lib/gcc/arm-none-eabi/13.2.1/../../../arm-none-eabi/lib/thumb/v7-m/nofp/libc.a(libc_a-reallocr.o)
 .debug_info    0x00019f9b       0xb9 /usr/lib/gcc/arm-none-eabi/13.2.1/../../../arm-none-eabi/lib/thumb/v7-m/nofp/libc.a(libc_a-ctype_.o)
 .debug_info    0x0001a054      0xc57 /usr/lib/gcc/arm-none-eabi/13.2.1/../../../arm-none-eabi/lib/thumb/v7-m/nofp/libc.a(libc_a-signal.o)
 .debug_info    0x0001acab      0x7fd /usr/lib/gcc/arm-none-eabi/13.2.1/../../../arm-none-eabi/lib/thumb/v7-m/nofp/libc.a(libc_a-signalr.o)
 .debug_info    0x0001b4a8      0x148 /usr/lib/gcc/arm-none-eabi/13.2.1/../../../arm-none-eabi/lib/thumb/v7-m/nofp/libc.a(libc_a-memmove.o)
 .debug_info    0x0001b5f0     0x1210 /usr/lib/gcc/arm-none-eabi/13.2.1/../../../arm-none-eabi/lib/thumb/v7-m/nofp/libc.a(libc_a-vfiprintf.o)
 .debug_info    0x0001c800      0x7cf /usr/lib/gcc/arm-none-eabi/13.2.1/../../../arm-none-eabi/lib/thumb/v7-m/nofp/libc.a(libc_a-wsetup.o)
 .debug_info    0x0001cfcf      0x7ff /usr/lib/gcc/arm-none-eabi/13.2.1/../../../arm-none-eabi/lib/thumb/v7-m/nofp/libc.a(libc_a-sprint_r.o)
 .debug_info    0x0001d7ce      0xc08 /usr/lib/gcc/arm-none-eabi/13.2.1/../../../arm-none-eabi/lib/thumb/v7-m/nofp/libc.a(libc_a-makebuf.o)
 .debug_info    0x0001e3d6      0x995 /usr/lib/gcc/arm-none-eabi/13.2.1/../../../arm-none-eabi/lib/thumb/v7-m/nofp/libc.a(libc_a-fstatr.o)
 .debug_info    0x0001ed6b      0x770 /usr/lib/gcc/arm-none-eabi/13.2.1/../../../arm-none-eabi/lib/thumb/v7-m/nofp/libc.a(libc_a-isattyr.o)
 .debug_info    0x0001f4db      0xb3c /usr/lib/gcc/arm-none-eabi/13.2.1/../../../arm-none-eabi/lib/thumb/v7-m/nofp/libc.a(libc_a-fvwrite.o)
 .debug_info    0x00020017       0xd3 /usr/lib/gcc/arm-none-eabi/13.2.1/thumb/v7-m/nofp/libgcc.a(_arm_addsubdf3.o)
 .debug_info    0x000200ea       0x57 /usr/lib/gcc/arm-none-eabi/13.2.1/thumb/v7-m/nofp/libgcc.a(_arm_muldivdf3.o)
 .debug_info    0x00020141       0xdf /usr/lib/gcc/arm-none-eabi/13.2.1/thumb/v7-m/nofp/libgcc.a(_arm_cmpdf2.o)
 .debug_info    0x00020220       0x3c /usr/lib/gcc/arm-none-eabi/13.2.1/thumb/v7-m/nofp/libgcc.a(_arm_unorddf2.o)
 .debug_info    0x0002025c       0x3c /usr/lib/gcc/arm-none-eabi/13.2.1/thumb/v7-m/nofp/libgcc.a(_arm_fixdfsi.o)

.debug_abbrev   0x00000000     0x7dcd
 .debug_abbrev  0x00000000      0x230 build/src/main.o
 .debug_abbrev  0x00000230      0x173 build/src/board.o
 .debug_abbrev  0x000003a3      0x1d0 build/src/uart.o
 .debug_abbrev  0x00000573      0x227 build/src/i2c.o
 .debug_abbrev  0x0000079a      0x2b3 build/src/cli.o
 .debug_abbrev  0x00000a4d      0x1be build/src/syscalls.o
 .debug_abbrev  0x00000c0b      0x1e8 build/src/system_stm32f10x.o
 .debug_abbrev  0x00000df3      0x26a build/lib/STM32F10x_StdPeriph_Lib_V3.6.0/Libraries/STM32F10x_StdPeriph_Driver/src/stm32f10x_gpio.o
 .debug_abbrev  0x0000105d      0x20f build/lib/STM32F10x_StdPeriph_Lib_V3.6.0/Libraries/STM32F10x_StdPeriph_Driver/src/stm32f10x_rcc.o
 .debug_abbrev  0x0000126c      0x225 build/lib/STM32F10x_StdPeriph_Lib_V3.6.0/Libraries/STM32F10x_StdPeriph_Driver/src/stm32f10x_usart.o
 .debug_abbrev  0x00001491      0x291 build/lib/STM32F10x_StdPeriph_Lib_V3.6.0/Libraries/STM32F10x_StdPeriph_Driver/src/stm32f10x_i2c.o
 .debug_abbrev  0x00001722       0x24 build/startup/startup_stm32f10x_hd.o
 .debug_abbrev  0x00001746       0x28 /usr/lib/gcc/arm-none-eabi/13.2.1/../../../arm-none-eabi/lib/thumb/v7-m/nofp/libc.a(libc_a-strcmp.o)
 .debug_abbrev  0x0000176e      0x19a /usr/lib/gcc/arm-none-eabi/13.2.1/../../../arm-none-eabi/lib/thumb/v7-m/nofp/libc.a(libc_a-errno.o)
 .debug_abbrev  0x00001908      0x185 /usr/lib/gcc/arm-none-eabi/13.2.1/../../../arm-none-eabi/lib/thumb/v7-m/nofp/libc.a(libc_a-impure.o)
 .debug_abbrev  0x00001a8d      0x446 /usr/lib/gcc/arm-none-eabi/13.2.1/../../../arm-none-eabi/lib/thumb/v7-m/nofp/libc.a(libc_a-findfp.o)
 .debug_abbrev  0x00001ed3      0x258 /usr/lib/gcc/arm-none-eabi/13.2.1/../../../arm-none-eabi/lib/thumb/v7-m/nofp/libc.a(libc_a-sprintf.o)
 .debug_abbrev  0x0000212b       0xb7 /usr/lib/gcc/arm-none-eabi/13.2.1/../../../arm-none-eabi/lib/thumb/v7-m/nofp/libc.a(libc_a-memset.o)
 .debug_abbrev  0x000021e2      0x1d9 /usr/lib/gcc/arm-none-eabi/13.2.1/../../../arm-none-eabi/lib/thumb/v7-m/nofp/libc.a(libc_a-fwalk.o)
 .debug_abbrev  0x000023bb      0x402 /usr/lib/gcc/arm-none-eabi/13.2.1/../../../arm-none-eabi/lib/thumb/v7-m/nofp/libc.a(libc_a-svfprintf.o)
 .debug_abbrev  0x000027bd      0x2d7 /usr/lib/gcc/arm-none-eabi/13.2.1/../../../arm-none-eabi/lib/thumb/v7-m/nofp/libc.a(libc_a-mallocr.o)
 .debug_abbrev  0x00002a94      0x364 /usr/lib/gcc/arm-none-eabi/13.2.1/../../../arm-none-eabi/lib/thumb/v7-m/nofp/libc.a(libc_a-dtoa.o)
 .debug_abbrev  0x00002df8      0x27f /usr/lib/gcc/arm-none-eabi/13.2.1/../../../arm-none-eabi/lib/thumb/v7-m/nofp/libc.a(libc_a-freer.o)
 .debug_abbrev  0x00003077      0x2ed /usr/lib/gcc/arm-none-eabi/13.2.1/../../../arm-none-eabi/lib/thumb/v7-m/nofp/libc.a(libc_a-fclose.o)
 .debug_abbrev  0x00003364       0x28 /usr/lib/gcc/arm-none-eabi/13.2.1/../../../arm-none-eabi/lib/thumb/v7-m/nofp/libc.a(libc_a-memcpy.o)
 .debug_abbrev  0x0000338c       0x80 /usr/lib/gcc/arm-none-eabi/13.2.1/../../../arm-none-eabi/lib/thumb/v7-m/nofp/libc.a(libc_a-sysconf.o)
 .debug_abbrev  0x0000340c      0x260 /usr/lib/gcc/arm-none-eabi/13.2.1/../../../arm-none-eabi/lib/thumb/v7-m/nofp/libc.a(libc_a-stdio.o)
 .debug_abbrev  0x0000366c      0x1f1 /usr/lib/gcc/arm-none-eabi/13.2.1/../../../arm-none-eabi/lib/thumb/v7-m/nofp/libc.a(libc_a-writer.o)
 .debug_abbrev  0x0000385d      0x1ce /usr/lib/gcc/arm-none-eabi/13.2.1/../../../arm-none-eabi/lib/thumb/v7-m/nofp/libc.a(libc_a-mlock.o)
 .debug_abbrev  0x00003a2b      0x1e0 /usr/lib/gcc/arm-none-eabi/13.2.1/../../../arm-none-eabi/lib/thumb/v7-m/nofp/libc.a(libc_a-ssprint_r.o)
 .debug_abbrev  0x00003c0b       0x78 /usr/lib/gcc/arm-none-eabi/13.2.1/../../../arm-none-eabi/lib/thumb/v7-m/nofp/libc.a(libc_a-strlen-stub.o)
 .debug_abbrev  0x00003c83      0x216 /usr/lib/gcc/arm-none-eabi/13.2.1/../../../arm-none-eabi/lib/thumb/v7-m/nofp/libc.a(libc_a-sbrkr.o)
 .debug_abbrev  0x00003e99      0x1ec /usr/lib/gcc/arm-none-eabi/13.2.1/../../../arm-none-eabi/lib/thumb/v7-m/nofp/libc.a(libc_a-closer.o)
 .debug_abbrev  0x00004085      0x226 /usr/lib/gcc/arm-none-eabi/13.2.1/../../../arm-none-eabi/lib/thumb/v7-m/nofp/libc.a(libc_a-assert.o)
 .debug_abbrev  0x000042ab      0x502 /usr/lib/gcc/arm-none-eabi/13.2.1/../../../arm-none-eabi/lib/thumb/v7-m/nofp/libc.a(libc_a-mprec.o)
 .debug_abbrev  0x000047ad       0xc7 /usr/lib/gcc/arm-none-eabi/13.2.1/../../../arm-none-eabi/lib/thumb/v7-m/nofp/libc.a(libc_a-memchr-stub.o)
 .debug_abbrev  0x00004874      0x26a /usr/lib/gcc/arm-none-eabi/13.2.1/../../../arm-none-eabi/lib/thumb/v7-m/nofp/libc.a(libc_a-localeconv.o)
 .debug_abbrev  0x00004ade      0x2d9 /usr/lib/gcc/arm-none-eabi/13.2.1/../../../arm-none-eabi/lib/thumb/v7-m/nofp/libc.a(libc_a-locale.o)
 .debug_abbrev  0x00004db7      0x244 /usr/lib/gcc/arm-none-eabi/13.2.1/../../../arm-none-eabi/lib/thumb/v7-m/nofp/libc.a(libc_a-mbtowc_r.o)
 .debug_abbrev  0x00004ffb      0x31f /usr/lib/gcc/arm-none-eabi/13.2.1/../../../arm-none-eabi/lib/thumb/v7-m/nofp/libc.a(libc_a-fflush.o)
 .debug_abbrev  0x0000531a       0x99 /usr/lib/gcc/arm-none-eabi/13.2.1/../../../arm-none-eabi/lib/thumb/v7-m/nofp/libc.a(libc_a-abort.o)
 .debug_abbrev  0x000053b3      0x25b /usr/lib/gcc/arm-none-eabi/13.2.1/../../../arm-none-eabi/lib/thumb/v7-m/nofp/libc.a(libc_a-callocr.o)
 .debug_abbrev  0x0000560e      0x25a /usr/lib/gcc/arm-none-eabi/13.2.1/../../../arm-none-eabi/lib/thumb/v7-m/nofp/libc.a(libc_a-ssputs_r.o)
 .debug_abbrev  0x00005868      0x1ec /usr/lib/gcc/arm-none-eabi/13.2.1/../../../arm-none-eabi/lib/thumb/v7-m/nofp/libc.a(libc_a-readr.o)
 .debug_abbrev  0x00005a54      0x252 /usr/lib/gcc/arm-none-eabi/13.2.1/../../../arm-none-eabi/lib/thumb/v7-m/nofp/libc.a(libc_a-fiprintf.o)
 .debug_abbrev  0x00005ca6      0x23d /usr/lib/gcc/arm-none-eabi/13.2.1/../../../arm-none-eabi/lib/thumb/v7-m/nofp/libc.a(libc_a-wctomb_r.o)
 .debug_abbrev  0x00005ee3      0x200 /usr/lib/gcc/arm-none-eabi/13.2.1/../../../arm-none-eabi/lib/thumb/v7-m/nofp/libc.a(libc_a-lseekr.o)
 .debug_abbrev  0x000060e3      0x22a /usr/lib/gcc/arm-none-eabi/13.2.1/../../../arm-none-eabi/lib/thumb/v7-m/nofp/libc.a(libc_a-reent.o)
 .debug_abbrev  0x0000630d      0x2a3 /usr/lib/gcc/arm-none-eabi/13.2.1/../../../arm-none-eabi/lib/thumb/v7-m/nofp/libc.a(libc_a-reallocr.o)
 .debug_abbrev  0x000065b0       0x62 /usr/lib/gcc/arm-none-eabi/13.2.1/../../../arm-none-eabi/lib/thumb/v7-m/nofp/libc.a(libc_a-ctype_.o)
 .debug_abbrev  0x00006612      0x313 /usr/lib/gcc/arm-none-eabi/13.2.1/../../../arm-none-eabi/lib/thumb/v7-m/nofp/libc.a(libc_a-signal.o)
 .debug_abbrev  0x00006925      0x239 /usr/lib/gcc/arm-none-eabi/13.2.1/../../../arm-none-eabi/lib/thumb/v7-m/nofp/libc.a(libc_a-signalr.o)
 .debug_abbrev  0x00006b5e       0xc3 /usr/lib/gcc/arm-none-eabi/13.2.1/../../../arm-none-eabi/lib/thumb/v7-m/nofp/libc.a(libc_a-memmove.o)
 .debug_abbrev  0x00006c21      0x3e6 /usr/lib/gcc/arm-none-eabi/13.2.1/../../../arm-none-eabi/lib/thumb/v7-m/nofp/libc.a(libc_a-vfiprintf.o)
 .debug_abbrev  0x00007007      0x21e /usr/lib/gcc/arm-none-eabi/13.2.1/../../../arm-none-eabi/lib/thumb/v7-m/nofp/libc.a(libc_a-wsetup.o)
 .debug_abbrev  0x00007225      0x1d4 /usr/lib/gcc/arm-none-eabi/13.2.1/../../../arm-none-eabi/lib/thumb/v7-m/nofp/libc.a(libc_a-sprint_r.o)
 .debug_abbrev  0x000073f9      0x2c1 /usr/lib/gcc/arm-none-eabi/13.2.1/../../../arm-none-eabi/lib/thumb/v7-m/nofp/libc.a(libc_a-makebuf.o)
 .debug_abbrev  0x000076ba      0x1ff /usr/lib/gcc/arm-none-eabi/13.2.1/../../../arm-none-eabi/lib/thumb/v7-m/nofp/libc.a(libc_a-fstatr.o)
 .debug_abbrev  0x000078b9      0x1ec /usr/lib/gcc/arm-none-eabi/13.2.1/../../../arm-none-eabi/lib/thumb/v7-m/nofp/libc.a(libc_a-isattyr.o)
 .debug_abbrev  0x00007aa5      0x260 /usr/lib/gcc/arm-none-eabi/13.2.1/../../../arm-none-eabi/lib/thumb/v7-m/nofp/libc.a(libc_a-fvwrite.o)
 .debug_abbrev  0x00007d05       0x28 /usr/lib/gcc/arm-none-eabi/13.2.1/thumb/v7-m/nofp/libgcc.a(_arm_addsubdf3.o)
 .debug_abbrev  0x00007d2d       0x28 /usr/lib/gcc/arm-none-eabi/13.2.1/thumb/v7-m/nofp/libgcc.a(_arm_muldivdf3.o)
 .debug_abbrev  0x00007d55       0x28 /usr/lib/gcc/arm-none-eabi/13.2.1/thumb/v7-m/nofp/libgcc.a(_arm_cmpdf2.o)
 .debug_abbrev  0x00007d7d       0x28 /usr/lib/gcc/arm-none-eabi/13.2.1/thumb/v7-m/nofp/libgcc.a(_arm_unorddf2.o)
 .debug_abbrev  0x00007da5       0x28 /usr/lib/gcc/arm-none-eabi/13.2.1/thumb/v7-m/nofp/libgcc.a(_arm_fixdfsi.o)

.debug_loclists
                0x00000000     0xd1ef
 .debug_loclists
                0x00000000       0xe6 build/src/main.o
 .debug_loclists
                0x000000e6       0x58 build/src/uart.o
 .debug_loclists
                0x0000013e      0x21b build/src/i2c.o
 .debug_loclists
                0x00000359       0x9b build/src/cli.o
 .debug_loclists
                0x000003f4      0x262 build/src/syscalls.o
 .debug_loclists
                0x00000656       0x9b build/src/system_stm32f10x.o
 .debug_loclists
                0x000006f1      0x482 build/lib/STM32F10x_StdPeriph_Lib_V3.6.0/Libraries/STM32F10x_StdPeriph_Driver/src/stm32f10x_gpio.o
 .debug_loclists
                0x00000b73      0x31f build/lib/STM32F10x_StdPeriph_Lib_V3.6.0/Libraries/STM32F10x_StdPeriph_Driver/src/stm32f10x_rcc.o
 .debug_loclists
                0x00000e92      0x68a build/lib/STM32F10x_StdPeriph_Lib_V3.6.0/Libraries/STM32F10x_StdPeriph_Driver/src/stm32f10x_usart.o
 .debug_loclists
                0x0000151c      0x57f build/lib/STM32F10x_StdPeriph_Lib_V3.6.0/Libraries/STM32F10x_StdPeriph_Driver/src/stm32f10x_i2c.o
 .debug_loclists
                0x00001a9b      0x1d0 /usr/lib/gcc/arm-none-eabi/13.2.1/../../../arm-none-eabi/lib/thumb/v7-m/nofp/libc.a(libc_a-findfp.o)
 .debug_loclists
                0x00001c6b       0x74 /usr/lib/gcc/arm-none-eabi/13.2.1/../../../arm-none-eabi/lib/thumb/v7-m/nofp/libc.a(libc_a-sprintf.o)
 .debug_loclists
                0x00001cdf      0x1d7 /usr/lib/gcc/arm-none-eabi/13.2.1/../../../arm-none-eabi/lib/thumb/v7-m/nofp/libc.a(libc_a-memset.o)
 .debug_loclists
                0x00001eb6       0x79 /usr/lib/gcc/arm-none-eabi/13.2.1/../../../arm-none-eabi/lib/thumb/v7-m/nofp/libc.a(libc_a-fwalk.o)
 .debug_loclists
                0x00001f2f     0x207e /usr/lib/gcc/arm-none-eabi/13.2.1/../../../arm-none-eabi/lib/thumb/v7-m/nofp/libc.a(libc_a-svfprintf.o)
 .debug_loclists
                0x00003fad      0x9fa /usr/lib/gcc/arm-none-eabi/13.2.1/../../../arm-none-eabi/lib/thumb/v7-m/nofp/libc.a(libc_a-mallocr.o)
 .debug_loclists
                0x000049a7     0x1fec /usr/lib/gcc/arm-none-eabi/13.2.1/../../../arm-none-eabi/lib/thumb/v7-m/nofp/libc.a(libc_a-dtoa.o)
 .debug_loclists
                0x00006993      0x464 /usr/lib/gcc/arm-none-eabi/13.2.1/../../../arm-none-eabi/lib/thumb/v7-m/nofp/libc.a(libc_a-freer.o)
 .debug_loclists
                0x00006df7       0xf7 /usr/lib/gcc/arm-none-eabi/13.2.1/../../../arm-none-eabi/lib/thumb/v7-m/nofp/libc.a(libc_a-fclose.o)
 .debug_loclists
                0x00006eee       0x3b /usr/lib/gcc/arm-none-eabi/13.2.1/../../../arm-none-eabi/lib/thumb/v7-m/nofp/libc.a(libc_a-sysconf.o)
 .debug_loclists
                0x00006f29      0x23b /usr/lib/gcc/arm-none-eabi/13.2.1/../../../arm-none-eabi/lib/thumb/v7-m/nofp/libc.a(libc_a-stdio.o)
 .debug_loclists
                0x00007164       0x97 /usr/lib/gcc/arm-none-eabi/13.2.1/../../../arm-none-eabi/lib/thumb/v7-m/nofp/libc.a(libc_a-writer.o)
 .debug_loclists
                0x000071fb       0xb3 /usr/lib/gcc/arm-none-eabi/13.2.1/../../../arm-none-eabi/lib/thumb/v7-m/nofp/libc.a(libc_a-ssprint_r.o)
 .debug_loclists
                0x000072ae       0x29 /usr/lib/gcc/arm-none-eabi/13.2.1/../../../arm-none-eabi/lib/thumb/v7-m/nofp/libc.a(libc_a-strlen-stub.o)
 .debug_loclists
                0x000072d7       0x4b /usr/lib/gcc/arm-none-eabi/13.2.1/../../../arm-none-eabi/lib/thumb/v7-m/nofp/libc.a(libc_a-sbrkr.o)
 .debug_loclists
                0x00007322       0x4b /usr/lib/gcc/arm-none-eabi/13.2.1/../../../arm-none-eabi/lib/thumb/v7-m/nofp/libc.a(libc_a-closer.o)
 .debug_loclists
                0x0000736d       0xfa /usr/lib/gcc/arm-none-eabi/13.2.1/../../../arm-none-eabi/lib/thumb/v7-m/nofp/libc.a(libc_a-assert.o)
 .debug_loclists
                0x00007467     0x22b6 /usr/lib/gcc/arm-none-eabi/13.2.1/../../../arm-none-eabi/lib/thumb/v7-m/nofp/libc.a(libc_a-mprec.o)
 .debug_loclists
                0x0000971d      0x172 /usr/lib/gcc/arm-none-eabi/13.2.1/../../../arm-none-eabi/lib/thumb/v7-m/nofp/libc.a(libc_a-memchr-stub.o)
 .debug_loclists
                0x0000988f       0x48 /usr/lib/gcc/arm-none-eabi/13.2.1/../../../arm-none-eabi/lib/thumb/v7-m/nofp/libc.a(libc_a-localeconv.o)
 .debug_loclists
                0x000098d7      0x151 /usr/lib/gcc/arm-none-eabi/13.2.1/../../../arm-none-eabi/lib/thumb/v7-m/nofp/libc.a(libc_a-locale.o)
 .debug_loclists
                0x00009a28      0x158 /usr/lib/gcc/arm-none-eabi/13.2.1/../../../arm-none-eabi/lib/thumb/v7-m/nofp/libc.a(libc_a-mbtowc_r.o)
 .debug_loclists
                0x00009b80      0x2a4 /usr/lib/gcc/arm-none-eabi/13.2.1/../../../arm-none-eabi/lib/thumb/v7-m/nofp/libc.a(libc_a-fflush.o)
 .debug_loclists
                0x00009e24      0x1f6 /usr/lib/gcc/arm-none-eabi/13.2.1/../../../arm-none-eabi/lib/thumb/v7-m/nofp/libc.a(libc_a-callocr.o)
 .debug_loclists
                0x0000a01a      0x16e /usr/lib/gcc/arm-none-eabi/13.2.1/../../../arm-none-eabi/lib/thumb/v7-m/nofp/libc.a(libc_a-ssputs_r.o)
 .debug_loclists
                0x0000a188       0x97 /usr/lib/gcc/arm-none-eabi/13.2.1/../../../arm-none-eabi/lib/thumb/v7-m/nofp/libc.a(libc_a-readr.o)
 .debug_loclists
                0x0000a21f       0x6b /usr/lib/gcc/arm-none-eabi/13.2.1/../../../arm-none-eabi/lib/thumb/v7-m/nofp/libc.a(libc_a-fiprintf.o)
 .debug_loclists
                0x0000a28a       0xed /usr/lib/gcc/arm-none-eabi/13.2.1/../../../arm-none-eabi/lib/thumb/v7-m/nofp/libc.a(libc_a-wctomb_r.o)
 .debug_loclists
                0x0000a377       0x97 /usr/lib/gcc/arm-none-eabi/13.2.1/../../../arm-none-eabi/lib/thumb/v7-m/nofp/libc.a(libc_a-lseekr.o)
 .debug_loclists
                0x0000a40e       0x6e /usr/lib/gcc/arm-none-eabi/13.2.1/../../../arm-none-eabi/lib/thumb/v7-m/nofp/libc.a(libc_a-reent.o)
 .debug_loclists
                0x0000a47c      0xb97 /usr/lib/gcc/arm-none-eabi/13.2.1/../../../arm-none-eabi/lib/thumb/v7-m/nofp/libc.a(libc_a-reallocr.o)
 .debug_loclists
                0x0000b013      0x59c /usr/lib/gcc/arm-none-eabi/13.2.1/../../../arm-none-eabi/lib/thumb/v7-m/nofp/libc.a(libc_a-signal.o)
 .debug_loclists
                0x0000b5af       0x82 /usr/lib/gcc/arm-none-eabi/13.2.1/../../../arm-none-eabi/lib/thumb/v7-m/nofp/libc.a(libc_a-signalr.o)
 .debug_loclists
                0x0000b631      0x21b /usr/lib/gcc/arm-none-eabi/13.2.1/../../../arm-none-eabi/lib/thumb/v7-m/nofp/libc.a(libc_a-memmove.o)
 .debug_loclists
                0x0000b84c     0x11c5 /usr/lib/gcc/arm-none-eabi/13.2.1/../../../arm-none-eabi/lib/thumb/v7-m/nofp/libc.a(libc_a-vfiprintf.o)
 .debug_loclists
                0x0000ca11       0x61 /usr/lib/gcc/arm-none-eabi/13.2.1/../../../arm-none-eabi/lib/thumb/v7-m/nofp/libc.a(libc_a-wsetup.o)
 .debug_loclists
                0x0000ca72       0x72 /usr/lib/gcc/arm-none-eabi/13.2.1/../../../arm-none-eabi/lib/thumb/v7-m/nofp/libc.a(libc_a-sprint_r.o)
 .debug_loclists
                0x0000cae4      0x25e /usr/lib/gcc/arm-none-eabi/13.2.1/../../../arm-none-eabi/lib/thumb/v7-m/nofp/libc.a(libc_a-makebuf.o)
 .debug_loclists
                0x0000cd42       0x6a /usr/lib/gcc/arm-none-eabi/13.2.1/../../../arm-none-eabi/lib/thumb/v7-m/nofp/libc.a(libc_a-fstatr.o)
 .debug_loclists
                0x0000cdac       0x4b /usr/lib/gcc/arm-none-eabi/13.2.1/../../../arm-none-eabi/lib/thumb/v7-m/nofp/libc.a(libc_a-isattyr.o)
 .debug_loclists
                0x0000cdf7      0x3f8 /usr/lib/gcc/arm-none-eabi/13.2.1/../../../arm-none-eabi/lib/thumb/v7-m/nofp/libc.a(libc_a-fvwrite.o)

.debug_aranges  0x00000000      0xc58
 .debug_aranges
                0x00000000       0x28 build/src/main.o
 .debug_aranges
                0x00000028       0x38 build/src/board.o
 .debug_aranges
                0x00000060       0x68 build/src/uart.o
 .debug_aranges
                0x000000c8       0x40 build/src/i2c.o
 .debug_aranges
                0x00000108       0x28 build/src/cli.o
 .debug_aranges
                0x00000130       0x68 build/src/syscalls.o
 .debug_aranges
                0x00000198       0x28 build/src/system_stm32f10x.o
 .debug_aranges
                0x000001c0       0xa8 build/lib/STM32F10x_StdPeriph_Lib_V3.6.0/Libraries/STM32F10x_StdPeriph_Driver/src/stm32f10x_gpio.o
 .debug_aranges
                0x00000268      0x118 build/lib/STM32F10x_StdPeriph_Lib_V3.6.0/Libraries/STM32F10x_StdPeriph_Driver/src/stm32f10x_rcc.o
 .debug_aranges
                0x00000380      0x100 build/lib/STM32F10x_StdPeriph_Lib_V3.6.0/Libraries/STM32F10x_StdPeriph_Driver/src/stm32f10x_usart.o
 .debug_aranges
                0x00000480      0x120 build/lib/STM32F10x_StdPeriph_Lib_V3.6.0/Libraries/STM32F10x_StdPeriph_Driver/src/stm32f10x_i2c.o
 .debug_aranges
                0x000005a0       0x28 build/startup/startup_stm32f10x_hd.o
 .debug_aranges
                0x000005c8       0x20 /usr/lib/gcc/arm-none-eabi/13.2.1/../../../arm-none-eabi/lib/thumb/v7-m/nofp/libc.a(libc_a-strcmp.o)
 .debug_aranges
                0x000005e8       0x20 /usr/lib/gcc/arm-none-eabi/13.2.1/../../../arm-none-eabi/lib/thumb/v7-m/nofp/libc.a(libc_a-errno.o)
 .debug_aranges
                0x00000608       0x18 /usr/lib/gcc/arm-none-eabi/13.2.1/../../../arm-none-eabi/lib/thumb/v7-m/nofp/libc.a(libc_a-impure.o)
 .debug_aranges
                0x00000620       0x20 /usr/lib/gcc/arm-none-eabi/13.2.1/../../../arm-none-eabi/lib/thumb/v7-m/nofp/libc.a(libc_a-findfp.o)
 .debug_aranges
                0x00000640       0x20 /usr/lib/gcc/arm-none-eabi/13.2.1/../../../arm-none-eabi/lib/thumb/v7-m/nofp/libc.a(libc_a-sprintf.o)
 .debug_aranges
                0x00000660       0x20 /usr/lib/gcc/arm-none-eabi/13.2.1/../../../arm-none-eabi/lib/thumb/v7-m/nofp/libc.a(libc_a-memset.o)
 .debug_aranges
                0x00000680       0x20 /usr/lib/gcc/arm-none-eabi/13.2.1/../../../arm-none-eabi/lib/thumb/v7-m/nofp/libc.a(libc_a-fwalk.o)
 .debug_aranges
                0x000006a0       0x20 /usr/lib/gcc/arm-none-eabi/13.2.1/../../../arm-none-eabi/lib/thumb/v7-m/nofp/libc.a(libc_a-svfprintf.o)
 .debug_aranges
                0x000006c0       0x20 /usr/lib/gcc/arm-none-eabi/13.2.1/../../../arm-none-eabi/lib/thumb/v7-m/nofp/libc.a(libc_a-mallocr.o)
 .debug_aranges
                0x000006e0       0x20 /usr/lib/gcc/arm-none-eabi/13.2.1/../../../arm-none-eabi/lib/thumb/v7-m/nofp/libc.a(libc_a-dtoa.o)
 .debug_aranges
                0x00000700       0x20 /usr/lib/gcc/arm-none-eabi/13.2.1/../../../arm-none-eabi/lib/thumb/v7-m/nofp/libc.a(libc_a-freer.o)
 .debug_aranges
                0x00000720       0x20 /usr/lib/gcc/arm-none-eabi/13.2.1/../../../arm-none-eabi/lib/thumb/v7-m/nofp/libc.a(libc_a-fclose.o)
 .debug_aranges
                0x00000740       0x20 /usr/lib/gcc/arm-none-eabi/13.2.1/../../../arm-none-eabi/lib/thumb/v7-m/nofp/libc.a(libc_a-memcpy.o)
 .debug_aranges
                0x00000760       0x20 /usr/lib/gcc/arm-none-eabi/13.2.1/../../../arm-none-eabi/lib/thumb/v7-m/nofp/libc.a(libc_a-sysconf.o)
 .debug_aranges
                0x00000780       0x20 /usr/lib/gcc/arm-none-eabi/13.2.1/../../../arm-none-eabi/lib/thumb/v7-m/nofp/libc.a(libc_a-stdio.o)
 .debug_aranges
                0x000007a0       0x20 /usr/lib/gcc/arm-none-eabi/13.2.1/../../../arm-none-eabi/lib/thumb/v7-m/nofp/libc.a(libc_a-writer.o)
 .debug_aranges
                0x000007c0       0x20 /usr/lib/gcc/arm-none-eabi/13.2.1/../../../arm-none-eabi/lib/thumb/v7-m/nofp/libc.a(libc_a-mlock.o)
 .debug_aranges
                0x000007e0       0x20 /usr/lib/gcc/arm-none-eabi/13.2.1/../../../arm-none-eabi/lib/thumb/v7-m/nofp/libc.a(libc_a-ssprint_r.o)
 .debug_aranges
                0x00000800       0x20 /usr/lib/gcc/arm-none-eabi/13.2.1/../../../arm-none-eabi/lib/thumb/v7-m/nofp/libc.a(libc_a-strlen-stub.o)
 .debug_aranges
                0x00000820       0x20 /usr/lib/gcc/arm-none-eabi/13.2.1/../../../arm-none-eabi/lib/thumb/v7-m/nofp/libc.a(libc_a-sbrkr.o)
 .debug_aranges
                0x00000840       0x20 /usr/lib/gcc/arm-none-eabi/13.2.1/../../../arm-none-eabi/lib/thumb/v7-m/nofp/libc.a(libc_a-closer.o)
 .debug_aranges
                0x00000860       0x20 /usr/lib/gcc/arm-none-eabi/13.2.1/../../../arm-none-eabi/lib/thumb/v7-m/nofp/libc.a(libc_a-assert.o)
 .debug_aranges
                0x00000880       0x20 /usr/lib/gcc/arm-none-eabi/13.2.1/../../../arm-none-eabi/lib/thumb/v7-m/nofp/libc.a(libc_a-mprec.o)
 .debug_aranges
                0x000008a0       0x20 /usr/lib/gcc/arm-none-eabi/13.2.1/../../../arm-none-eabi/lib/thumb/v7-m/nofp/libc.a(libc_a-memchr-stub.o)
 .debug_aranges
                0x000008c0       0x20 /usr/lib/gcc/arm-none-eabi/13.2.1/../../../arm-none-eabi/lib/thumb/v7-m/nofp/libc.a(libc_a-localeconv.o)
 .debug_aranges
                0x000008e0       0x20 /usr/lib/gcc/arm-none-eabi/13.2.1/../../../arm-none-eabi/lib/thumb/v7-m/nofp/libc.a(libc_a-locale.o)
 .debug_aranges
                0x00000900       0x20 /usr/lib/gcc/arm-none-eabi/13.2.1/../../../arm-none-eabi/lib/thumb/v7-m/nofp/libc.a(libc_a-mbtowc_r.o)
 .debug_aranges
                0x00000920       0x20 /usr/lib/gcc/arm-none-eabi/13.2.1/../../../arm-none-eabi/lib/thumb/v7-m/nofp/libc.a(libc_a-fflush.o)
 .debug_aranges
                0x00000940       0x20 /usr/lib/gcc/arm-none-eabi/13.2.1/../../../arm-none-eabi/lib/thumb/v7-m/nofp/libc.a(libc_a-abort.o)
 .debug_aranges
                0x00000960       0x20 /usr/lib/gcc/arm-none-eabi/13.2.1/../../../arm-none-eabi/lib/thumb/v7-m/nofp/libc.a(libc_a-callocr.o)
 .debug_aranges
                0x00000980       0x20 /usr/lib/gcc/arm-none-eabi/13.2.1/../../../arm-none-eabi/lib/thumb/v7-m/nofp/libc.a(libc_a-ssputs_r.o)
 .debug_aranges
                0x000009a0       0x20 /usr/lib/gcc/arm-none-eabi/13.2.1/../../../arm-none-eabi/lib/thumb/v7-m/nofp/libc.a(libc_a-readr.o)
 .debug_aranges
                0x000009c0       0x20 /usr/lib/gcc/arm-none-eabi/13.2.1/../../../arm-none-eabi/lib/thumb/v7-m/nofp/libc.a(libc_a-fiprintf.o)
 .debug_aranges
                0x000009e0       0x20 /usr/lib/gcc/arm-none-eabi/13.2.1/../../../arm-none-eabi/lib/thumb/v7-m/nofp/libc.a(libc_a-wctomb_r.o)
 .debug_aranges
                0x00000a00       0x20 /usr/lib/gcc/arm-none-eabi/13.2.1/../../../arm-none-eabi/lib/thumb/v7-m/nofp/libc.a(libc_a-lseekr.o)
 .debug_aranges
                0x00000a20       0x20 /usr/lib/gcc/arm-none-eabi/13.2.1/../../../arm-none-eabi/lib/thumb/v7-m/nofp/libc.a(libc_a-reent.o)
 .debug_aranges
                0x00000a40       0x20 /usr/lib/gcc/arm-none-eabi/13.2.1/../../../arm-none-eabi/lib/thumb/v7-m/nofp/libc.a(libc_a-reallocr.o)
 .debug_aranges
                0x00000a60       0x18 /usr/lib/gcc/arm-none-eabi/13.2.1/../../../arm-none-eabi/lib/thumb/v7-m/nofp/libc.a(libc_a-ctype_.o)
 .debug_aranges
                0x00000a78       0x20 /usr/lib/gcc/arm-none-eabi/13.2.1/../../../arm-none-eabi/lib/thumb/v7-m/nofp/libc.a(libc_a-signal.o)
 .debug_aranges
                0x00000a98       0x20 /usr/lib/gcc/arm-none-eabi/13.2.1/../../../arm-none-eabi/lib/thumb/v7-m/nofp/libc.a(libc_a-signalr.o)
 .debug_aranges
                0x00000ab8       0x20 /usr/lib/gcc/arm-none-eabi/13.2.1/../../../arm-none-eabi/lib/thumb/v7-m/nofp/libc.a(libc_a-memmove.o)
 .debug_aranges
                0x00000ad8       0x20 /usr/lib/gcc/arm-none-eabi/13.2.1/../../../arm-none-eabi/lib/thumb/v7-m/nofp/libc.a(libc_a-vfiprintf.o)
 .debug_aranges
                0x00000af8       0x20 /usr/lib/gcc/arm-none-eabi/13.2.1/../../../arm-none-eabi/lib/thumb/v7-m/nofp/libc.a(libc_a-wsetup.o)
 .debug_aranges
                0x00000b18       0x20 /usr/lib/gcc/arm-none-eabi/13.2.1/../../../arm-none-eabi/lib/thumb/v7-m/nofp/libc.a(libc_a-sprint_r.o)
 .debug_aranges
                0x00000b38       0x20 /usr/lib/gcc/arm-none-eabi/13.2.1/../../../arm-none-eabi/lib/thumb/v7-m/nofp/libc.a(libc_a-makebuf.o)
 .debug_aranges
                0x00000b58       0x20 /usr/lib/gcc/arm-none-eabi/13.2.1/../../../arm-none-eabi/lib/thumb/v7-m/nofp/libc.a(libc_a-fstatr.o)
 .debug_aranges
                0x00000b78       0x20 /usr/lib/gcc/arm-none-eabi/13.2.1/../../../arm-none-eabi/lib/thumb/v7-m/nofp/libc.a(libc_a-isattyr.o)
 .debug_aranges
                0x00000b98       0x20 /usr/lib/gcc/arm-none-eabi/13.2.1/../../../arm-none-eabi/lib/thumb/v7-m/nofp/libc.a(libc_a-fvwrite.o)
 .debug_aranges
                0x00000bb8       0x20 /usr/lib/gcc/arm-none-eabi/13.2.1/thumb/v7-m/nofp/libgcc.a(_arm_addsubdf3.o)
 .debug_aranges
                0x00000bd8       0x20 /usr/lib/gcc/arm-none-eabi/13.2.1/thumb/v7-m/nofp/libgcc.a(_arm_muldivdf3.o)
 .debug_aranges
                0x00000bf8       0x20 /usr/lib/gcc/arm-none-eabi/13.2.1/thumb/v7-m/nofp/libgcc.a(_arm_cmpdf2.o)
 .debug_aranges
                0x00000c18       0x20 /usr/lib/gcc/arm-none-eabi/13.2.1/thumb/v7-m/nofp/libgcc.a(_arm_unorddf2.o)
 .debug_aranges
                0x00000c38       0x20 /usr/lib/gcc/arm-none-eabi/13.2.1/thumb/v7-m/nofp/libgcc.a(_arm_fixdfsi.o)

.debug_rnglists
                0x00000000      0x961
 .debug_rnglists
                0x00000000       0x3f build/src/main.o
 .debug_rnglists
                0x0000003f       0x25 build/src/board.o
 .debug_rnglists
                0x00000064       0x49 build/src/uart.o
 .debug_rnglists
                0x000000ad       0x3c build/src/i2c.o
 .debug_rnglists
                0x000000e9       0x34 build/src/cli.o
 .debug_rnglists
                0x0000011d       0x49 build/src/syscalls.o
 .debug_rnglists
                0x00000166       0x1a build/src/system_stm32f10x.o
 .debug_rnglists
                0x00000180       0x7b build/lib/STM32F10x_StdPeriph_Lib_V3.6.0/Libraries/STM32F10x_StdPeriph_Driver/src/stm32f10x_gpio.o
 .debug_rnglists
                0x000001fb       0xce build/lib/STM32F10x_StdPeriph_Lib_V3.6.0/Libraries/STM32F10x_StdPeriph_Driver/src/stm32f10x_rcc.o
 .debug_rnglists
                0x000002c9       0xbd build/lib/STM32F10x_StdPeriph_Lib_V3.6.0/Libraries/STM32F10x_StdPeriph_Driver/src/stm32f10x_usart.o
 .debug_rnglists
                0x00000386       0xd4 build/lib/STM32F10x_StdPeriph_Lib_V3.6.0/Libraries/STM32F10x_StdPeriph_Driver/src/stm32f10x_i2c.o
 .debug_rnglists
                0x0000045a       0x19 build/startup/startup_stm32f10x_hd.o
 .debug_rnglists
                0x00000473       0x7a /usr/lib/gcc/arm-none-eabi/13.2.1/../../../arm-none-eabi/lib/thumb/v7-m/nofp/libc.a(libc_a-findfp.o)
 .debug_rnglists
                0x000004ed       0xdf /usr/lib/gcc/arm-none-eabi/13.2.1/../../../arm-none-eabi/lib/thumb/v7-m/nofp/libc.a(libc_a-svfprintf.o)
 .debug_rnglists
                0x000005cc       0x2b /usr/lib/gcc/arm-none-eabi/13.2.1/../../../arm-none-eabi/lib/thumb/v7-m/nofp/libc.a(libc_a-mallocr.o)
 .debug_rnglists
                0x000005f7       0x2c /usr/lib/gcc/arm-none-eabi/13.2.1/../../../arm-none-eabi/lib/thumb/v7-m/nofp/libc.a(libc_a-dtoa.o)
 .debug_rnglists
                0x00000623       0x1b /usr/lib/gcc/arm-none-eabi/13.2.1/../../../arm-none-eabi/lib/thumb/v7-m/nofp/libc.a(libc_a-fclose.o)
 .debug_rnglists
                0x0000063e       0x13 /usr/lib/gcc/arm-none-eabi/13.2.1/../../../arm-none-eabi/lib/thumb/v7-m/nofp/libc.a(libc_a-strlen-stub.o)
 .debug_rnglists
                0x00000651       0xad /usr/lib/gcc/arm-none-eabi/13.2.1/../../../arm-none-eabi/lib/thumb/v7-m/nofp/libc.a(libc_a-mprec.o)
 .debug_rnglists
                0x000006fe       0x19 /usr/lib/gcc/arm-none-eabi/13.2.1/../../../arm-none-eabi/lib/thumb/v7-m/nofp/libc.a(libc_a-locale.o)
 .debug_rnglists
                0x00000717       0x59 /usr/lib/gcc/arm-none-eabi/13.2.1/../../../arm-none-eabi/lib/thumb/v7-m/nofp/libc.a(libc_a-fflush.o)
 .debug_rnglists
                0x00000770       0x29 /usr/lib/gcc/arm-none-eabi/13.2.1/../../../arm-none-eabi/lib/thumb/v7-m/nofp/libc.a(libc_a-callocr.o)
 .debug_rnglists
                0x00000799       0x1e /usr/lib/gcc/arm-none-eabi/13.2.1/../../../arm-none-eabi/lib/thumb/v7-m/nofp/libc.a(libc_a-ssputs_r.o)
 .debug_rnglists
                0x000007b7       0xa3 /usr/lib/gcc/arm-none-eabi/13.2.1/../../../arm-none-eabi/lib/thumb/v7-m/nofp/libc.a(libc_a-reallocr.o)
 .debug_rnglists
                0x0000085a       0x65 /usr/lib/gcc/arm-none-eabi/13.2.1/../../../arm-none-eabi/lib/thumb/v7-m/nofp/libc.a(libc_a-signal.o)
 .debug_rnglists
                0x000008bf       0x23 /usr/lib/gcc/arm-none-eabi/13.2.1/../../../arm-none-eabi/lib/thumb/v7-m/nofp/libc.a(libc_a-vfiprintf.o)
 .debug_rnglists
                0x000008e2       0x1e /usr/lib/gcc/arm-none-eabi/13.2.1/../../../arm-none-eabi/lib/thumb/v7-m/nofp/libc.a(libc_a-wsetup.o)
 .debug_rnglists
                0x00000900       0x31 /usr/lib/gcc/arm-none-eabi/13.2.1/../../../arm-none-eabi/lib/thumb/v7-m/nofp/libc.a(libc_a-makebuf.o)
 .debug_rnglists
                0x00000931       0x30 /usr/lib/gcc/arm-none-eabi/13.2.1/../../../arm-none-eabi/lib/thumb/v7-m/nofp/libc.a(libc_a-fvwrite.o)

.debug_macro    0x00000000     0xd440
 .debug_macro   0x00000000       0xc8 build/src/main.o
 .debug_macro   0x000000c8      0xacc build/src/main.o
 .debug_macro   0x00000b94       0x5c build/src/main.o
 .debug_macro   0x00000bf0       0x22 build/src/main.o
 .debug_macro   0x00000c12      0x34e build/src/main.o
 .debug_macro   0x00000f60      0x69f build/src/main.o
 .debug_macro   0x000015ff     0x7f62 build/src/main.o
 .debug_macro   0x00009561      0x2a5 build/src/main.o
 .debug_macro   0x00009806      0x3e2 build/src/main.o
 .debug_macro   0x00009be8      0x2c3 build/src/main.o
 .debug_macro   0x00009eab      0x2b1 build/src/main.o
 .debug_macro   0x0000a15c      0x3ad build/src/main.o
 .debug_macro   0x0000a509      0x226 build/src/main.o
 .debug_macro   0x0000a72f       0x8a build/src/main.o
 .debug_macro   0x0000a7b9       0x35 build/src/main.o
 .debug_macro   0x0000a7ee       0x10 build/src/main.o
 .debug_macro   0x0000a7fe       0xab build/src/board.o
 .debug_macro   0x0000a8a9       0xab build/src/uart.o
 .debug_macro   0x0000a954       0xb0 build/src/i2c.o
 .debug_macro   0x0000aa04      0x1d2 build/src/cli.o
 .debug_macro   0x0000abd6       0x22 build/src/cli.o
 .debug_macro   0x0000abf8       0x60 build/src/cli.o
 .debug_macro   0x0000ac58       0x24 build/src/cli.o
 .debug_macro   0x0000ac7c       0x94 build/src/cli.o
 .debug_macro   0x0000ad10       0x3c build/src/cli.o
 .debug_macro   0x0000ad4c       0x34 build/src/cli.o
 .debug_macro   0x0000ad80      0x190 build/src/cli.o
 .debug_macro   0x0000af10       0x57 build/src/cli.o
 .debug_macro   0x0000af67      0x370 build/src/cli.o
 .debug_macro   0x0000b2d7       0x16 build/src/cli.o
 .debug_macro   0x0000b2ed       0x4a build/src/cli.o
 .debug_macro   0x0000b337       0x34 build/src/cli.o
 .debug_macro   0x0000b36b       0x10 build/src/cli.o
 .debug_macro   0x0000b37b       0x52 build/src/cli.o
 .debug_macro   0x0000b3cd      0x1de build/src/cli.o
 .debug_macro   0x0000b5ab       0x10 build/src/cli.o
 .debug_macro   0x0000b5bb       0x3c build/src/cli.o
 .debug_macro   0x0000b5f7       0x1c build/src/cli.o
 .debug_macro   0x0000b613       0x10 build/src/cli.o
 .debug_macro   0x0000b623       0x1c build/src/cli.o
 .debug_macro   0x0000b63f       0x16 build/src/cli.o
 .debug_macro   0x0000b655      0x170 build/src/cli.o
 .debug_macro   0x0000b7c5      0x1ee build/src/syscalls.o
 .debug_macro   0x0000b9b3       0x10 build/src/syscalls.o
 .debug_macro   0x0000b9c3       0x6a build/src/syscalls.o
 .debug_macro   0x0000ba2d       0x1c build/src/syscalls.o
 .debug_macro   0x0000ba49       0x52 build/src/syscalls.o
 .debug_macro   0x0000ba9b       0x22 build/src/syscalls.o
 .debug_macro   0x0000babd       0x10 build/src/syscalls.o
 .debug_macro   0x0000bacd       0x52 build/src/syscalls.o
 .debug_macro   0x0000bb1f       0xcf build/src/syscalls.o
 .debug_macro   0x0000bbee       0x1c build/src/syscalls.o
 .debug_macro   0x0000bc0a       0x3d build/src/syscalls.o
 .debug_macro   0x0000bc47       0x10 build/src/syscalls.o
 .debug_macro   0x0000bc57      0x23c build/src/syscalls.o
 .debug_macro   0x0000be93      0x6bd build/src/syscalls.o
 .debug_macro   0x0000c550       0xad build/src/system_stm32f10x.o
 .debug_macro   0x0000c5fd       0xf9 build/lib/STM32F10x_StdPeriph_Lib_V3.6.0/Libraries/STM32F10x_StdPeriph_Driver/src/stm32f10x_gpio.o
 .debug_macro   0x0000c6f6      0x3dc build/lib/STM32F10x_StdPeriph_Lib_V3.6.0/Libraries/STM32F10x_StdPeriph_Driver/src/stm32f10x_gpio.o
 .debug_macro   0x0000cad2      0x1c7 build/lib/STM32F10x_StdPeriph_Lib_V3.6.0/Libraries/STM32F10x_StdPeriph_Driver/src/stm32f10x_rcc.o
 .debug_macro   0x0000cc99      0x15f build/lib/STM32F10x_StdPeriph_Lib_V3.6.0/Libraries/STM32F10x_StdPeriph_Driver/src/stm32f10x_usart.o
 .debug_macro   0x0000cdf8      0x220 build/lib/STM32F10x_StdPeriph_Lib_V3.6.0/Libraries/STM32F10x_StdPeriph_Driver/src/stm32f10x_usart.o
 .debug_macro   0x0000d018      0x17d build/lib/STM32F10x_StdPeriph_Lib_V3.6.0/Libraries/STM32F10x_StdPeriph_Driver/src/stm32f10x_i2c.o
 .debug_macro   0x0000d195      0x2ab build/lib/STM32F10x_StdPeriph_Lib_V3.6.0/Libraries/STM32F10x_StdPeriph_Driver/src/stm32f10x_i2c.o

.debug_line     0x00000000     0xff0e
 .debug_line    0x00000000      0x2f7 build/src/main.o
 .debug_line    0x000002f7      0x225 build/src/board.o
 .debug_line    0x0000051c      0x39c build/src/uart.o
 .debug_line    0x000008b8      0x446 build/src/i2c.o
 .debug_line    0x00000cfe      0x50e build/src/cli.o
 .debug_line    0x0000120c      0x514 build/src/syscalls.o
 .debug_line    0x00001720      0x3c8 build/src/system_stm32f10x.o
 .debug_line    0x00001ae8      0x6c1 build/lib/STM32F10x_StdPeriph_Lib_V3.6.0/Libraries/STM32F10x_StdPeriph_Driver/src/stm32f10x_gpio.o
 .debug_line    0x000021a9      0x8c4 build/lib/STM32F10x_StdPeriph_Lib_V3.6.0/Libraries/STM32F10x_StdPeriph_Driver/src/stm32f10x_rcc.o
 .debug_line    0x00002a6d      0x913 build/lib/STM32F10x_StdPeriph_Lib_V3.6.0/Libraries/STM32F10x_StdPeriph_Driver/src/stm32f10x_usart.o
 .debug_line    0x00003380      0x975 build/lib/STM32F10x_StdPeriph_Lib_V3.6.0/Libraries/STM32F10x_StdPeriph_Driver/src/stm32f10x_i2c.o
 .debug_line    0x00003cf5       0x73 build/startup/startup_stm32f10x_hd.o
 .debug_line    0x00003d68       0xdd /usr/lib/gcc/arm-none-eabi/13.2.1/../../../arm-none-eabi/lib/thumb/v7-m/nofp/libc.a(libc_a-strcmp.o)
 .debug_line    0x00003e45      0x10c /usr/lib/gcc/arm-none-eabi/13.2.1/../../../arm-none-eabi/lib/thumb/v7-m/nofp/libc.a(libc_a-errno.o)
 .debug_line    0x00003f51       0xe7 /usr/lib/gcc/arm-none-eabi/13.2.1/../../../arm-none-eabi/lib/thumb/v7-m/nofp/libc.a(libc_a-impure.o)
 .debug_line    0x00004038      0x51f /usr/lib/gcc/arm-none-eabi/13.2.1/../../../arm-none-eabi/lib/thumb/v7-m/nofp/libc.a(libc_a-findfp.o)
 .debug_line    0x00004557      0x234 /usr/lib/gcc/arm-none-eabi/13.2.1/../../../arm-none-eabi/lib/thumb/v7-m/nofp/libc.a(libc_a-sprintf.o)
 .debug_line    0x0000478b      0x1b1 /usr/lib/gcc/arm-none-eabi/13.2.1/../../../arm-none-eabi/lib/thumb/v7-m/nofp/libc.a(libc_a-memset.o)
 .debug_line    0x0000493c      0x1c9 /usr/lib/gcc/arm-none-eabi/13.2.1/../../../arm-none-eabi/lib/thumb/v7-m/nofp/libc.a(libc_a-fwalk.o)
 .debug_line    0x00004b05     0x19d1 /usr/lib/gcc/arm-none-eabi/13.2.1/../../../arm-none-eabi/lib/thumb/v7-m/nofp/libc.a(libc_a-svfprintf.o)
 .debug_line    0x000064d6      0x8eb /usr/lib/gcc/arm-none-eabi/13.2.1/../../../arm-none-eabi/lib/thumb/v7-m/nofp/libc.a(libc_a-mallocr.o)
 .debug_line    0x00006dc1     0x1450 /usr/lib/gcc/arm-none-eabi/13.2.1/../../../arm-none-eabi/lib/thumb/v7-m/nofp/libc.a(libc_a-dtoa.o)
 .debug_line    0x00008211      0x545 /usr/lib/gcc/arm-none-eabi/13.2.1/../../../arm-none-eabi/lib/thumb/v7-m/nofp/libc.a(libc_a-freer.o)
 .debug_line    0x00008756      0x24c /usr/lib/gcc/arm-none-eabi/13.2.1/../../../arm-none-eabi/lib/thumb/v7-m/nofp/libc.a(libc_a-fclose.o)
 .debug_line    0x000089a2       0xbd /usr/lib/gcc/arm-none-eabi/13.2.1/../../../arm-none-eabi/lib/thumb/v7-m/nofp/libc.a(libc_a-memcpy.o)
 .debug_line    0x00008a5f       0xf0 /usr/lib/gcc/arm-none-eabi/13.2.1/../../../arm-none-eabi/lib/thumb/v7-m/nofp/libc.a(libc_a-sysconf.o)
 .debug_line    0x00008b4f      0x22b /usr/lib/gcc/arm-none-eabi/13.2.1/../../../arm-none-eabi/lib/thumb/v7-m/nofp/libc.a(libc_a-stdio.o)
 .debug_line    0x00008d7a      0x19d /usr/lib/gcc/arm-none-eabi/13.2.1/../../../arm-none-eabi/lib/thumb/v7-m/nofp/libc.a(libc_a-writer.o)
 .debug_line    0x00008f17      0x153 /usr/lib/gcc/arm-none-eabi/13.2.1/../../../arm-none-eabi/lib/thumb/v7-m/nofp/libc.a(libc_a-mlock.o)
 .debug_line    0x0000906a      0x1ea /usr/lib/gcc/arm-none-eabi/13.2.1/../../../arm-none-eabi/lib/thumb/v7-m/nofp/libc.a(libc_a-ssprint_r.o)
 .debug_line    0x00009254       0xf4 /usr/lib/gcc/arm-none-eabi/13.2.1/../../../arm-none-eabi/lib/thumb/v7-m/nofp/libc.a(libc_a-strlen-stub.o)
 .debug_line    0x00009348      0x196 /usr/lib/gcc/arm-none-eabi/13.2.1/../../../arm-none-eabi/lib/thumb/v7-m/nofp/libc.a(libc_a-sbrkr.o)
 .debug_line    0x000094de      0x196 /usr/lib/gcc/arm-none-eabi/13.2.1/../../../arm-none-eabi/lib/thumb/v7-m/nofp/libc.a(libc_a-closer.o)
 .debug_line    0x00009674      0x1b0 /usr/lib/gcc/arm-none-eabi/13.2.1/../../../arm-none-eabi/lib/thumb/v7-m/nofp/libc.a(libc_a-assert.o)
 .debug_line    0x00009824     0x1409 /usr/lib/gcc/arm-none-eabi/13.2.1/../../../arm-none-eabi/lib/thumb/v7-m/nofp/libc.a(libc_a-mprec.o)
 .debug_line    0x0000ac2d      0x200 /usr/lib/gcc/arm-none-eabi/13.2.1/../../../arm-none-eabi/lib/thumb/v7-m/nofp/libc.a(libc_a-memchr-stub.o)
 .debug_line    0x0000ae2d      0x17e /usr/lib/gcc/arm-none-eabi/13.2.1/../../../arm-none-eabi/lib/thumb/v7-m/nofp/libc.a(libc_a-localeconv.o)
 .debug_line    0x0000afab      0x29f /usr/lib/gcc/arm-none-eabi/13.2.1/../../../arm-none-eabi/lib/thumb/v7-m/nofp/libc.a(libc_a-locale.o)
 .debug_line    0x0000b24a      0x214 /usr/lib/gcc/arm-none-eabi/13.2.1/../../../arm-none-eabi/lib/thumb/v7-m/nofp/libc.a(libc_a-mbtowc_r.o)
 .debug_line    0x0000b45e      0x467 /usr/lib/gcc/arm-none-eabi/13.2.1/../../../arm-none-eabi/lib/thumb/v7-m/nofp/libc.a(libc_a-fflush.o)
 .debug_line    0x0000b8c5      0x115 /usr/lib/gcc/arm-none-eabi/13.2.1/../../../arm-none-eabi/lib/thumb/v7-m/nofp/libc.a(libc_a-abort.o)
 .debug_line    0x0000b9da      0x211 /usr/lib/gcc/arm-none-eabi/13.2.1/../../../arm-none-eabi/lib/thumb/v7-m/nofp/libc.a(libc_a-callocr.o)
 .debug_line    0x0000bbeb      0x275 /usr/lib/gcc/arm-none-eabi/13.2.1/../../../arm-none-eabi/lib/thumb/v7-m/nofp/libc.a(libc_a-ssputs_r.o)
 .debug_line    0x0000be60      0x19c /usr/lib/gcc/arm-none-eabi/13.2.1/../../../arm-none-eabi/lib/thumb/v7-m/nofp/libc.a(libc_a-readr.o)
 .debug_line    0x0000bffc      0x1ab /usr/lib/gcc/arm-none-eabi/13.2.1/../../../arm-none-eabi/lib/thumb/v7-m/nofp/libc.a(libc_a-fiprintf.o)
 .debug_line    0x0000c1a7      0x20b /usr/lib/gcc/arm-none-eabi/13.2.1/../../../arm-none-eabi/lib/thumb/v7-m/nofp/libc.a(libc_a-wctomb_r.o)
 .debug_line    0x0000c3b2      0x19d /usr/lib/gcc/arm-none-eabi/13.2.1/../../../arm-none-eabi/lib/thumb/v7-m/nofp/libc.a(libc_a-lseekr.o)
 .debug_line    0x0000c54f      0x1f0 /usr/lib/gcc/arm-none-eabi/13.2.1/../../../arm-none-eabi/lib/thumb/v7-m/nofp/libc.a(libc_a-reent.o)
 .debug_line    0x0000c73f      0x6a9 /usr/lib/gcc/arm-none-eabi/13.2.1/../../../arm-none-eabi/lib/thumb/v7-m/nofp/libc.a(libc_a-reallocr.o)
 .debug_line    0x0000cde8       0x97 /usr/lib/gcc/arm-none-eabi/13.2.1/../../../arm-none-eabi/lib/thumb/v7-m/nofp/libc.a(libc_a-ctype_.o)
 .debug_line    0x0000ce7f      0x67e /usr/lib/gcc/arm-none-eabi/13.2.1/../../../arm-none-eabi/lib/thumb/v7-m/nofp/libc.a(libc_a-signal.o)
 .debug_line    0x0000d4fd      0x1be /usr/lib/gcc/arm-none-eabi/13.2.1/../../../arm-none-eabi/lib/thumb/v7-m/nofp/libc.a(libc_a-signalr.o)
 .debug_line    0x0000d6bb      0x20d /usr/lib/gcc/arm-none-eabi/13.2.1/../../../arm-none-eabi/lib/thumb/v7-m/nofp/libc.a(libc_a-memmove.o)
 .debug_line    0x0000d8c8     0x103b /usr/lib/gcc/arm-none-eabi/13.2.1/../../../arm-none-eabi/lib/thumb/v7-m/nofp/libc.a(libc_a-vfiprintf.o)
 .debug_line    0x0000e903      0x2bd /usr/lib/gcc/arm-none-eabi/13.2.1/../../../arm-none-eabi/lib/thumb/v7-m/nofp/libc.a(libc_a-wsetup.o)
 .debug_line    0x0000ebc0      0x189 /usr/lib/gcc/arm-none-eabi/13.2.1/../../../arm-none-eabi/lib/thumb/v7-m/nofp/libc.a(libc_a-sprint_r.o)
 .debug_line    0x0000ed49      0x3d2 /usr/lib/gcc/arm-none-eabi/13.2.1/../../../arm-none-eabi/lib/thumb/v7-m/nofp/libc.a(libc_a-makebuf.o)
 .debug_line    0x0000f11b      0x215 /usr/lib/gcc/arm-none-eabi/13.2.1/../../../arm-none-eabi/lib/thumb/v7-m/nofp/libc.a(libc_a-fstatr.o)
 .debug_line    0x0000f330      0x197 /usr/lib/gcc/arm-none-eabi/13.2.1/../../../arm-none-eabi/lib/thumb/v7-m/nofp/libc.a(libc_a-isattyr.o)
 .debug_line    0x0000f4c7      0x5f5 /usr/lib/gcc/arm-none-eabi/13.2.1/../../../arm-none-eabi/lib/thumb/v7-m/nofp/libc.a(libc_a-fvwrite.o)
 .debug_line    0x0000fabc      0x16f /usr/lib/gcc/arm-none-eabi/13.2.1/thumb/v7-m/nofp/libgcc.a(_arm_addsubdf3.o)
 .debug_line    0x0000fc2b      0x184 /usr/lib/gcc/arm-none-eabi/13.2.1/thumb/v7-m/nofp/libgcc.a(_arm_muldivdf3.o)
 .debug_line    0x0000fdaf       0xa6 /usr/lib/gcc/arm-none-eabi/13.2.1/thumb/v7-m/nofp/libgcc.a(_arm_cmpdf2.o)
 .debug_line    0x0000fe55       0x57 /usr/lib/gcc/arm-none-eabi/13.2.1/thumb/v7-m/nofp/libgcc.a(_arm_unorddf2.o)
 .debug_line    0x0000feac       0x62 /usr/lib/gcc/arm-none-eabi/13.2.1/thumb/v7-m/nofp/libgcc.a(_arm_fixdfsi.o)

.debug_str      0x00000000    0x454d9
 .debug_str     0x00000000    0x454d9 build/src/main.o
                              0x3cfea (size before relaxing)
 .debug_str     0x000454d9    0x3d081 build/src/board.o
 .debug_str     0x000454d9    0x3d1b2 build/src/uart.o
 .debug_str     0x000454d9    0x3d250 build/src/i2c.o
 .debug_str     0x000454d9    0x407a3 build/src/cli.o
 .debug_str     0x000454d9    0x40f54 build/src/syscalls.o
 .debug_str     0x000454d9    0x3d047 build/src/system_stm32f10x.o
 .debug_str     0x000454d9    0x3d4f1 build/lib/STM32F10x_StdPeriph_Lib_V3.6.0/Libraries/STM32F10x_StdPeriph_Driver/src/stm32f10x_gpio.o
 .debug_str     0x000454d9    0x3dac0 build/lib/STM32F10x_StdPeriph_Lib_V3.6.0/Libraries/STM32F10x_StdPeriph_Driver/src/stm32f10x_rcc.o
 .debug_str     0x000454d9    0x3d82a build/lib/STM32F10x_StdPeriph_Lib_V3.6.0/Libraries/STM32F10x_StdPeriph_Driver/src/stm32f10x_usart.o
 .debug_str     0x000454d9    0x3d8a5 build/lib/STM32F10x_StdPeriph_Lib_V3.6.0/Libraries/STM32F10x_StdPeriph_Driver/src/stm32f10x_i2c.o
 .debug_str     0x000454d9       0x62 build/startup/startup_stm32f10x_hd.o
 .debug_str     0x000454d9       0xa3 /usr/lib/gcc/arm-none-eabi/13.2.1/../../../arm-none-eabi/lib/thumb/v7-m/nofp/libc.a(libc_a-strcmp.o)
 .debug_str     0x000454d9      0x499 /usr/lib/gcc/arm-none-eabi/13.2.1/../../../arm-none-eabi/lib/thumb/v7-m/nofp/libc.a(libc_a-errno.o)
 .debug_str     0x000454d9      0x4a4 /usr/lib/gcc/arm-none-eabi/13.2.1/../../../arm-none-eabi/lib/thumb/v7-m/nofp/libc.a(libc_a-impure.o)
 .debug_str     0x000454d9      0x6a7 /usr/lib/gcc/arm-none-eabi/13.2.1/../../../arm-none-eabi/lib/thumb/v7-m/nofp/libc.a(libc_a-findfp.o)
 .debug_str     0x000454d9      0x4de /usr/lib/gcc/arm-none-eabi/13.2.1/../../../arm-none-eabi/lib/thumb/v7-m/nofp/libc.a(libc_a-sprintf.o)
 .debug_str     0x000454d9      0x1a0 /usr/lib/gcc/arm-none-eabi/13.2.1/../../../arm-none-eabi/lib/thumb/v7-m/nofp/libc.a(libc_a-memset.o)
 .debug_str     0x000454d9      0x4af /usr/lib/gcc/arm-none-eabi/13.2.1/../../../arm-none-eabi/lib/thumb/v7-m/nofp/libc.a(libc_a-fwalk.o)
 .debug_str     0x000454d9      0x8c4 /usr/lib/gcc/arm-none-eabi/13.2.1/../../../arm-none-eabi/lib/thumb/v7-m/nofp/libc.a(libc_a-svfprintf.o)
 .debug_str     0x000454d9      0x6c7 /usr/lib/gcc/arm-none-eabi/13.2.1/../../../arm-none-eabi/lib/thumb/v7-m/nofp/libc.a(libc_a-mallocr.o)
 .debug_str     0x000454d9      0x877 /usr/lib/gcc/arm-none-eabi/13.2.1/../../../arm-none-eabi/lib/thumb/v7-m/nofp/libc.a(libc_a-dtoa.o)
 .debug_str     0x000454d9      0x60f /usr/lib/gcc/arm-none-eabi/13.2.1/../../../arm-none-eabi/lib/thumb/v7-m/nofp/libc.a(libc_a-freer.o)
 .debug_str     0x000454d9      0x4fe /usr/lib/gcc/arm-none-eabi/13.2.1/../../../arm-none-eabi/lib/thumb/v7-m/nofp/libc.a(libc_a-fclose.o)
 .debug_str     0x000454d9       0xa3 /usr/lib/gcc/arm-none-eabi/13.2.1/../../../arm-none-eabi/lib/thumb/v7-m/nofp/libc.a(libc_a-memcpy.o)
 .debug_str     0x000454d9      0x195 /usr/lib/gcc/arm-none-eabi/13.2.1/../../../arm-none-eabi/lib/thumb/v7-m/nofp/libc.a(libc_a-sysconf.o)
 .debug_str     0x000454d9      0x50c /usr/lib/gcc/arm-none-eabi/13.2.1/../../../arm-none-eabi/lib/thumb/v7-m/nofp/libc.a(libc_a-stdio.o)
 .debug_str     0x000454d9      0x4a5 /usr/lib/gcc/arm-none-eabi/13.2.1/../../../arm-none-eabi/lib/thumb/v7-m/nofp/libc.a(libc_a-writer.o)
 .debug_str     0x000454d9      0x4bd /usr/lib/gcc/arm-none-eabi/13.2.1/../../../arm-none-eabi/lib/thumb/v7-m/nofp/libc.a(libc_a-mlock.o)
 .debug_str     0x000454d9      0x4e8 /usr/lib/gcc/arm-none-eabi/13.2.1/../../../arm-none-eabi/lib/thumb/v7-m/nofp/libc.a(libc_a-ssprint_r.o)
 .debug_str     0x000454d9      0x196 /usr/lib/gcc/arm-none-eabi/13.2.1/../../../arm-none-eabi/lib/thumb/v7-m/nofp/libc.a(libc_a-strlen-stub.o)
 .debug_str     0x000454d9      0x4a8 /usr/lib/gcc/arm-none-eabi/13.2.1/../../../arm-none-eabi/lib/thumb/v7-m/nofp/libc.a(libc_a-sbrkr.o)
 .debug_str     0x000454d9      0x495 /usr/lib/gcc/arm-none-eabi/13.2.1/../../../arm-none-eabi/lib/thumb/v7-m/nofp/libc.a(libc_a-closer.o)
 .debug_str     0x000454d9      0x4d8 /usr/lib/gcc/arm-none-eabi/13.2.1/../../../arm-none-eabi/lib/thumb/v7-m/nofp/libc.a(libc_a-assert.o)
 .debug_str     0x000454d9      0x7b5 /usr/lib/gcc/arm-none-eabi/13.2.1/../../../arm-none-eabi/lib/thumb/v7-m/nofp/libc.a(libc_a-mprec.o)
 .debug_str     0x000454d9      0x1b0 /usr/lib/gcc/arm-none-eabi/13.2.1/../../../arm-none-eabi/lib/thumb/v7-m/nofp/libc.a(libc_a-memchr-stub.o)
 .debug_str     0x000454d9      0x6e5 /usr/lib/gcc/arm-none-eabi/13.2.1/../../../arm-none-eabi/lib/thumb/v7-m/nofp/libc.a(libc_a-localeconv.o)
 .debug_str     0x000454d9      0x71e /usr/lib/gcc/arm-none-eabi/13.2.1/../../../arm-none-eabi/lib/thumb/v7-m/nofp/libc.a(libc_a-locale.o)
 .debug_str     0x000454d9      0x6c5 /usr/lib/gcc/arm-none-eabi/13.2.1/../../../arm-none-eabi/lib/thumb/v7-m/nofp/libc.a(libc_a-mbtowc_r.o)
 .debug_str     0x000454d9      0x526 /usr/lib/gcc/arm-none-eabi/13.2.1/../../../arm-none-eabi/lib/thumb/v7-m/nofp/libc.a(libc_a-fflush.o)
 .debug_str     0x000454d9      0x18f /usr/lib/gcc/arm-none-eabi/13.2.1/../../../arm-none-eabi/lib/thumb/v7-m/nofp/libc.a(libc_a-abort.o)
 .debug_str     0x000454d9      0x4f1 /usr/lib/gcc/arm-none-eabi/13.2.1/../../../arm-none-eabi/lib/thumb/v7-m/nofp/libc.a(libc_a-callocr.o)
 .debug_str     0x000454d9      0x4da /usr/lib/gcc/arm-none-eabi/13.2.1/../../../arm-none-eabi/lib/thumb/v7-m/nofp/libc.a(libc_a-ssputs_r.o)
 .debug_str     0x000454d9      0x4a3 /usr/lib/gcc/arm-none-eabi/13.2.1/../../../arm-none-eabi/lib/thumb/v7-m/nofp/libc.a(libc_a-readr.o)
 .debug_str     0x000454d9      0x4e1 /usr/lib/gcc/arm-none-eabi/13.2.1/../../../arm-none-eabi/lib/thumb/v7-m/nofp/libc.a(libc_a-fiprintf.o)
 .debug_str     0x000454d9      0x6cc /usr/lib/gcc/arm-none-eabi/13.2.1/../../../arm-none-eabi/lib/thumb/v7-m/nofp/libc.a(libc_a-wctomb_r.o)
 .debug_str     0x000454d9      0x4a3 /usr/lib/gcc/arm-none-eabi/13.2.1/../../../arm-none-eabi/lib/thumb/v7-m/nofp/libc.a(libc_a-lseekr.o)
 .debug_str     0x000454d9      0x4be /usr/lib/gcc/arm-none-eabi/13.2.1/../../../arm-none-eabi/lib/thumb/v7-m/nofp/libc.a(libc_a-reent.o)
 .debug_str     0x000454d9      0x592 /usr/lib/gcc/arm-none-eabi/13.2.1/../../../arm-none-eabi/lib/thumb/v7-m/nofp/libc.a(libc_a-reallocr.o)
 .debug_str     0x000454d9      0x185 /usr/lib/gcc/arm-none-eabi/13.2.1/../../../arm-none-eabi/lib/thumb/v7-m/nofp/libc.a(libc_a-ctype_.o)
 .debug_str     0x000454d9      0x526 /usr/lib/gcc/arm-none-eabi/13.2.1/../../../arm-none-eabi/lib/thumb/v7-m/nofp/libc.a(libc_a-signal.o)
 .debug_str     0x000454d9      0x4bb /usr/lib/gcc/arm-none-eabi/13.2.1/../../../arm-none-eabi/lib/thumb/v7-m/nofp/libc.a(libc_a-signalr.o)
 .debug_str     0x000454d9      0x1bf /usr/lib/gcc/arm-none-eabi/13.2.1/../../../arm-none-eabi/lib/thumb/v7-m/nofp/libc.a(libc_a-memmove.o)
 .debug_str     0x000454d9      0x82c /usr/lib/gcc/arm-none-eabi/13.2.1/../../../arm-none-eabi/lib/thumb/v7-m/nofp/libc.a(libc_a-vfiprintf.o)
 .debug_str     0x000454d9      0x4d0 /usr/lib/gcc/arm-none-eabi/13.2.1/../../../arm-none-eabi/lib/thumb/v7-m/nofp/libc.a(libc_a-wsetup.o)
 .debug_str     0x000454d9      0x4e8 /usr/lib/gcc/arm-none-eabi/13.2.1/../../../arm-none-eabi/lib/thumb/v7-m/nofp/libc.a(libc_a-sprint_r.o)
 .debug_str     0x000454d9      0x632 /usr/lib/gcc/arm-none-eabi/13.2.1/../../../arm-none-eabi/lib/thumb/v7-m/nofp/libc.a(libc_a-makebuf.o)
 .debug_str     0x000454d9      0x5e7 /usr/lib/gcc/arm-none-eabi/13.2.1/../../../arm-none-eabi/lib/thumb/v7-m/nofp/libc.a(libc_a-fstatr.o)
 .debug_str     0x000454d9      0x49f /usr/lib/gcc/arm-none-eabi/13.2.1/../../../arm-none-eabi/lib/thumb/v7-m/nofp/libc.a(libc_a-isattyr.o)
 .debug_str     0x000454d9      0x543 /usr/lib/gcc/arm-none-eabi/13.2.1/../../../arm-none-eabi/lib/thumb/v7-m/nofp/libc.a(libc_a-fvwrite.o)
 .debug_str     0x000454d9      0x150 /usr/lib/gcc/arm-none-eabi/13.2.1/thumb/v7-m/nofp/libgcc.a(_arm_addsubdf3.o)
 .debug_str     0x000454d9       0xd0 /usr/lib/gcc/arm-none-eabi/13.2.1/thumb/v7-m/nofp/libgcc.a(_arm_muldivdf3.o)
 .debug_str     0x000454d9      0x159 /usr/lib/gcc/arm-none-eabi/13.2.1/thumb/v7-m/nofp/libgcc.a(_arm_cmpdf2.o)
 .debug_str     0x000454d9       0xbe /usr/lib/gcc/arm-none-eabi/13.2.1/thumb/v7-m/nofp/libgcc.a(_arm_unorddf2.o)
 .debug_str     0x000454d9       0xbb /usr/lib/gcc/arm-none-eabi/13.2.1/thumb/v7-m/nofp/libgcc.a(_arm_fixdfsi.o)

.comment        0x00000000       0x26
 .comment       0x00000000       0x26 build/src/main.o
                                 0x27 (size before relaxing)
 .comment       0x00000026       0x27 build/src/board.o
 .comment       0x00000026       0x27 build/src/uart.o
 .comment       0x00000026       0x27 build/src/i2c.o
 .comment       0x00000026       0x27 build/src/cli.o
 .comment       0x00000026       0x27 build/src/syscalls.o
 .comment       0x00000026       0x27 build/src/system_stm32f10x.o
 .comment       0x00000026       0x27 build/lib/STM32F10x_StdPeriph_Lib_V3.6.0/Libraries/STM32F10x_StdPeriph_Driver/src/stm32f10x_gpio.o
 .comment       0x00000026       0x27 build/lib/STM32F10x_StdPeriph_Lib_V3.6.0/Libraries/STM32F10x_StdPeriph_Driver/src/stm32f10x_rcc.o
 .comment       0x00000026       0x27 build/lib/STM32F10x_StdPeriph_Lib_V3.6.0/Libraries/STM32F10x_StdPeriph_Driver/src/stm32f10x_usart.o
 .comment       0x00000026       0x27 build/lib/STM32F10x_StdPeriph_Lib_V3.6.0/Libraries/STM32F10x_StdPeriph_Driver/src/stm32f10x_i2c.o
 .comment       0x00000026       0x27 /usr/lib/gcc/arm-none-eabi/13.2.1/../../../arm-none-eabi/lib/thumb/v7-m/nofp/libc.a(libc_a-errno.o)
 .comment       0x00000026       0x27 /usr/lib/gcc/arm-none-eabi/13.2.1/../../../arm-none-eabi/lib/thumb/v7-m/nofp/libc.a(libc_a-impure.o)
 .comment       0x00000026       0x27 /usr/lib/gcc/arm-none-eabi/13.2.1/../../../arm-none-eabi/lib/thumb/v7-m/nofp/libc.a(libc_a-findfp.o)
 .comment       0x00000026       0x27 /usr/lib/gcc/arm-none-eabi/13.2.1/../../../arm-none-eabi/lib/thumb/v7-m/nofp/libc.a(libc_a-sprintf.o)
 .comment       0x00000026       0x27 /usr/lib/gcc/arm-none-eabi/13.2.1/../../../arm-none-eabi/lib/thumb/v7-m/nofp/libc.a(libc_a-memset.o)
 .comment       0x00000026       0x27 /usr/lib/gcc/arm-none-eabi/13.2.1/../../../arm-none-eabi/lib/thumb/v7-m/nofp/libc.a(libc_a-fwalk.o)
 .comment       0x00000026       0x27 /usr/lib/gcc/arm-none-eabi/13.2.1/../../../arm-none-eabi/lib/thumb/v7-m/nofp/libc.a(libc_a-svfprintf.o)
 .comment       0x00000026       0x27 /usr/lib/gcc/arm-none-eabi/13.2.1/../../../arm-none-eabi/lib/thumb/v7-m/nofp/libc.a(libc_a-mallocr.o)
 .comment       0x00000026       0x27 /usr/lib/gcc/arm-none-eabi/13.2.1/../../../arm-none-eabi/lib/thumb/v7-m/nofp/libc.a(libc_a-dtoa.o)
 .comment       0x00000026       0x27 /usr/lib/gcc/arm-none-eabi/13.2.1/../../../arm-none-eabi/lib/thumb/v7-m/nofp/libc.a(libc_a-freer.o)
 .comment       0x00000026       0x27 /usr/lib/gcc/arm-none-eabi/13.2.1/../../../arm-none-eabi/lib/thumb/v7-m/nofp/libc.a(libc_a-fclose.o)
 .comment       0x00000026       0x27 /usr/lib/gcc/arm-none-eabi/13.2.1/../../../arm-none-eabi/lib/thumb/v7-m/nofp/libc.a(libc_a-sysconf.o)
 .comment       0x00000026       0x27 /usr/lib/gcc/arm-none-eabi/13.2.1/../../../arm-none-eabi/lib/thumb/v7-m/nofp/libc.a(libc_a-stdio.o)
 .comment       0x00000026       0x27 /usr/lib/gcc/arm-none-eabi/13.2.1/../../../arm-none-eabi/lib/thumb/v7-m/nofp/libc.a(libc_a-writer.o)
 .comment       0x00000026       0x27 /usr/lib/gcc/arm-none-eabi/13.2.1/../../../arm-none-eabi/lib/thumb/v7-m/nofp/libc.a(libc_a-mlock.o)
 .comment       0x00000026       0x27 /usr/lib/gcc/arm-none-eabi/13.2.1/../../../arm-none-eabi/lib/thumb/v7-m/nofp/libc.a(libc_a-ssprint_r.o)
 .comment       0x00000026       0x27 /usr/lib/gcc/arm-none-eabi/13.2.1/../../../arm-none-eabi/lib/thumb/v7-m/nofp/libc.a(libc_a-strlen-stub.o)